<html>
<body>
<pre>
<h1>礦ision Build Log</h1>
<h2>Tool Versions:</h2>
IDE-Version: μVision V5.28.0.0
Copyright (C) 2019 ARM Ltd and ARM Germany GmbH. All rights reserved.
License Information: ghuyh fsdf, rtgrg, LIC=NQQMA-1F5JQ-127LE-5HEQB-AMN3U-42944
 
Tool Versions:
Toolchain:       MDK-ARM Plus  Version: 5.28.0.0
Toolchain Path:  C:\Keil_v5\ARM\ARMCC\Bin
C Compiler:      Armcc.exe V5.06 update 6 (build 750)
Assembler:       Armasm.exe V5.06 update 6 (build 750)
Linker/Locator:  ArmLink.exe V5.06 update 6 (build 750)
Library Manager: ArmAr.exe V5.06 update 6 (build 750)
Hex Converter:   FromElf.exe V5.06 update 6 (build 750)
CPU DLL:         SARMCM3.DLL V5.28.0.0
Dialog DLL:      DCM.DLL V1.17.3.0
Target DLL:      STLink\ST-LINKIII-KEIL_SWO.dll V3.0.6.0
Dialog DLL:      TCM.DLL V1.36.2.0
 
<h2>Project:</h2>
C:\Users\xiang\Desktop\git\电赛\数字识别\摄像头OV7725 探索者\摄像头OV7725+探索者\USER\OV7725.uvprojx
Project File Date:  11/12/2021

<h2>Output:</h2>
*** Using Compiler 'V5.06 update 6 (build 750)', folder: 'C:\Keil_v5\ARM\ARMCC\Bin'
Rebuild target 'Target 1'
compiling lcd.c...
compiling stm32f4xx_it.c...
compiling usart2.c...
compiling dcmi.c...
compiling system_stm32f4xx.c...
compiling led.c...
compiling main.c...
compiling key.c...
compiling timer.c...
compiling sram.c...
compiling ov7670.c...
compiling sccb.c...
assembling startup_stm32f40_41xxx.s...
compiling control.c...
..\HARDWARE\CONTROL\control.c(369): warning:  #550-D: variable "flag"  was set but never used
  	u8 i_2 = 0, flag = 0, count_color = 0, distinguish = 0;
..\HARDWARE\CONTROL\control.c(369): warning:  #177-D: variable "count_color"  was declared but never referenced
  	u8 i_2 = 0, flag = 0, count_color = 0, distinguish = 0;
..\HARDWARE\CONTROL\control.c(369): warning:  #177-D: variable "distinguish"  was declared but never referenced
  	u8 i_2 = 0, flag = 0, count_color = 0, distinguish = 0;
..\HARDWARE\CONTROL\control.c(370): warning:  #550-D: variable "count_spot"  was set but never used
  	static u8 j = 0, count_spot = 0;
..\HARDWARE\CONTROL\control.c: 4 warnings, 0 errors
compiling delay.c...
compiling ov7725.c...
compiling stmflash.c...
compiling sys.c...
compiling usart.c...
compiling sdio_sdcard.c...
compiling misc.c...
compiling stm32f4xx_dcmi.c...
compiling stm32f4xx_gpio.c...
compiling stm32f4xx_dma.c...
compiling stm32f4xx_tim.c...
compiling stm32f4xx_rcc.c...
compiling stm32f4xx_usart.c...
compiling stm32f4xx_fsmc.c...
compiling stm32f4xx_exti.c...
compiling stm32f4xx_syscfg.c...
compiling stm32f4xx_sdio.c...
compiling stm32f4xx_flash.c...
compiling color.c...
linking...
Program Size: Code=33458 RO-data=6634 RW-data=412 ZI-data=2604  
FromELF: creating hex file...
"..\OBJ\OV7670.axf" - 0 Error(s), 4 Warning(s).

<h2>Software Packages used:</h2>

Package Vendor: Keil
                http://www.keil.com/pack/Keil.STM32F4xx_DFP.2.10.0.pack
                Keil.STM32F4xx_DFP.2.10.0
                STMicroelectronics STM32F4 Series Device Support, Drivers and Examples

<h2>Collection of Component include folders:</h2>
  .\RTE\_Target_1
  C:\Users\xiang\AppData\Local\Arm\Packs\Keil\STM32F4xx_DFP\2.10.0\Drivers\CMSIS\Device\ST\STM32F4xx\Include

<h2>Collection of Component Files used:</h2>
Build Time Elapsed:  00:00:15
</pre>
</body>
</html>
