Component: ARM Compiler 5.06 update 6 (build 750) Tool: armlink [4d35ed]

==============================================================================

Section Cross References

    main.o(i.main) refers to misc.o(i.NVIC_PriorityGroupConfig) for NVIC_PriorityGroupConfig
    main.o(i.main) refers to delay.o(i.delay_init) for delay_init
    main.o(i.main) refers to usart2.o(i.usart2_init) for usart2_init
    main.o(i.main) refers to led.o(i.LED_Init) for LED_Init
    main.o(i.main) refers to lcd.o(i.LCD_Init) for LCD_Init
    main.o(i.main) refers to sram.o(i.FSMC_SRAM_Init) for FSMC_SRAM_Init
    main.o(i.main) refers to lcd.o(i.LCD_ShowString) for LCD_ShowString
    main.o(i.main) refers to delay.o(i.delay_ms) for delay_ms
    main.o(i.main) refers to lcd.o(i.LCD_Fill) for LCD_Fill
    main.o(i.main) refers to ov7725.o(i.OV7725_Init) for OV7725_Init
    main.o(i.main) refers to ov7670.o(i.EXTI8_Init) for EXTI8_Init
    main.o(i.main) refers to ov7725.o(i.OV7725_Window_Set) for OV7725_Window_Set
    main.o(i.main) refers to lcd.o(i.LCD_Clear) for LCD_Clear
    main.o(i.main) refers to control.o(i.OV7725_camera_refresh_color_track) for OV7725_camera_refresh_color_track
    main.o(i.main) refers to control.o(i.Feature_Recognize_Start_Phoenix) for Feature_Recognize_Start_Phoenix
    main.o(i.main) refers to lcd.o(.data) for POINT_COLOR
    stm32f4xx_it.o(i.EXTI9_5_IRQHandler) refers to stm32f4xx_exti.o(i.EXTI_GetITStatus) for EXTI_GetITStatus
    stm32f4xx_it.o(i.EXTI9_5_IRQHandler) refers to stm32f4xx_exti.o(i.EXTI_ClearITPendingBit) for EXTI_ClearITPendingBit
    stm32f4xx_it.o(i.EXTI9_5_IRQHandler) refers to stm32f4xx_it.o(.data) for ov_sta
    system_stm32f4xx.o(i.SystemCoreClockUpdate) refers to system_stm32f4xx.o(.data) for SystemCoreClock
    system_stm32f4xx.o(i.SystemInit) refers to system_stm32f4xx.o(i.SetSysClock) for SetSysClock
    led.o(i.LED_Init) refers to stm32f4xx_rcc.o(i.RCC_AHB1PeriphClockCmd) for RCC_AHB1PeriphClockCmd
    led.o(i.LED_Init) refers to stm32f4xx_gpio.o(i.GPIO_Init) for GPIO_Init
    led.o(i.LED_Init) refers to stm32f4xx_gpio.o(i.GPIO_SetBits) for GPIO_SetBits
    lcd.o(i.LCD_Clear) refers to lcd.o(i.LCD_SetCursor) for LCD_SetCursor
    lcd.o(i.LCD_Clear) refers to lcd.o(i.LCD_WriteRAM_Prepare) for LCD_WriteRAM_Prepare
    lcd.o(i.LCD_Clear) refers to lcd.o(.bss) for lcddev
    lcd.o(i.LCD_Color_Fill) refers to lcd.o(i.LCD_SetCursor) for LCD_SetCursor
    lcd.o(i.LCD_Color_Fill) refers to lcd.o(i.LCD_WriteRAM_Prepare) for LCD_WriteRAM_Prepare
    lcd.o(i.LCD_DisplayOff) refers to lcd.o(i.LCD_WR_REG) for LCD_WR_REG
    lcd.o(i.LCD_DisplayOff) refers to lcd.o(i.LCD_WriteReg) for LCD_WriteReg
    lcd.o(i.LCD_DisplayOff) refers to lcd.o(.bss) for lcddev
    lcd.o(i.LCD_DisplayOn) refers to lcd.o(i.LCD_WR_REG) for LCD_WR_REG
    lcd.o(i.LCD_DisplayOn) refers to lcd.o(i.LCD_WriteReg) for LCD_WriteReg
    lcd.o(i.LCD_DisplayOn) refers to lcd.o(.bss) for lcddev
    lcd.o(i.LCD_Display_Dir) refers to lcd.o(i.LCD_Scan_Dir) for LCD_Scan_Dir
    lcd.o(i.LCD_Display_Dir) refers to lcd.o(.bss) for lcddev
    lcd.o(i.LCD_DrawLine) refers to lcd.o(i.LCD_DrawPoint) for LCD_DrawPoint
    lcd.o(i.LCD_DrawPoint) refers to lcd.o(i.LCD_SetCursor) for LCD_SetCursor
    lcd.o(i.LCD_DrawPoint) refers to lcd.o(i.LCD_WriteRAM_Prepare) for LCD_WriteRAM_Prepare
    lcd.o(i.LCD_DrawPoint) refers to lcd.o(.data) for POINT_COLOR
    lcd.o(i.LCD_DrawRectangle) refers to lcd.o(i.LCD_DrawLine) for LCD_DrawLine
    lcd.o(i.LCD_Draw_Circle) refers to lcd.o(i.LCD_DrawPoint) for LCD_DrawPoint
    lcd.o(i.LCD_Fast_DrawPoint) refers to lcd.o(i.LCD_WR_REG) for LCD_WR_REG
    lcd.o(i.LCD_Fast_DrawPoint) refers to lcd.o(i.LCD_WR_DATA) for LCD_WR_DATA
    lcd.o(i.LCD_Fast_DrawPoint) refers to lcd.o(i.LCD_WriteReg) for LCD_WriteReg
    lcd.o(i.LCD_Fast_DrawPoint) refers to lcd.o(.bss) for lcddev
    lcd.o(i.LCD_Fill) refers to lcd.o(i.LCD_SetCursor) for LCD_SetCursor
    lcd.o(i.LCD_Fill) refers to lcd.o(i.LCD_WriteRAM_Prepare) for LCD_WriteRAM_Prepare
    lcd.o(i.LCD_Fill) refers to lcd.o(.bss) for lcddev
    lcd.o(i.LCD_Fillred) refers to lcd.o(i.LCD_Fill) for LCD_Fill
    lcd.o(i.LCD_Fillred) refers to lcd.o(i.LCD_SetCursor) for LCD_SetCursor
    lcd.o(i.LCD_Fillred) refers to lcd.o(i.LCD_WriteRAM_Prepare) for LCD_WriteRAM_Prepare
    lcd.o(i.LCD_Fillred) refers to lcd.o(.bss) for lcddev
    lcd.o(i.LCD_Init) refers to stm32f4xx_rcc.o(i.RCC_AHB1PeriphClockCmd) for RCC_AHB1PeriphClockCmd
    lcd.o(i.LCD_Init) refers to stm32f4xx_rcc.o(i.RCC_AHB3PeriphClockCmd) for RCC_AHB3PeriphClockCmd
    lcd.o(i.LCD_Init) refers to stm32f4xx_gpio.o(i.GPIO_Init) for GPIO_Init
    lcd.o(i.LCD_Init) refers to stm32f4xx_gpio.o(i.GPIO_PinAFConfig) for GPIO_PinAFConfig
    lcd.o(i.LCD_Init) refers to stm32f4xx_fsmc.o(i.FSMC_NORSRAMInit) for FSMC_NORSRAMInit
    lcd.o(i.LCD_Init) refers to stm32f4xx_fsmc.o(i.FSMC_NORSRAMCmd) for FSMC_NORSRAMCmd
    lcd.o(i.LCD_Init) refers to delay.o(i.delay_ms) for delay_ms
[...]
    ../clib/heapalloc.c                      0x00000000   Number         0  hrguard.o ABSOLUTE
    ../clib/heapaux.c                        0x00000000   Number         0  heapauxi.o ABSOLUTE
    ../clib/libinit.s                        0x00000000   Number         0  libinit2.o ABSOLUTE
    ../clib/libinit.s                        0x00000000   Number         0  libshutdown.o ABSOLUTE
    ../clib/libinit.s                        0x00000000   Number         0  libshutdown2.o ABSOLUTE
    ../clib/libinit.s                        0x00000000   Number         0  libinit.o ABSOLUTE
    ../clib/memcpset.s                       0x00000000   Number         0  rt_memcpy_v6.o ABSOLUTE
    ../clib/memcpset.s                       0x00000000   Number         0  rt_memcpy_w.o ABSOLUTE
    ../clib/signal.c                         0x00000000   Number         0  defsig_segv_inner.o ABSOLUTE
    ../clib/signal.c                         0x00000000   Number         0  defsig_cppl_inner.o ABSOLUTE
    ../clib/signal.c                         0x00000000   Number         0  defsig_rtmem_formal.o ABSOLUTE
    ../clib/signal.c                         0x00000000   Number         0  defsig_rtmem_outer.o ABSOLUTE
    ../clib/signal.c                         0x00000000   Number         0  defsig_pvfn_inner.o ABSOLUTE
    ../clib/signal.c                         0x00000000   Number         0  defsig_stak_inner.o ABSOLUTE
    ../clib/signal.c                         0x00000000   Number         0  defsig_rtred_inner.o ABSOLUTE
    ../clib/signal.c                         0x00000000   Number         0  defsig_fpe_inner.o ABSOLUTE
    ../clib/signal.c                         0x00000000   Number         0  defsig_abrt_inner.o ABSOLUTE
    ../clib/signal.c                         0x00000000   Number         0  defsig_general.o ABSOLUTE
    ../clib/signal.c                         0x00000000   Number         0  __raise.o ABSOLUTE
    ../clib/signal.c                         0x00000000   Number         0  defsig_rtmem_inner.o ABSOLUTE
    ../clib/signal.c                         0x00000000   Number         0  defsig_exit.o ABSOLUTE
    ../clib/signal.c                         0x00000000   Number         0  defsig_other.o ABSOLUTE
    ../clib/signal.s                         0x00000000   Number         0  defsig.o ABSOLUTE
    ../clib/stdlib.c                         0x00000000   Number         0  exit.o ABSOLUTE
    ../fplib/dfixu.s                         0x00000000   Number         0  dfixu.o ABSOLUTE
    ../fplib/dflt.s                          0x00000000   Number         0  dflt_clz.o ABSOLUTE
    ../fplib/dmul.s                          0x00000000   Number         0  dmul.o ABSOLUTE
    ../fplib/dnaninf.s                       0x00000000   Number         0  dnaninf.o ABSOLUTE
    ../fplib/dretinf.s                       0x00000000   Number         0  dretinf.o ABSOLUTE
    ../fplib/fpinit.s                        0x00000000   Number         0  fpinit.o ABSOLUTE
    ../fplib/usenofp.s                       0x00000000   Number         0  usenofp.o ABSOLUTE
    ..\COLOR\color.c                         0x00000000   Number         0  color.o ABSOLUTE
    ..\CORE\startup_stm32f40_41xxx.s         0x00000000   Number         0  startup_stm32f40_41xxx.o ABSOLUTE
    ..\FWLIB\src\misc.c                      0x00000000   Number         0  misc.o ABSOLUTE
    ..\FWLIB\src\stm32f4xx_dcmi.c            0x00000000   Number         0  stm32f4xx_dcmi.o ABSOLUTE
    ..\FWLIB\src\stm32f4xx_dma.c             0x00000000   Number         0  stm32f4xx_dma.o ABSOLUTE
    ..\FWLIB\src\stm32f4xx_exti.c            0x00000000   Number         0  stm32f4xx_exti.o ABSOLUTE
    ..\FWLIB\src\stm32f4xx_flash.c           0x00000000   Number         0  stm32f4xx_flash.o ABSOLUTE
    ..\FWLIB\src\stm32f4xx_fsmc.c            0x00000000   Number         0  stm32f4xx_fsmc.o ABSOLUTE
    ..\FWLIB\src\stm32f4xx_gpio.c            0x00000000   Number         0  stm32f4xx_gpio.o ABSOLUTE
    ..\FWLIB\src\stm32f4xx_rcc.c             0x00000000   Number         0  stm32f4xx_rcc.o ABSOLUTE
    ..\FWLIB\src\stm32f4xx_sdio.c            0x00000000   Number         0  stm32f4xx_sdio.o ABSOLUTE
    ..\FWLIB\src\stm32f4xx_syscfg.c          0x00000000   Number         0  stm32f4xx_syscfg.o ABSOLUTE
    ..\FWLIB\src\stm32f4xx_tim.c             0x00000000   Number         0  stm32f4xx_tim.o ABSOLUTE
    ..\FWLIB\src\stm32f4xx_usart.c           0x00000000   Number         0  stm32f4xx_usart.o ABSOLUTE
    ..\HARDWARE\CONTROL\control.c            0x00000000   Number         0  control.o ABSOLUTE
    ..\HARDWARE\DCMI\dcmi.c                  0x00000000   Number         0  dcmi.o ABSOLUTE
    ..\HARDWARE\KEY\key.c                    0x00000000   Number         0  key.o ABSOLUTE
    ..\HARDWARE\LCD\lcd.c                    0x00000000   Number         0  lcd.o ABSOLUTE
    ..\HARDWARE\LED\led.c                    0x00000000   Number         0  led.o ABSOLUTE
    ..\HARDWARE\OV7670\ov7670.c              0x00000000   Number         0  ov7670.o ABSOLUTE
    ..\HARDWARE\OV7670\sccb.c                0x00000000   Number         0  sccb.o ABSOLUTE
    ..\HARDWARE\OV7725\OV7725\ov7725.c       0x00000000   Number         0  ov7725.o ABSOLUTE
    ..\HARDWARE\SDIO\sdio_sdcard.c           0x00000000   Number         0  sdio_sdcard.o ABSOLUTE
    ..\HARDWARE\SRAM\sram.c                  0x00000000   Number         0  sram.o ABSOLUTE
    ..\HARDWARE\STMFLASH\stmflash.c          0x00000000   Number         0  stmflash.o ABSOLUTE
    ..\HARDWARE\TIMER\timer.c                0x00000000   Number         0  timer.o ABSOLUTE
    ..\HARDWARE\USART2\usart2.c              0x00000000   Number         0  usart2.o ABSOLUTE
    ..\SYSTEM\delay\delay.c                  0x00000000   Number         0  delay.o ABSOLUTE
    ..\SYSTEM\sys\sys.c                      0x00000000   Number         0  sys.o ABSOLUTE
    ..\SYSTEM\usart\usart.c                  0x00000000   Number         0  usart.o ABSOLUTE
    ..\\COLOR\\color.c                       0x00000000   Number         0  color.o ABSOLUTE
    ..\\FWLIB\\src\\misc.c                   0x00000000   Number         0  misc.o ABSOLUTE
    ..\\FWLIB\\src\\stm32f4xx_dcmi.c         0x00000000   Number         0  stm32f4xx_dcmi.o ABSOLUTE
    ..\\FWLIB\\src\\stm32f4xx_dma.c          0x00000000   Number         0  stm32f4xx_dma.o ABSOLUTE
    ..\\FWLIB\\src\\stm32f4xx_exti.c         0x00000000   Number         0  stm32f4xx_exti.o ABSOLUTE
    ..\\FWLIB\\src\\stm32f4xx_flash.c        0x00000000   Number         0  stm32f4xx_flash.o ABSOLUTE
    ..\\FWLIB\\src\\stm32f4xx_fsmc.c         0x00000000   Number         0  stm32f4xx_fsmc.o ABSOLUTE
    ..\\FWLIB\\src\\stm32f4xx_gpio.c         0x00000000   Number         0  stm32f4xx_gpio.o ABSOLUTE
    ..\\FWLIB\\src\\stm32f4xx_rcc.c          0x00000000   Number         0  stm32f4xx_rcc.o ABSOLUTE
    ..\\FWLIB\\src\\stm32f4xx_sdio.c         0x00000000   Number         0  stm32f4xx_sdio.o ABSOLUTE
    ..\\FWLIB\\src\\stm32f4xx_syscfg.c       0x00000000   Number         0  stm32f4xx_syscfg.o ABSOLUTE
    ..\\FWLIB\\src\\stm32f4xx_tim.c          0x00000000   Number         0  stm32f4xx_tim.o ABSOLUTE
    ..\\FWLIB\\src\\stm32f4xx_usart.c        0x00000000   Number         0  stm32f4xx_usart.o ABSOLUTE
    ..\\HARDWARE\\CONTROL\\control.c         0x00000000   Number         0  control.o ABSOLUTE
    ..\\HARDWARE\\DCMI\\dcmi.c               0x00000000   Number         0  dcmi.o ABSOLUTE
    ..\\HARDWARE\\KEY\\key.c                 0x00000000   Number         0  key.o ABSOLUTE
    ..\\HARDWARE\\LCD\\lcd.c                 0x00000000   Number         0  lcd.o ABSOLUTE
    ..\\HARDWARE\\LED\\led.c                 0x00000000   Number         0  led.o ABSOLUTE
    ..\\HARDWARE\\OV7670\\ov7670.c           0x00000000   Number         0  ov7670.o ABSOLUTE
    ..\\HARDWARE\\OV7670\\sccb.c             0x00000000   Number         0  sccb.o ABSOLUTE
    ..\\HARDWARE\\OV7725\\OV7725\\ov7725.c   0x00000000   Number         0  ov7725.o ABSOLUTE
    ..\\HARDWARE\\SDIO\\sdio_sdcard.c        0x00000000   Number         0  sdio_sdcard.o ABSOLUTE
    ..\\HARDWARE\\SRAM\\sram.c               0x00000000   Number         0  sram.o ABSOLUTE
    ..\\HARDWARE\\STMFLASH\\stmflash.c       0x00000000   Number         0  stmflash.o ABSOLUTE
    ..\\HARDWARE\\TIMER\\timer.c             0x00000000   Number         0  timer.o ABSOLUTE
    ..\\HARDWARE\\USART2\\usart2.c           0x00000000   Number         0  usart2.o ABSOLUTE
    ..\\SYSTEM\\delay\\delay.c               0x00000000   Number         0  delay.o ABSOLUTE
    ..\\SYSTEM\\sys\\sys.c                   0x00000000   Number         0  sys.o ABSOLUTE
    ..\\SYSTEM\\usart\\usart.c               0x00000000   Number         0  usart.o ABSOLUTE
    dc.s                                     0x00000000   Number         0  dc.o ABSOLUTE
    main.c                                   0x00000000   Number         0  main.o ABSOLUTE
    main.c                                   0x00000000   Number         0  main.o ABSOLUTE
    stm32f4xx_it.c                           0x00000000   Number         0  stm32f4xx_it.o ABSOLUTE
    stm32f4xx_it.c                           0x00000000   Number         0  stm32f4xx_it.o ABSOLUTE
    system_stm32f4xx.c                       0x00000000   Number         0  system_stm32f4xx.o ABSOLUTE
    system_stm32f4xx.c                       0x00000000   Number         0  system_stm32f4xx.o ABSOLUTE
    RESET                                    0x08000000   Section      392  startup_stm32f40_41xxx.o(RESET)
    !!!main                                  0x08000188   Section        8  __main.o(!!!main)
    !!!scatter                               0x08000190   Section       52  __scatter.o(!!!scatter)
    !!dczerorl2                              0x080001c4   Section       90  __dczerorl2.o(!!dczerorl2)
    !!handler_zi                             0x08000220   Section       28  __scatter_zi.o(!!handler_zi)
    .ARM.Collect$$libinit$$00000000          0x0800023c   Section        2  libinit.o(.ARM.Collect$$libinit$$00000000)
    .ARM.Collect$$libinit$$00000001          0x0800023e   Section        4  libinit2.o(.ARM.Collect$$libinit$$00000001)
    .ARM.Collect$$libinit$$00000004          0x08000242   Section        0  libinit2.o(.ARM.Collect$$libinit$$00000004)
    .ARM.Collect$$libinit$$0000000A          0x08000242   Section        0  libinit2.o(.ARM.Collect$$libinit$$0000000A)
    .ARM.Collect$$libinit$$0000000C          0x08000242   Section        0  libinit2.o(.ARM.Collect$$libinit$$0000000C)
    .ARM.Collect$$libinit$$0000000E          0x08000242   Section        0  libinit2.o(.ARM.Collect$$libinit$$0000000E)
    .ARM.Collect$$libinit$$00000011          0x08000242   Section        0  libinit2.o(.ARM.Collect$$libinit$$00000011)
    .ARM.Collect$$libinit$$00000013          0x08000242   Section        0  libinit2.o(.ARM.Collect$$libinit$$00000013)
    .ARM.Collect$$libinit$$00000015          0x08000242   Section        0  libinit2.o(.ARM.Collect$$libinit$$00000015)
    .ARM.Collect$$libinit$$00000017          0x08000242   Section        0  libinit2.o(.ARM.Collect$$libinit$$00000017)
    .ARM.Collect$$libinit$$00000019          0x08000242   Section        0  libinit2.o(.ARM.Collect$$libinit$$00000019)
    .ARM.Collect$$libinit$$0000001B          0x08000242   Section        0  libinit2.o(.ARM.Collect$$libinit$$0000001B)
    .ARM.Collect$$libinit$$0000001D          0x08000242   Section        0  libinit2.o(.ARM.Collect$$libinit$$0000001D)
    .ARM.Collect$$libinit$$0000001F          0x08000242   Section        0  libinit2.o(.ARM.Collect$$libinit$$0000001F)
    .ARM.Collect$$libinit$$00000021          0x08000242   Section        0  libinit2.o(.ARM.Collect$$libinit$$00000021)
    .ARM.Collect$$libinit$$00000023          0x08000242   Section        0  libinit2.o(.ARM.Collect$$libinit$$00000023)
    .ARM.Collect$$libinit$$00000025          0x08000242   Section        0  libinit2.o(.ARM.Collect$$libinit$$00000025)
    .ARM.Collect$$libinit$$0000002C          0x08000242   Section        0  libinit2.o(.ARM.Collect$$libinit$$0000002C)
    .ARM.Collect$$libinit$$0000002E          0x08000242   Section        0  libinit2.o(.ARM.Collect$$libinit$$0000002E)
    .ARM.Collect$$libinit$$00000030          0x08000242   Section        0  libinit2.o(.ARM.Collect$$libinit$$00000030)
    .ARM.Collect$$libinit$$00000032          0x08000242   Section        0  libinit2.o(.ARM.Collect$$libinit$$00000032)
    .ARM.Collect$$libinit$$00000033          0x08000242   Section        2  libinit2.o(.ARM.Collect$$libinit$$00000033)
    .ARM.Collect$$libshutdown$$00000000      0x08000244   Section        2  libshutdown.o(.ARM.Collect$$libshutdown$$00000000)
    .ARM.Collect$$libshutdown$$00000002      0x08000246   Section        0  libshutdown2.o(.ARM.Collect$$libshutdown$$00000002)
    .ARM.Collect$$libshutdown$$00000004      0x08000246   Section        0  libshutdown2.o(.ARM.Collect$$libshutdown$$00000004)
    .ARM.Collect$$libshutdown$$00000007      0x08000246   Section        0  libshutdown2.o(.ARM.Collect$$libshutdown$$00000007)
    .ARM.Collect$$libshutdown$$0000000A      0x08000246   Section        0  libshutdown2.o(.ARM.Collect$$libshutdown$$0000000A)
    .ARM.Collect$$libshutdown$$0000000C      0x08000246   Section        0  libshutdown2.o(.ARM.Collect$$libshutdown$$0000000C)
    .ARM.Collect$$libshutdown$$0000000F      0x08000246   Section        0  libshutdown2.o(.ARM.Collect$$libshutdown$$0000000F)
    .ARM.Collect$$libshutdown$$00000010      0x08000246   Section        2  libshutdown2.o(.ARM.Collect$$libshutdown$$00000010)
    .ARM.Collect$$rtentry$$00000000          0x08000248   Section        0  __rtentry.o(.ARM.Collect$$rtentry$$00000000)
    .ARM.Collect$$rtentry$$00000002          0x08000248   Section        0  __rtentry2.o(.ARM.Collect$$rtentry$$00000002)
    .ARM.Collect$$rtentry$$00000004          0x08000248   Section        6  __rtentry4.o(.ARM.Collect$$rtentry$$00000004)
    .ARM.Collect$$rtentry$$00000009          0x0800024e   Section        0  __rtentry2.o(.ARM.Collect$$rtentry$$00000009)
    .ARM.Collect$$rtentry$$0000000A          0x0800024e   Section        4  __rtentry2.o(.ARM.Collect$$rtentry$$0000000A)
    .ARM.Collect$$rtentry$$0000000C          0x08000252   Section        0  __rtentry2.o(.ARM.Collect$$rtentry$$0000000C)
    .ARM.Collect$$rtentry$$0000000D          0x08000252   Section        8  __rtentry2.o(.ARM.Collect$$rtentry$$0000000D)
    .ARM.Collect$$rtexit$$00000000           0x0800025a   Section        2  rtexit.o(.ARM.Collect$$rtexit$$00000000)
    .ARM.Collect$$rtexit$$00000002           0x0800025c   Section        0  rtexit2.o(.ARM.Collect$$rtexit$$00000002)
    .ARM.Collect$$rtexit$$00000003           0x0800025c   Section        4  rtexit2.o(.ARM.Collect$$rtexit$$00000003)
    .ARM.Collect$$rtexit$$00000004           0x08000260   Section        6  rtexit2.o(.ARM.Collect$$rtexit$$00000004)
    .text                                    0x08000268   Section       64  startup_stm32f40_41xxx.o(.text)
    $v0                                      0x08000268   Number         0  startup_stm32f40_41xxx.o(.text)
    .text                                    0x080002a8   Section        2  use_no_semi_2.o(.text)
    .text                                    0x080002aa   Section        0  heapauxi.o(.text)
    .text                                    0x080002b0   Section        2  use_no_semi.o(.text)
    .text                                    0x080002b2   Section       74  sys_stackheap_outer.o(.text)
    .text                                    0x080002fc   Section        0  exit.o(.text)
    .text                                    0x08000310   Section        8  libspace.o(.text)
    i.BusFault_Handler                       0x08000318   Section        0  stm32f4xx_it.o(i.BusFault_Handler)
    i.CmdResp1Error                          0x0800031c   Section        0  sdio_sdcard.o(i.CmdResp1Error)
    i.ColorMatch                             0x08000380   Section        0  color.o(i.ColorMatch)
    i.Corrode                                0x080003c4   Section        0  color.o(i.Corrode)
    i.DebugMon_Handler                       0x08001456   Section        0  stm32f4xx_it.o(i.DebugMon_Handler)
    i.Digital_recognition                    0x08001458   Section        0  color.o(i.Digital_recognition)
    i.EXTI8_Init                             0x08001af4   Section        0  ov7670.o(i.EXTI8_Init)
    i.EXTI9_5_IRQHandler                     0x08001b44   Section        0  stm32f4xx_it.o(i.EXTI9_5_IRQHandler)
    i.EXTI_ClearITPendingBit                 0x08001b8c   Section        0  stm32f4xx_exti.o(i.EXTI_ClearITPendingBit)
    i.EXTI_GetITStatus                       0x08001b98   Section        0  stm32f4xx_exti.o(i.EXTI_GetITStatus)
    i.EXTI_Init                              0x08001bb0   Section        0  stm32f4xx_exti.o(i.EXTI_Init)
    i.FSMC_NORSRAMCmd                        0x08001c44   Section        0  stm32f4xx_fsmc.o(i.FSMC_NORSRAMCmd)
    i.FSMC_NORSRAMInit                       0x08001c78   Section        0  stm32f4xx_fsmc.o(i.FSMC_NORSRAMInit)
    i.FSMC_SRAM_Init                         0x08001d60   Section        0  sram.o(i.FSMC_SRAM_Init)
    i.Feature_Recognize_Start_Phoenix        0x0800202c   Section        0  control.o(i.Feature_Recognize_Start_Phoenix)
    i.GPIO_Init                              0x080021a0   Section        0  stm32f4xx_gpio.o(i.GPIO_Init)
    i.GPIO_PinAFConfig                       0x08002230   Section        0  stm32f4xx_gpio.o(i.GPIO_PinAFConfig)
    i.GPIO_SetBits                           0x08002276   Section        0  stm32f4xx_gpio.o(i.GPIO_SetBits)
    i.HardFault_Handler                      0x0800227a   Section        0  stm32f4xx_it.o(i.HardFault_Handler)
    i.LCD_BGR2RGB                            0x0800227e   Section        0  lcd.o(i.LCD_BGR2RGB)
    i.LCD_Clear                              0x08002298   Section        0  lcd.o(i.LCD_Clear)
    i.LCD_Display_Dir                        0x08002304   Section        0  lcd.o(i.LCD_Display_Dir)
    i.LCD_DrawLine                           0x080024c4   Section        0  lcd.o(i.LCD_DrawLine)
    i.LCD_DrawPoint                          0x08002574   Section        0  lcd.o(i.LCD_DrawPoint)
    i.LCD_DrawRectangle                      0x08002598   Section        0  lcd.o(i.LCD_DrawRectangle)
    i.LCD_Fast_DrawPoint                     0x080025d4   Section        0  lcd.o(i.LCD_Fast_DrawPoint)
    i.LCD_Fill                               0x08002754   Section        0  lcd.o(i.LCD_Fill)
    i.LCD_Init                               0x0800280c   Section        0  lcd.o(i.LCD_Init)
    i.LCD_RD_DATA                            0x08006160   Section        0  lcd.o(i.LCD_RD_DATA)
    i.LCD_ReadPoint                          0x08006174   Section        0  lcd.o(i.LCD_ReadPoint)
    i.LCD_ReadReg                            0x080062e0   Section        0  lcd.o(i.LCD_ReadReg)
    i.LCD_SSD_BackLightSet                   0x080062f8   Section        0  lcd.o(i.LCD_SSD_BackLightSet)
    i.LCD_Scan_Dir                           0x08006358   Section        0  lcd.o(i.LCD_Scan_Dir)
    i.LCD_SetCursor                          0x08006644   Section        0  lcd.o(i.LCD_SetCursor)
    i.LCD_Set_Window                         0x080067ec   Section        0  lcd.o(i.LCD_Set_Window)
    i.LCD_ShowChar                           0x08006a00   Section        0  lcd.o(i.LCD_ShowChar)
    i.LCD_ShowString                         0x08006b28   Section        0  lcd.o(i.LCD_ShowString)
    i.LCD_WR_DATA                            0x08006b90   Section        0  lcd.o(i.LCD_WR_DATA)
    i.LCD_WR_REG                             0x08006ba8   Section        0  lcd.o(i.LCD_WR_REG)
    i.LCD_WriteRAM_Prepare                   0x08006bc0   Section        0  lcd.o(i.LCD_WriteRAM_Prepare)
    i.LCD_WriteReg                           0x08006bd4   Section        0  lcd.o(i.LCD_WriteReg)
    i.LED_Init                               0x08006be8   Section        0  led.o(i.LED_Init)
    i.MemManage_Handler                      0x08006c28   Section        0  stm32f4xx_it.o(i.MemManage_Handler)
    i.NMI_Handler                            0x08006c2c   Section        0  stm32f4xx_it.o(i.NMI_Handler)
    i.NVIC_Init                              0x08006c30   Section        0  misc.o(i.NVIC_Init)
    i.NVIC_PriorityGroupConfig               0x08006ca8   Section        0  misc.o(i.NVIC_PriorityGroupConfig)
    i.OV7725_Init                            0x08006cbc   Section        0  ov7725.o(i.OV7725_Init)
    i.OV7725_Window_Set                      0x08006dd0   Section        0  ov7725.o(i.OV7725_Window_Set)
    i.OV7725_camera_refresh_color_track      0x08006f3c   Section        0  control.o(i.OV7725_camera_refresh_color_track)
    i.PendSV_Handler                         0x080070e0   Section        0  stm32f4xx_it.o(i.PendSV_Handler)
    i.RCC_AHB1PeriphClockCmd                 0x080070e4   Section        0  stm32f4xx_rcc.o(i.RCC_AHB1PeriphClockCmd)
    i.RCC_AHB3PeriphClockCmd                 0x08007104   Section        0  stm32f4xx_rcc.o(i.RCC_AHB3PeriphClockCmd)
    i.RCC_APB1PeriphClockCmd                 0x08007124   Section        0  stm32f4xx_rcc.o(i.RCC_APB1PeriphClockCmd)
    i.RCC_APB2PeriphClockCmd                 0x08007144   Section        0  stm32f4xx_rcc.o(i.RCC_APB2PeriphClockCmd)
    i.RCC_GetClocksFreq                      0x08007164   Section        0  stm32f4xx_rcc.o(i.RCC_GetClocksFreq)
    i.RGB2HSL                                0x0800724c   Section        0  color.o(i.RGB2HSL)
    i.ReadColor                              0x08007370   Section        0  color.o(i.ReadColor)
    i.SCCB_Init                              0x080073b0   Section        0  sccb.o(i.SCCB_Init)
    i.SCCB_No_Ack                            0x08007404   Section        0  sccb.o(i.SCCB_No_Ack)
    i.SCCB_RD_Byte                           0x08007444   Section        0  sccb.o(i.SCCB_RD_Byte)
    i.SCCB_RD_Reg                            0x080074b4   Section        0  sccb.o(i.SCCB_RD_Reg)
    i.SCCB_Start                             0x08007504   Section        0  sccb.o(i.SCCB_Start)
    i.SCCB_Stop                              0x08007538   Section        0  sccb.o(i.SCCB_Stop)
    i.SCCB_WR_Byte                           0x0800756c   Section        0  sccb.o(i.SCCB_WR_Byte)
    i.SCCB_WR_Reg                            0x08007614   Section        0  sccb.o(i.SCCB_WR_Reg)
    i.SDIO_ClearFlag                         0x08007654   Section        0  stm32f4xx_sdio.o(i.SDIO_ClearFlag)
    i.SDIO_GetFlagStatus                     0x08007660   Section        0  stm32f4xx_sdio.o(i.SDIO_GetFlagStatus)
    i.SDIO_IRQHandler                        0x08007678   Section        0  sdio_sdcard.o(i.SDIO_IRQHandler)
    i.SDIO_SendCommand                       0x08007680   Section        0  stm32f4xx_sdio.o(i.SDIO_SendCommand)
    i.SD_ProcessIRQSrc                       0x080076ac   Section        0  sdio_sdcard.o(i.SD_ProcessIRQSrc)
    i.SVC_Handler                            0x08007800   Section        0  stm32f4xx_it.o(i.SVC_Handler)
    i.SYSCFG_EXTILineConfig                  0x08007804   Section        0  stm32f4xx_syscfg.o(i.SYSCFG_EXTILineConfig)
    i.SearchCenter                           0x08007844   Section        0  color.o(i.SearchCenter)
    i.SetSysClock                            0x08007a08   Section        0  system_stm32f4xx.o(i.SetSysClock)
    SetSysClock                              0x08007a09   Thumb Code   220  system_stm32f4xx.o(i.SetSysClock)
    i.SysTick_CLKSourceConfig                0x08007af4   Section        0  misc.o(i.SysTick_CLKSourceConfig)
    i.SysTick_Handler                        0x08007b1c   Section        0  stm32f4xx_it.o(i.SysTick_Handler)
    i.SystemInit                             0x08007b20   Section        0  system_stm32f4xx.o(i.SystemInit)
    i.TIM3_IRQHandler                        0x08007b88   Section        0  timer.o(i.TIM3_IRQHandler)
    i.TIM_ClearITPendingBit                  0x08007ba0   Section        0  stm32f4xx_tim.o(i.TIM_ClearITPendingBit)
    i.TIM_GetITStatus                        0x08007ba6   Section        0  stm32f4xx_tim.o(i.TIM_GetITStatus)
    i.Trace                                  0x08007bc8   Section        0  color.o(i.Trace)
    i.USART1_IRQHandler                      0x08007c78   Section        0  usart.o(i.USART1_IRQHandler)
    i.USART2_IRQHandler                      0x08007d00   Section        0  usart2.o(i.USART2_IRQHandler)
    i.USART_Cmd                              0x08007d3c   Section        0  stm32f4xx_usart.o(i.USART_Cmd)
    i.USART_GetITStatus                      0x08007d54   Section        0  stm32f4xx_usart.o(i.USART_GetITStatus)
    i.USART_ITConfig                         0x08007da8   Section        0  stm32f4xx_usart.o(i.USART_ITConfig)
    i.USART_Init                             0x08007df4   Section        0  stm32f4xx_usart.o(i.USART_Init)
    i.USART_ReceiveData                      0x08007ec8   Section        0  stm32f4xx_usart.o(i.USART_ReceiveData)
    i.USART_SendData                         0x08007ed2   Section        0  stm32f4xx_usart.o(i.USART_SendData)
    i.UsageFault_Handler                     0x08007eda   Section        0  stm32f4xx_it.o(i.UsageFault_Handler)
    i._sys_exit                              0x08007ede   Section        0  usart2.o(i._sys_exit)
    i.delay_init                             0x08007ee4   Section        0  delay.o(i.delay_init)
    i.delay_ms                               0x08007f20   Section        0  delay.o(i.delay_ms)
    i.delay_us                               0x08007f58   Section        0  delay.o(i.delay_us)
    i.delay_xms                              0x08007fa4   Section        0  delay.o(i.delay_xms)
    i.draw_cross                             0x08007ff0   Section        0  color.o(i.draw_cross)
    i.main                                   0x08008018   Section        0  main.o(i.main)
    i.opt_delay                              0x080080f8   Section        0  lcd.o(i.opt_delay)
    i.usart2_init                            0x08008108   Section        0  usart2.o(i.usart2_init)
    x$fpl$dfixu                              0x080081b4   Section       90  dfixu.o(x$fpl$dfixu)
    $v0                                      0x080081b4   Number         0  dfixu.o(x$fpl$dfixu)
    x$fpl$dfltu                              0x0800820e   Section       38  dflt_clz.o(x$fpl$dfltu)
    $v0                                      0x0800820e   Number         0  dflt_clz.o(x$fpl$dfltu)
    x$fpl$dmul                               0x08008234   Section      340  dmul.o(x$fpl$dmul)
    $v0                                      0x08008234   Number         0  dmul.o(x$fpl$dmul)
    x$fpl$dnaninf                            0x08008388   Section      156  dnaninf.o(x$fpl$dnaninf)
    $v0                                      0x08008388   Number         0  dnaninf.o(x$fpl$dnaninf)
    x$fpl$dretinf                            0x08008424   Section       12  dretinf.o(x$fpl$dretinf)
    $v0                                      0x08008424   Number         0  dretinf.o(x$fpl$dretinf)
    x$fpl$fpinit                             0x08008430   Section       10  fpinit.o(x$fpl$fpinit)
    $v0                                      0x08008430   Number         0  fpinit.o(x$fpl$fpinit)
    .constdata                               0x0800843a   Section     6080  lcd.o(.constdata)
    x$fpl$usenofp                            0x0800843a   Section        0  usenofp.o(x$fpl$usenofp)
    .constdata                               0x08009bfa   Section      130  ov7725.o(.constdata)
    .data                                    0x20000000   Section        1  stm32f4xx_it.o(.data)
    .data                                    0x20000002   Section        4  lcd.o(.data)
    .data                                    0x20000008   Section        6  usart2.o(.data)
    .data                                    0x2000000e   Section        6  control.o(.data)
    j                                        0x20000012   Data           1  control.o(.data)
    count_spot                               0x20000013   Data           1  control.o(.data)
    .data                                    0x20000014   Section       16  sdio_sdcard.o(.data)
    CardType                                 0x20000014   Data           1  sdio_sdcard.o(.data)
    RCA                                      0x20000018   Data           4  sdio_sdcard.o(.data)
    DeviceMode                               0x2000001c   Data           1  sdio_sdcard.o(.data)
    StopCondition                            0x2000001d   Data           1  sdio_sdcard.o(.data)
    .data                                    0x20000024   Section        4  delay.o(.data)
    fac_us                                   0x20000024   Data           1  delay.o(.data)
    fac_ms                                   0x20000026   Data           2  delay.o(.data)
    .data                                    0x20000028   Section        2  usart.o(.data)
    .data                                    0x2000002a   Section       16  stm32f4xx_rcc.o(.data)
    APBAHBPrescTable                         0x2000002a   Data          16  stm32f4xx_rcc.o(.data)
    .data                                    0x2000003c   Section      352  color.o(.data)
    x0                                       0x20000198   Data           2  color.o(.data)
    y0                                       0x2000019a   Data           2  color.o(.data)
    .bss                                     0x2000019c   Section       14  lcd.o(.bss)
    .bss                                     0x200001b0   Section      704  sdio_sdcard.o(.bss)
    CSD_Tab                                  0x200001f4   Data          16  sdio_sdcard.o(.bss)
    CID_Tab                                  0x20000204   Data          16  sdio_sdcard.o(.bss)
    .bss                                     0x20000470   Section      200  usart.o(.bss)
    .bss                                     0x20000538   Section       46  color.o(.bss)
    .bss                                     0x20000568   Section       96  libspace.o(.bss)
    HEAP                                     0x200005c8   Section      512  startup_stm32f40_41xxx.o(HEAP)
    Heap_Mem                                 0x200005c8   Data         512  startup_stm32f40_41xxx.o(HEAP)
    STACK                                    0x200007c8   Section     1024  startup_stm32f40_41xxx.o(STACK)
    Stack_Mem                                0x200007c8   Data        1024  startup_stm32f40_41xxx.o(STACK)
    __initial_sp                             0x20000bc8   Data           0  startup_stm32f40_41xxx.o(STACK)

    Global Symbols

    Symbol Name                              Value     Ov Type        Size  Object(Section)

    BuildAttributes$$THM_ISAv4$E$P$D$K$B$S$7EM$VFPi3$EXTD16$VFPS$VFMA$PE$A:L22UL41UL21$X:L11$S22US41US21$IEEE1$IW$USESV6$~STKCKD$USESV7$~SHL$OSPACE$ROPI$EBA8$UX$STANDARDLIB$REQ8$PRES8$EABIv2 0x00000000   Number         0  anon$$obj.o ABSOLUTE
    __ARM_use_no_argv                        0x00000000   Number         0  main.o ABSOLUTE
    __ARM_exceptions_init                     - Undefined Weak Reference
    __alloca_initialize                       - Undefined Weak Reference
    __arm_preinit_                            - Undefined Weak Reference
    __cpp_initialize__aeabi_                  - Undefined Weak Reference
    __cxa_finalize                            - Undefined Weak Reference
    __rt_locale                               - Undefined Weak Reference
    __sigvec_lookup                           - Undefined Weak Reference
    _atexit_init                              - Undefined Weak Reference
    _call_atexit_fns                          - Undefined Weak Reference
    _clock_init                               - Undefined Weak Reference
    _fp_trap_init                             - Undefined Weak Reference
    _fp_trap_shutdown                         - Undefined Weak Reference
    _get_lc_collate                           - Undefined Weak Reference
    _get_lc_ctype                             - Undefined Weak Reference
    _get_lc_monetary                          - Undefined Weak Reference
    _get_lc_numeric                           - Undefined Weak Reference
    _get_lc_time                              - Undefined Weak Reference
    _getenv_init                              - Undefined Weak Reference
    _handle_redirection                       - Undefined Weak Reference
    _init_alloc                               - Undefined Weak Reference
    _init_user_alloc                          - Undefined Weak Reference
    _initio                                   - Undefined Weak Reference
    _rand_init                                - Undefined Weak Reference
    _signal_finish                            - Undefined Weak Reference
    _signal_init                              - Undefined Weak Reference
    _terminate_alloc                          - Undefined Weak Reference
    _terminate_user_alloc                     - Undefined Weak Reference
    _terminateio                              - Undefined Weak Reference
    __Vectors_Size                           0x00000188   Number         0  startup_stm32f40_41xxx.o ABSOLUTE
    __Vectors                                0x08000000   Data           4  startup_stm32f40_41xxx.o(RESET)
    __Vectors_End                            0x08000188   Data           0  startup_stm32f40_41xxx.o(RESET)
    __main                                   0x08000189   Thumb Code     8  __main.o(!!!main)
    __scatterload                            0x08000191   Thumb Code     0  __scatter.o(!!!scatter)
    __scatterload_rt2                        0x08000191   Thumb Code    44  __scatter.o(!!!scatter)
    __scatterload_rt2_thumb_only             0x08000191   Thumb Code     0  __scatter.o(!!!scatter)
    __scatterload_null                       0x0800019f   Thumb Code     0  __scatter.o(!!!scatter)
    __decompress                             0x080001c5   Thumb Code    90  __dczerorl2.o(!!dczerorl2)
    __decompress1                            0x080001c5   Thumb Code     0  __dczerorl2.o(!!dczerorl2)
    __scatterload_zeroinit                   0x08000221   Thumb Code    28  __scatter_zi.o(!!handler_zi)
    __rt_lib_init                            0x0800023d   Thumb Code     0  libinit.o(.ARM.Collect$$libinit$$00000000)
    __rt_lib_init_fp_1                       0x0800023f   Thumb Code     0  libinit2.o(.ARM.Collect$$libinit$$00000001)
    __rt_lib_init_alloca_1                   0x08000243   Thumb Code     0  libinit2.o(.ARM.Collect$$libinit$$0000002E)
    __rt_lib_init_argv_1                     0x08000243   Thumb Code     0  libinit2.o(.ARM.Collect$$libinit$$0000002C)
    __rt_lib_init_atexit_1                   0x08000243   Thumb Code     0  libinit2.o(.ARM.Collect$$libinit$$0000001B)
    __rt_lib_init_clock_1                    0x08000243   Thumb Code     0  libinit2.o(.ARM.Collect$$libinit$$00000021)
    __rt_lib_init_cpp_1                      0x08000243   Thumb Code     0  libinit2.o(.ARM.Collect$$libinit$$00000032)
    __rt_lib_init_exceptions_1               0x08000243   Thumb Code     0  libinit2.o(.ARM.Collect$$libinit$$00000030)
    __rt_lib_init_fp_trap_1                  0x08000243   Thumb Code     0  libinit2.o(.ARM.Collect$$libinit$$0000001F)
    __rt_lib_init_getenv_1                   0x08000243   Thumb Code     0  libinit2.o(.ARM.Collect$$libinit$$00000023)
    __rt_lib_init_heap_1                     0x08000243   Thumb Code     0  libinit2.o(.ARM.Collect$$libinit$$0000000A)
    __rt_lib_init_lc_collate_1               0x08000243   Thumb Code     0  libinit2.o(.ARM.Collect$$libinit$$00000011)
    __rt_lib_init_lc_ctype_1                 0x08000243   Thumb Code     0  libinit2.o(.ARM.Collect$$libinit$$00000013)
    __rt_lib_init_lc_monetary_1              0x08000243   Thumb Code     0  libinit2.o(.ARM.Collect$$libinit$$00000015)
    __rt_lib_init_lc_numeric_1               0x08000243   Thumb Code     0  libinit2.o(.ARM.Collect$$libinit$$00000017)
    __rt_lib_init_lc_time_1                  0x08000243   Thumb Code     0  libinit2.o(.ARM.Collect$$libinit$$00000019)
    __rt_lib_init_preinit_1                  0x08000243   Thumb Code     0  libinit2.o(.ARM.Collect$$libinit$$00000004)
    __rt_lib_init_rand_1                     0x08000243   Thumb Code     0  libinit2.o(.ARM.Collect$$libinit$$0000000E)
    __rt_lib_init_return                     0x08000243   Thumb Code     0  libinit2.o(.ARM.Collect$$libinit$$00000033)
    __rt_lib_init_signal_1                   0x08000243   Thumb Code     0  libinit2.o(.ARM.Collect$$libinit$$0000001D)
    __rt_lib_init_stdio_1                    0x08000243   Thumb Code     0  libinit2.o(.ARM.Collect$$libinit$$00000025)
    __rt_lib_init_user_alloc_1               0x08000243   Thumb Code     0  libinit2.o(.ARM.Collect$$libinit$$0000000C)
    __rt_lib_shutdown                        0x08000245   Thumb Code     0  libshutdown.o(.ARM.Collect$$libshutdown$$00000000)
    __rt_lib_shutdown_cpp_1                  0x08000247   Thumb Code     0  libshutdown2.o(.ARM.Collect$$libshutdown$$00000002)
    __rt_lib_shutdown_fp_trap_1              0x08000247   Thumb Code     0  libshutdown2.o(.ARM.Collect$$libshutdown$$00000007)
    __rt_lib_shutdown_heap_1                 0x08000247   Thumb Code     0  libshutdown2.o(.ARM.Collect$$libshutdown$$0000000F)
    __rt_lib_shutdown_return                 0x08000247   Thumb Code     0  libshutdown2.o(.ARM.Collect$$libshutdown$$00000010)
    __rt_lib_shutdown_signal_1               0x08000247   Thumb Code     0  libshutdown2.o(.ARM.Collect$$libshutdown$$0000000A)
    __rt_lib_shutdown_stdio_1                0x08000247   Thumb Code     0  libshutdown2.o(.ARM.Collect$$libshutdown$$00000004)
    __rt_lib_shutdown_user_alloc_1           0x08000247   Thumb Code     0  libshutdown2.o(.ARM.Collect$$libshutdown$$0000000C)
    __rt_entry                               0x08000249   Thumb Code     0  __rtentry.o(.ARM.Collect$$rtentry$$00000000)
    __rt_entry_presh_1                       0x08000249   Thumb Code     0  __rtentry2.o(.ARM.Collect$$rtentry$$00000002)
    __rt_entry_sh                            0x08000249   Thumb Code     0  __rtentry4.o(.ARM.Collect$$rtentry$$00000004)
    __rt_entry_li                            0x0800024f   Thumb Code     0  __rtentry2.o(.ARM.Collect$$rtentry$$0000000A)
    __rt_entry_postsh_1                      0x0800024f   Thumb Code     0  __rtentry2.o(.ARM.Collect$$rtentry$$00000009)
    __rt_entry_main                          0x08000253   Thumb Code     0  __rtentry2.o(.ARM.Collect$$rtentry$$0000000D)
    __rt_entry_postli_1                      0x08000253   Thumb Code     0  __rtentry2.o(.ARM.Collect$$rtentry$$0000000C)
    __rt_exit                                0x0800025b   Thumb Code     0  rtexit.o(.ARM.Collect$$rtexit$$00000000)
    __rt_exit_ls                             0x0800025d   Thumb Code     0  rtexit2.o(.ARM.Collect$$rtexit$$00000003)
    __rt_exit_prels_1                        0x0800025d   Thumb Code     0  rtexit2.o(.ARM.Collect$$rtexit$$00000002)
    __rt_exit_exit                           0x08000261   Thumb Code     0  rtexit2.o(.ARM.Collect$$rtexit$$00000004)
    Reset_Handler                            0x08000269   Thumb Code     8  startup_stm32f40_41xxx.o(.text)
    ADC_IRQHandler                           0x08000283   Thumb Code     0  startup_stm32f40_41xxx.o(.text)
    CAN1_RX0_IRQHandler                      0x08000283   Thumb Code     0  startup_stm32f40_41xxx.o(.text)
    CAN1_RX1_IRQHandler                      0x08000283   Thumb Code     0  startup_stm32f40_41xxx.o(.text)
    CAN1_SCE_IRQHandler                      0x08000283   Thumb Code     0  startup_stm32f40_41xxx.o(.text)
    CAN1_TX_IRQHandler                       0x08000283   Thumb Code     0  startup_stm32f40_41xxx.o(.text)
    CAN2_RX0_IRQHandler                      0x08000283   Thumb Code     0  startup_stm32f40_41xxx.o(.text)
    CAN2_RX1_IRQHandler                      0x08000283   Thumb Code     0  startup_stm32f40_41xxx.o(.text)
    CAN2_SCE_IRQHandler                      0x08000283   Thumb Code     0  startup_stm32f40_41xxx.o(.text)
    CAN2_TX_IRQHandler                       0x08000283   Thumb Code     0  startup_stm32f40_41xxx.o(.text)
    CRYP_IRQHandler                          0x08000283   Thumb Code     0  startup_stm32f40_41xxx.o(.text)
    DCMI_IRQHandler                          0x08000283   Thumb Code     0  startup_stm32f40_41xxx.o(.text)
    DMA1_Stream0_IRQHandler                  0x08000283   Thumb Code     0  startup_stm32f40_41xxx.o(.text)
    DMA1_Stream1_IRQHandler                  0x08000283   Thumb Code     0  startup_stm32f40_41xxx.o(.text)
    DMA1_Stream2_IRQHandler                  0x08000283   Thumb Code     0  startup_stm32f40_41xxx.o(.text)
    DMA1_Stream3_IRQHandler                  0x08000283   Thumb Code     0  startup_stm32f40_41xxx.o(.text)
    DMA1_Stream4_IRQHandler                  0x08000283   Thumb Code     0  startup_stm32f40_41xxx.o(.text)
    DMA1_Stream5_IRQHandler                  0x08000283   Thumb Code     0  startup_stm32f40_41xxx.o(.text)
    DMA1_Stream6_IRQHandler                  0x08000283   Thumb Code     0  startup_stm32f40_41xxx.o(.text)
    DMA1_Stream7_IRQHandler                  0x08000283   Thumb Code     0  startup_stm32f40_41xxx.o(.text)
    DMA2_Stream0_IRQHandler                  0x08000283   Thumb Code     0  startup_stm32f40_41xxx.o(.text)
    DMA2_Stream1_IRQHandler                  0x08000283   Thumb Code     0  startup_stm32f40_41xxx.o(.text)
    DMA2_Stream2_IRQHandler                  0x08000283   Thumb Code     0  startup_stm32f40_41xxx.o(.text)
    DMA2_Stream3_IRQHandler                  0x08000283   Thumb Code     0  startup_stm32f40_41xxx.o(.text)
    DMA2_Stream4_IRQHandler                  0x08000283   Thumb Code     0  startup_stm32f40_41xxx.o(.text)
    DMA2_Stream5_IRQHandler                  0x08000283   Thumb Code     0  startup_stm32f40_41xxx.o(.text)
    DMA2_Stream6_IRQHandler                  0x08000283   Thumb Code     0  startup_stm32f40_41xxx.o(.text)
    DMA2_Stream7_IRQHandler                  0x08000283   Thumb Code     0  startup_stm32f40_41xxx.o(.text)
    ETH_IRQHandler                           0x08000283   Thumb Code     0  startup_stm32f40_41xxx.o(.text)
    ETH_WKUP_IRQHandler                      0x08000283   Thumb Code     0  startup_stm32f40_41xxx.o(.text)
    EXTI0_IRQHandler                         0x08000283   Thumb Code     0  startup_stm32f40_41xxx.o(.text)
    EXTI15_10_IRQHandler                     0x08000283   Thumb Code     0  startup_stm32f40_41xxx.o(.text)
    EXTI1_IRQHandler                         0x08000283   Thumb Code     0  startup_stm32f40_41xxx.o(.text)
    EXTI2_IRQHandler                         0x08000283   Thumb Code     0  startup_stm32f40_41xxx.o(.text)
    EXTI3_IRQHandler                         0x08000283   Thumb Code     0  startup_stm32f40_41xxx.o(.text)
    EXTI4_IRQHandler                         0x08000283   Thumb Code     0  startup_stm32f40_41xxx.o(.text)
    FLASH_IRQHandler                         0x08000283   Thumb Code     0  startup_stm32f40_41xxx.o(.text)
    FPU_IRQHandler                           0x08000283   Thumb Code     0  startup_stm32f40_41xxx.o(.text)
    FSMC_IRQHandler                          0x08000283   Thumb Code     0  startup_stm32f40_41xxx.o(.text)
    HASH_RNG_IRQHandler                      0x08000283   Thumb Code     0  startup_stm32f40_41xxx.o(.text)
    I2C1_ER_IRQHandler                       0x08000283   Thumb Code     0  startup_stm32f40_41xxx.o(.text)
    I2C1_EV_IRQHandler                       0x08000283   Thumb Code     0  startup_stm32f40_41xxx.o(.text)
    I2C2_ER_IRQHandler                       0x08000283   Thumb Code     0  startup_stm32f40_41xxx.o(.text)
    I2C2_EV_IRQHandler                       0x08000283   Thumb Code     0  startup_stm32f40_41xxx.o(.text)
    I2C3_ER_IRQHandler                       0x08000283   Thumb Code     0  startup_stm32f40_41xxx.o(.text)
    I2C3_EV_IRQHandler                       0x08000283   Thumb Code     0  startup_stm32f40_41xxx.o(.text)
    OTG_FS_IRQHandler                        0x08000283   Thumb Code     0  startup_stm32f40_41xxx.o(.text)
    OTG_FS_WKUP_IRQHandler                   0x08000283   Thumb Code     0  startup_stm32f40_41xxx.o(.text)
    OTG_HS_EP1_IN_IRQHandler                 0x08000283   Thumb Code     0  startup_stm32f40_41xxx.o(.text)
    OTG_HS_EP1_OUT_IRQHandler                0x08000283   Thumb Code     0  startup_stm32f40_41xxx.o(.text)
    OTG_HS_IRQHandler                        0x08000283   Thumb Code     0  startup_stm32f40_41xxx.o(.text)
    OTG_HS_WKUP_IRQHandler                   0x08000283   Thumb Code     0  startup_stm32f40_41xxx.o(.text)
    PVD_IRQHandler                           0x08000283   Thumb Code     0  startup_stm32f40_41xxx.o(.text)
    RCC_IRQHandler                           0x08000283   Thumb Code     0  startup_stm32f40_41xxx.o(.text)
    RTC_Alarm_IRQHandler                     0x08000283   Thumb Code     0  startup_stm32f40_41xxx.o(.text)
    RTC_WKUP_IRQHandler                      0x08000283   Thumb Code     0  startup_stm32f40_41xxx.o(.text)
    SPI1_IRQHandler                          0x08000283   Thumb Code     0  startup_stm32f40_41xxx.o(.text)
    SPI2_IRQHandler                          0x08000283   Thumb Code     0  startup_stm32f40_41xxx.o(.text)
    SPI3_IRQHandler                          0x08000283   Thumb Code     0  startup_stm32f40_41xxx.o(.text)
    TAMP_STAMP_IRQHandler                    0x08000283   Thumb Code     0  startup_stm32f40_41xxx.o(.text)
    TIM1_BRK_TIM9_IRQHandler                 0x08000283   Thumb Code     0  startup_stm32f40_41xxx.o(.text)
    TIM1_CC_IRQHandler                       0x08000283   Thumb Code     0  startup_stm32f40_41xxx.o(.text)
    TIM1_TRG_COM_TIM11_IRQHandler            0x08000283   Thumb Code     0  startup_stm32f40_41xxx.o(.text)
    TIM1_UP_TIM10_IRQHandler                 0x08000283   Thumb Code     0  startup_stm32f40_41xxx.o(.text)
    TIM2_IRQHandler                          0x08000283   Thumb Code     0  startup_stm32f40_41xxx.o(.text)
    TIM4_IRQHandler                          0x08000283   Thumb Code     0  startup_stm32f40_41xxx.o(.text)
    TIM5_IRQHandler                          0x08000283   Thumb Code     0  startup_stm32f40_41xxx.o(.text)
    TIM6_DAC_IRQHandler                      0x08000283   Thumb Code     0  startup_stm32f40_41xxx.o(.text)
    TIM7_IRQHandler                          0x08000283   Thumb Code     0  startup_stm32f40_41xxx.o(.text)
    TIM8_BRK_TIM12_IRQHandler                0x08000283   Thumb Code     0  startup_stm32f40_41xxx.o(.text)
    TIM8_CC_IRQHandler                       0x08000283   Thumb Code     0  startup_stm32f40_41xxx.o(.text)
    TIM8_TRG_COM_TIM14_IRQHandler            0x08000283   Thumb Code     0  startup_stm32f40_41xxx.o(.text)
    TIM8_UP_TIM13_IRQHandler                 0x08000283   Thumb Code     0  startup_stm32f40_41xxx.o(.text)
    UART4_IRQHandler                         0x08000283   Thumb Code     0  startup_stm32f40_41xxx.o(.text)
    UART5_IRQHandler                         0x08000283   Thumb Code     0  startup_stm32f40_41xxx.o(.text)
    USART3_IRQHandler                        0x08000283   Thumb Code     0  startup_stm32f40_41xxx.o(.text)
    USART6_IRQHandler                        0x08000283   Thumb Code     0  startup_stm32f40_41xxx.o(.text)
    WWDG_IRQHandler                          0x08000283   Thumb Code     0  startup_stm32f40_41xxx.o(.text)
    __user_initial_stackheap                 0x08000285   Thumb Code     0  startup_stm32f40_41xxx.o(.text)
    __use_no_semihosting                     0x080002a9   Thumb Code     2  use_no_semi_2.o(.text)
    __use_two_region_memory                  0x080002ab   Thumb Code     2  heapauxi.o(.text)
    __rt_heap_escrow$2region                 0x080002ad   Thumb Code     2  heapauxi.o(.text)
    __rt_heap_expand$2region                 0x080002af   Thumb Code     2  heapauxi.o(.text)
    __I$use$semihosting                      0x080002b1   Thumb Code     0  use_no_semi.o(.text)
    __use_no_semihosting_swi                 0x080002b1   Thumb Code     2  use_no_semi.o(.text)
    __user_setup_stackheap                   0x080002b3   Thumb Code    74  sys_stackheap_outer.o(.text)
    exit                                     0x080002fd   Thumb Code    18  exit.o(.text)
    __user_libspace                          0x08000311   Thumb Code     8  libspace.o(.text)
    __user_perproc_libspace                  0x08000311   Thumb Code     0  libspace.o(.text)
    __user_perthread_libspace                0x08000311   Thumb Code     0  libspace.o(.text)
    BusFault_Handler                         0x08000319   Thumb Code     4  stm32f4xx_it.o(i.BusFault_Handler)
    CmdResp1Error                            0x0800031d   Thumb Code    94  sdio_sdcard.o(i.CmdResp1Error)
    ColorMatch                               0x08000381   Thumb Code    68  color.o(i.ColorMatch)
    Corrode                                  0x080003c5   Thumb Code  4242  color.o(i.Corrode)
    DebugMon_Handler                         0x08001457   Thumb Code     2  stm32f4xx_it.o(i.DebugMon_Handler)
    Digital_recognition                      0x08001459   Thumb Code  1658  color.o(i.Digital_recognition)
    EXTI8_Init                               0x08001af5   Thumb Code    78  ov7670.o(i.EXTI8_Init)
    EXTI9_5_IRQHandler                       0x08001b45   Thumb Code    54  stm32f4xx_it.o(i.EXTI9_5_IRQHandler)
    EXTI_ClearITPendingBit                   0x08001b8d   Thumb Code     6  stm32f4xx_exti.o(i.EXTI_ClearITPendingBit)
    EXTI_GetITStatus                         0x08001b99   Thumb Code    20  stm32f4xx_exti.o(i.EXTI_GetITStatus)
    EXTI_Init                                0x08001bb1   Thumb Code   142  stm32f4xx_exti.o(i.EXTI_Init)
    FSMC_NORSRAMCmd                          0x08001c45   Thumb Code    46  stm32f4xx_fsmc.o(i.FSMC_NORSRAMCmd)
    FSMC_NORSRAMInit                         0x08001c79   Thumb Code   230  stm32f4xx_fsmc.o(i.FSMC_NORSRAMInit)
    FSMC_SRAM_Init                           0x08001d61   Thumb Code   694  sram.o(i.FSMC_SRAM_Init)
    Feature_Recognize_Start_Phoenix          0x0800202d   Thumb Code   338  control.o(i.Feature_Recognize_Start_Phoenix)
    GPIO_Init                                0x080021a1   Thumb Code   144  stm32f4xx_gpio.o(i.GPIO_Init)
    GPIO_PinAFConfig                         0x08002231   Thumb Code    70  stm32f4xx_gpio.o(i.GPIO_PinAFConfig)
    GPIO_SetBits                             0x08002277   Thumb Code     4  stm32f4xx_gpio.o(i.GPIO_SetBits)
    HardFault_Handler                        0x0800227b   Thumb Code     4  stm32f4xx_it.o(i.HardFault_Handler)
    LCD_BGR2RGB                              0x0800227f   Thumb Code    26  lcd.o(i.LCD_BGR2RGB)
    LCD_Clear                                0x08002299   Thumb Code   100  lcd.o(i.LCD_Clear)
    LCD_Display_Dir                          0x08002305   Thumb Code   444  lcd.o(i.LCD_Display_Dir)
    LCD_DrawLine                             0x080024c5   Thumb Code   176  lcd.o(i.LCD_DrawLine)
    LCD_DrawPoint                            0x08002575   Thumb Code    28  lcd.o(i.LCD_DrawPoint)
    LCD_DrawRectangle                        0x08002599   Thumb Code    60  lcd.o(i.LCD_DrawRectangle)
    LCD_Fast_DrawPoint                       0x080025d5   Thumb Code   374  lcd.o(i.LCD_Fast_DrawPoint)
    LCD_Fill                                 0x08002755   Thumb Code   180  lcd.o(i.LCD_Fill)
    LCD_Init                                 0x0800280d   Thumb Code 14668  lcd.o(i.LCD_Init)
    LCD_RD_DATA                              0x08006161   Thumb Code    14  lcd.o(i.LCD_RD_DATA)
    LCD_ReadPoint                            0x08006175   Thumb Code   360  lcd.o(i.LCD_ReadPoint)
    LCD_ReadReg                              0x080062e1   Thumb Code    22  lcd.o(i.LCD_ReadReg)
    LCD_SSD_BackLightSet                     0x080062f9   Thumb Code    88  lcd.o(i.LCD_SSD_BackLightSet)
    LCD_Scan_Dir                             0x08006359   Thumb Code   744  lcd.o(i.LCD_Scan_Dir)
    LCD_SetCursor                            0x08006645   Thumb Code   418  lcd.o(i.LCD_SetCursor)
    LCD_Set_Window                           0x080067ed   Thumb Code   528  lcd.o(i.LCD_Set_Window)
    LCD_ShowChar                             0x08006a01   Thumb Code   272  lcd.o(i.LCD_ShowChar)
    LCD_ShowString                           0x08006b29   Thumb Code   102  lcd.o(i.LCD_ShowString)
    LCD_WR_DATA                              0x08006b91   Thumb Code    18  lcd.o(i.LCD_WR_DATA)
    LCD_WR_REG                               0x08006ba9   Thumb Code    18  lcd.o(i.LCD_WR_REG)
    LCD_WriteRAM_Prepare                     0x08006bc1   Thumb Code    10  lcd.o(i.LCD_WriteRAM_Prepare)
    LCD_WriteReg                             0x08006bd5   Thumb Code    14  lcd.o(i.LCD_WriteReg)
    LED_Init                                 0x08006be9   Thumb Code    60  led.o(i.LED_Init)
    MemManage_Handler                        0x08006c29   Thumb Code     4  stm32f4xx_it.o(i.MemManage_Handler)
    NMI_Handler                              0x08006c2d   Thumb Code     2  stm32f4xx_it.o(i.NMI_Handler)
    NVIC_Init                                0x08006c31   Thumb Code   106  misc.o(i.NVIC_Init)
    NVIC_PriorityGroupConfig                 0x08006ca9   Thumb Code    10  misc.o(i.NVIC_PriorityGroupConfig)
    OV7725_Init                              0x08006cbd   Thumb Code   252  ov7725.o(i.OV7725_Init)
    OV7725_Window_Set                        0x08006dd1   Thumb Code   362  ov7725.o(i.OV7725_Window_Set)
    OV7725_camera_refresh_color_track        0x08006f3d   Thumb Code   380  control.o(i.OV7725_camera_refresh_color_track)
    PendSV_Handler                           0x080070e1   Thumb Code     2  stm32f4xx_it.o(i.PendSV_Handler)
    RCC_AHB1PeriphClockCmd                   0x080070e5   Thumb Code    26  stm32f4xx_rcc.o(i.RCC_AHB1PeriphClockCmd)
    RCC_AHB3PeriphClockCmd                   0x08007105   Thumb Code    26  stm32f4xx_rcc.o(i.RCC_AHB3PeriphClockCmd)
    RCC_APB1PeriphClockCmd                   0x08007125   Thumb Code    26  stm32f4xx_rcc.o(i.RCC_APB1PeriphClockCmd)
    RCC_APB2PeriphClockCmd                   0x08007145   Thumb Code    26  stm32f4xx_rcc.o(i.RCC_APB2PeriphClockCmd)
    RCC_GetClocksFreq                        0x08007165   Thumb Code   214  stm32f4xx_rcc.o(i.RCC_GetClocksFreq)
    RGB2HSL                                  0x0800724d   Thumb Code   292  color.o(i.RGB2HSL)
    ReadColor                                0x08007371   Thumb Code    54  color.o(i.ReadColor)
    SCCB_Init                                0x080073b1   Thumb Code    78  sccb.o(i.SCCB_Init)
    SCCB_No_Ack                              0x08007405   Thumb Code    56  sccb.o(i.SCCB_No_Ack)
    SCCB_RD_Byte                             0x08007445   Thumb Code   100  sccb.o(i.SCCB_RD_Byte)
    SCCB_RD_Reg                              0x080074b5   Thumb Code    78  sccb.o(i.SCCB_RD_Reg)
    SCCB_Start                               0x08007505   Thumb Code    42  sccb.o(i.SCCB_Start)
    SCCB_Stop                                0x08007539   Thumb Code    42  sccb.o(i.SCCB_Stop)
    SCCB_WR_Byte                             0x0800756d   Thumb Code   154  sccb.o(i.SCCB_WR_Byte)
    SCCB_WR_Reg                              0x08007615   Thumb Code    62  sccb.o(i.SCCB_WR_Reg)
    SDIO_ClearFlag                           0x08007655   Thumb Code     6  stm32f4xx_sdio.o(i.SDIO_ClearFlag)
    SDIO_GetFlagStatus                       0x08007661   Thumb Code    20  stm32f4xx_sdio.o(i.SDIO_GetFlagStatus)
    SDIO_IRQHandler                          0x08007679   Thumb Code     8  sdio_sdcard.o(i.SDIO_IRQHandler)
    SDIO_SendCommand                         0x08007681   Thumb Code    40  stm32f4xx_sdio.o(i.SDIO_SendCommand)
    SD_ProcessIRQSrc                         0x080076ad   Thumb Code   318  sdio_sdcard.o(i.SD_ProcessIRQSrc)
    SVC_Handler                              0x08007801   Thumb Code     2  stm32f4xx_it.o(i.SVC_Handler)
    SYSCFG_EXTILineConfig                    0x08007805   Thumb Code    60  stm32f4xx_syscfg.o(i.SYSCFG_EXTILineConfig)
    SearchCenter                             0x08007845   Thumb Code   406  color.o(i.SearchCenter)
    SysTick_CLKSourceConfig                  0x08007af5   Thumb Code    40  misc.o(i.SysTick_CLKSourceConfig)
    SysTick_Handler                          0x08007b1d   Thumb Code     2  stm32f4xx_it.o(i.SysTick_Handler)
    SystemInit                               0x08007b21   Thumb Code    88  system_stm32f4xx.o(i.SystemInit)
    TIM3_IRQHandler                          0x08007b89   Thumb Code    20  timer.o(i.TIM3_IRQHandler)
    TIM_ClearITPendingBit                    0x08007ba1   Thumb Code     6  stm32f4xx_tim.o(i.TIM_ClearITPendingBit)
    TIM_GetITStatus                          0x08007ba7   Thumb Code    34  stm32f4xx_tim.o(i.TIM_GetITStatus)
    Trace                                    0x08007bc9   Thumb Code   166  color.o(i.Trace)
    USART1_IRQHandler                        0x08007c79   Thumb Code   122  usart.o(i.USART1_IRQHandler)
    USART2_IRQHandler                        0x08007d01   Thumb Code    46  usart2.o(i.USART2_IRQHandler)
    USART_Cmd                                0x08007d3d   Thumb Code    24  stm32f4xx_usart.o(i.USART_Cmd)
    USART_GetITStatus                        0x08007d55   Thumb Code    84  stm32f4xx_usart.o(i.USART_GetITStatus)
    USART_ITConfig                           0x08007da9   Thumb Code    74  stm32f4xx_usart.o(i.USART_ITConfig)
    USART_Init                               0x08007df5   Thumb Code   204  stm32f4xx_usart.o(i.USART_Init)
    USART_ReceiveData                        0x08007ec9   Thumb Code    10  stm32f4xx_usart.o(i.USART_ReceiveData)
    USART_SendData                           0x08007ed3   Thumb Code     8  stm32f4xx_usart.o(i.USART_SendData)
    UsageFault_Handler                       0x08007edb   Thumb Code     4  stm32f4xx_it.o(i.UsageFault_Handler)
    _sys_exit                                0x08007edf   Thumb Code     4  usart2.o(i._sys_exit)
    delay_init                               0x08007ee5   Thumb Code    52  delay.o(i.delay_init)
    delay_ms                                 0x08007f21   Thumb Code    56  delay.o(i.delay_ms)
    delay_us                                 0x08007f59   Thumb Code    72  delay.o(i.delay_us)
    delay_xms                                0x08007fa5   Thumb Code    72  delay.o(i.delay_xms)
    draw_cross                               0x08007ff1   Thumb Code    40  color.o(i.draw_cross)
    main                                     0x08008019   Thumb Code   186  main.o(i.main)
    opt_delay                                0x080080f9   Thumb Code    14  lcd.o(i.opt_delay)
    usart2_init                              0x08008109   Thumb Code   162  usart2.o(i.usart2_init)
    __aeabi_d2uiz                            0x080081b5   Thumb Code     0  dfixu.o(x$fpl$dfixu)
    _dfixu                                   0x080081b5   Thumb Code    90  dfixu.o(x$fpl$dfixu)
    __aeabi_ui2d                             0x0800820f   Thumb Code     0  dflt_clz.o(x$fpl$dfltu)
    _dfltu                                   0x0800820f   Thumb Code    38  dflt_clz.o(x$fpl$dfltu)
    __aeabi_dmul                             0x08008235   Thumb Code     0  dmul.o(x$fpl$dmul)
    _dmul                                    0x08008235   Thumb Code   332  dmul.o(x$fpl$dmul)
    __fpl_dnaninf                            0x08008389   Thumb Code   156  dnaninf.o(x$fpl$dnaninf)
    __fpl_dretinf                            0x08008425   Thumb Code    12  dretinf.o(x$fpl$dretinf)
    _fp_init                                 0x08008431   Thumb Code    10  fpinit.o(x$fpl$fpinit)
    __fplib_config_fpu_vfp                   0x08008439   Thumb Code     0  fpinit.o(x$fpl$fpinit)
    __fplib_config_pureend_doubles           0x08008439   Thumb Code     0  fpinit.o(x$fpl$fpinit)
    __I$use$fp                               0x0800843a   Number         0  usenofp.o(x$fpl$usenofp)
    asc2_1206                                0x0800843a   Data        1140  lcd.o(.constdata)
    asc2_1608                                0x080088ae   Data        1520  lcd.o(.constdata)
    asc2_2412                                0x08008e9e   Data        3420  lcd.o(.constdata)
    ov7725_init_reg_tb1                      0x08009bfa   Data         130  ov7725.o(.constdata)
    Region$$Table$$Base                      0x08009c7c   Number         0  anon$$obj.o(Region$$Table)
    Region$$Table$$Limit                     0x08009c9c   Number         0  anon$$obj.o(Region$$Table)
    ov_sta                                   0x20000000   Data           1  stm32f4xx_it.o(.data)
    POINT_COLOR                              0x20000002   Data           2  lcd.o(.data)
    BACK_COLOR                               0x20000004   Data           2  lcd.o(.data)
    __stdout                                 0x20000008   Data           4  usart2.o(.data)
    flag1                                    0x2000000c   Data           1  usart2.o(.data)
    flag2                                    0x2000000d   Data           1  usart2.o(.data)
    yuzhi                                    0x2000000e   Data           2  control.o(.data)
    data                                     0x20000010   Data           1  control.o(.data)
    xianshi                                  0x20000011   Data           1  control.o(.data)
    TransferError                            0x2000001e   Data           1  sdio_sdcard.o(.data)
    TransferEnd                              0x2000001f   Data           1  sdio_sdcard.o(.data)
    tempbuff                                 0x20000020   Data           4  sdio_sdcard.o(.data)
    USART_RX_STA                             0x20000028   Data           2  usart.o(.data)
    x1                                       0x2000003c   Data           4  color.o(.data)
    y1                                       0x20000040   Data           4  color.o(.data)
    x2                                       0x20000044   Data           4  color.o(.data)
    y2                                       0x20000048   Data           4  color.o(.data)
    x3                                       0x2000004c   Data           4  color.o(.data)
    y3                                       0x20000050   Data           4  color.o(.data)
    kk                                       0x20000054   Data           4  color.o(.data)
    global_page                              0x20000058   Data           1  color.o(.data)
    object_flag                              0x20000059   Data           1  color.o(.data)
    color_list                               0x2000005a   Data          98  color.o(.data)
    condition                                0x200000bc   Data         112  color.o(.data)
    area                                     0x2000012c   Data          16  color.o(.data)
    i                                        0x2000013c   Data           2  color.o(.data)
    j                                        0x2000013e   Data           2  color.o(.data)
    k                                        0x20000140   Data           2  color.o(.data)
    FailCount                                0x20000142   Data           2  color.o(.data)
    SpaceX                                   0x20000144   Data           2  color.o(.data)
    SpaceY                                   0x20000146   Data           2  color.o(.data)
    dail_flag                                0x20000148   Data           2  color.o(.data)
    y_count_stepping                         0x2000014c   Data           4  color.o(.data)
    x_count_stepping                         0x20000150   Data           4  color.o(.data)
    turn_flag                                0x20000154   Data           4  color.o(.data)
    distance_Y                               0x20000158   Data           4  color.o(.data)
    distance_X                               0x2000015c   Data           4  color.o(.data)
    dir_flag                                 0x20000160   Data           2  color.o(.data)
    border_flag                              0x20000162   Data           2  color.o(.data)
    last_dir_flag                            0x20000164   Data           2  color.o(.data)
    debug_flag                               0x20000166   Data           2  color.o(.data)
    Xmin                                     0x20000168   Data           2  color.o(.data)
    Xmax                                     0x2000016a   Data           2  color.o(.data)
    Ymin                                     0x2000016c   Data           2  color.o(.data)
    Ymax                                     0x2000016e   Data           2  color.o(.data)
    dis_x                                    0x20000170   Data           2  color.o(.data)
    dis_y                                    0x20000172   Data           2  color.o(.data)
    X_distan                                 0x20000174   Data           4  color.o(.data)
    x                                        0x20000178   Data           4  color.o(.data)
    y                                        0x2000017c   Data           4  color.o(.data)
    y_distan                                 0x20000180   Data           4  color.o(.data)
    count1                                   0x20000184   Data           4  color.o(.data)
    count2                                   0x20000188   Data           4  color.o(.data)
    task_count                               0x2000018c   Data           4  color.o(.data)
    y1_count                                 0x20000190   Data           1  color.o(.data)
    L_x1                                     0x20000191   Data           1  color.o(.data)
    R_x1                                     0x20000192   Data           1  color.o(.data)
    L_x2                                     0x20000193   Data           1  color.o(.data)
    R_x2                                     0x20000194   Data           1  color.o(.data)
    number                                   0x20000195   Data           1  color.o(.data)
    task_count1                              0x20000196   Data           1  color.o(.data)
    task_count2                              0x20000197   Data           1  color.o(.data)
    lcddev                                   0x2000019c   Data          14  lcd.o(.bss)
    SDIO_InitStructure                       0x200001b0   Data          24  sdio_sdcard.o(.bss)
    SDIO_CmdInitStructure                    0x200001c8   Data          20  sdio_sdcard.o(.bss)
    SDIO_DataInitStructure                   0x200001dc   Data          24  sdio_sdcard.o(.bss)
    SDCardInfo                               0x20000218   Data          88  sdio_sdcard.o(.bss)
    SDIO_DATA_BUFFER                         0x20000270   Data         512  sdio_sdcard.o(.bss)
    USART_RX_BUF                             0x20000470   Data         200  usart.o(.bss)
    result                                   0x20000538   Data          18  color.o(.bss)
    Quadrant_control                         0x2000054a   Data          16  color.o(.bss)
    shapdis                                  0x2000055a   Data          12  color.o(.bss)
    __libspace_start                         0x20000568   Data          96  libspace.o(.bss)
    __temporary_stack_top$libspace           0x200005c8   Data           0  libspace.o(.bss)



==============================================================================

Memory Map of the image

  Image Entry point : 0x08000189

  Load Region LR_IROM1 (Base: 0x08000000, Size: 0x00009e38, Max: 0x00080000, ABSOLUTE, COMPRESSED[0x00009d04])

    Execution Region ER_IROM1 (Exec base: 0x08000000, Load base: 0x08000000, Size: 0x00009c9c, Max: 0x00080000, ABSOLUTE)

    Exec Addr    Load Addr    Size         Type   Attr      Idx    E Section Name        Object

    0x08000000   0x08000000   0x00000188   Data   RO         1347    RESET               startup_stm32f40_41xxx.o
    0x08000188   0x08000188   0x00000008   Code   RO         3615  * !!!main             c_w.l(__main.o)
    0x08000190   0x08000190   0x00000034   Code   RO         3791    !!!scatter          c_w.l(__scatter.o)
    0x080001c4   0x080001c4   0x0000005a   Code   RO         3789    !!dczerorl2         c_w.l(__dczerorl2.o)
    0x0800021e   0x0800021e   0x00000002   PAD
    0x08000220   0x08000220   0x0000001c   Code   RO         3793    !!handler_zi        c_w.l(__scatter_zi.o)
    0x0800023c   0x0800023c   0x00000002   Code   RO         3663    .ARM.Collect$$libinit$$00000000  c_w.l(libinit.o)
    0x0800023e   0x0800023e   0x00000004   Code   RO         3669    .ARM.Collect$$libinit$$00000001  c_w.l(libinit2.o)
    0x08000242   0x08000242   0x00000000   Code   RO         3672    .ARM.Collect$$libinit$$00000004  c_w.l(libinit2.o)
    0x08000242   0x08000242   0x00000000   Code   RO         3675    .ARM.Collect$$libinit$$0000000A  c_w.l(libinit2.o)
    0x08000242   0x08000242   0x00000000   Code   RO         3677    .ARM.Collect$$libinit$$0000000C  c_w.l(libinit2.o)
    0x08000242   0x08000242   0x00000000   Code   RO         3679    .ARM.Collect$$libinit$$0000000E  c_w.l(libinit2.o)
    0x08000242   0x08000242   0x00000000   Code   RO         3682    .ARM.Collect$$libinit$$00000011  c_w.l(libinit2.o)
    0x08000242   0x08000242   0x00000000   Code   RO         3684    .ARM.Collect$$libinit$$00000013  c_w.l(libinit2.o)
    0x08000242   0x08000242   0x00000000   Code   RO         3686    .ARM.Collect$$libinit$$00000015  c_w.l(libinit2.o)
    0x08000242   0x08000242   0x00000000   Code   RO         3688    .ARM.Collect$$libinit$$00000017  c_w.l(libinit2.o)
    0x08000242   0x08000242   0x00000000   Code   RO         3690    .ARM.Collect$$libinit$$00000019  c_w.l(libinit2.o)
    0x08000242   0x08000242   0x00000000   Code   RO         3692    .ARM.Collect$$libinit$$0000001B  c_w.l(libinit2.o)
    0x08000242   0x08000242   0x00000000   Code   RO         3694    .ARM.Collect$$libinit$$0000001D  c_w.l(libinit2.o)
    0x08000242   0x08000242   0x00000000   Code   RO         3696    .ARM.Collect$$libinit$$0000001F  c_w.l(libinit2.o)
    0x08000242   0x08000242   0x00000000   Code   RO         3698    .ARM.Collect$$libinit$$00000021  c_w.l(libinit2.o)
    0x08000242   0x08000242   0x00000000   Code   RO         3700    .ARM.Collect$$libinit$$00000023  c_w.l(libinit2.o)
    0x08000242   0x08000242   0x00000000   Code   RO         3702    .ARM.Collect$$libinit$$00000025  c_w.l(libinit2.o)
    0x08000242   0x08000242   0x00000000   Code   RO         3706    .ARM.Collect$$libinit$$0000002C  c_w.l(libinit2.o)
    0x08000242   0x08000242   0x00000000   Code   RO         3708    .ARM.Collect$$libinit$$0000002E  c_w.l(libinit2.o)
    0x08000242   0x08000242   0x00000000   Code   RO         3710    .ARM.Collect$$libinit$$00000030  c_w.l(libinit2.o)
    0x08000242   0x08000242   0x00000000   Code   RO         3712    .ARM.Collect$$libinit$$00000032  c_w.l(libinit2.o)
    0x08000242   0x08000242   0x00000002   Code   RO         3713    .ARM.Collect$$libinit$$00000033  c_w.l(libinit2.o)
    0x08000244   0x08000244   0x00000002   Code   RO         3731    .ARM.Collect$$libshutdown$$00000000  c_w.l(libshutdown.o)
    0x08000246   0x08000246   0x00000000   Code   RO         3741    .ARM.Collect$$libshutdown$$00000002  c_w.l(libshutdown2.o)
    0x08000246   0x08000246   0x00000000   Code   RO         3743    .ARM.Collect$$libshutdown$$00000004  c_w.l(libshutdown2.o)
    0x08000246   0x08000246   0x00000000   Code   RO         3746    .ARM.Collect$$libshutdown$$00000007  c_w.l(libshutdown2.o)
    0x08000246   0x08000246   0x00000000   Code   RO         3749    .ARM.Collect$$libshutdown$$0000000A  c_w.l(libshutdown2.o)
    0x08000246   0x08000246   0x00000000   Code   RO         3751    .ARM.Collect$$libshutdown$$0000000C  c_w.l(libshutdown2.o)
    0x08000246   0x08000246   0x00000000   Code   RO         3754    .ARM.Collect$$libshutdown$$0000000F  c_w.l(libshutdown2.o)
    0x08000246   0x08000246   0x00000002   Code   RO         3755    .ARM.Collect$$libshutdown$$00000010  c_w.l(libshutdown2.o)
    0x08000248   0x08000248   0x00000000   Code   RO         3631    .ARM.Collect$$rtentry$$00000000  c_w.l(__rtentry.o)
    0x08000248   0x08000248   0x00000000   Code   RO         3640    .ARM.Collect$$rtentry$$00000002  c_w.l(__rtentry2.o)
    0x08000248   0x08000248   0x00000006   Code   RO         3652    .ARM.Collect$$rtentry$$00000004  c_w.l(__rtentry4.o)
    0x0800024e   0x0800024e   0x00000000   Code   RO         3642    .ARM.Collect$$rtentry$$00000009  c_w.l(__rtentry2.o)
    0x0800024e   0x0800024e   0x00000004   Code   RO         3643    .ARM.Collect$$rtentry$$0000000A  c_w.l(__rtentry2.o)
    0x08000252   0x08000252   0x00000000   Code   RO         3645    .ARM.Collect$$rtentry$$0000000C  c_w.l(__rtentry2.o)
    0x08000252   0x08000252   0x00000008   Code   RO         3646    .ARM.Collect$$rtentry$$0000000D  c_w.l(__rtentry2.o)
    0x0800025a   0x0800025a   0x00000002   Code   RO         3667    .ARM.Collect$$rtexit$$00000000  c_w.l(rtexit.o)
    0x0800025c   0x0800025c   0x00000000   Code   RO         3715    .ARM.Collect$$rtexit$$00000002  c_w.l(rtexit2.o)
    0x0800025c   0x0800025c   0x00000004   Code   RO         3716    .ARM.Collect$$rtexit$$00000003  c_w.l(rtexit2.o)
    0x08000260   0x08000260   0x00000006   Code   RO         3717    .ARM.Collect$$rtexit$$00000004  c_w.l(rtexit2.o)
    0x08000266   0x08000266   0x00000002   PAD
    0x08000268   0x08000268   0x00000040   Code   RO         1348    .text               startup_stm32f40_41xxx.o
    0x080002a8   0x080002a8   0x00000002   Code   RO         3609    .text               c_w.l(use_no_semi_2.o)
    0x080002aa   0x080002aa   0x00000006   Code   RO         3613    .text               c_w.l(heapauxi.o)
    0x080002b0   0x080002b0   0x00000002   Code   RO         3629    .text               c_w.l(use_no_semi.o)
    0x080002b2   0x080002b2   0x0000004a   Code   RO         3654    .text               c_w.l(sys_stackheap_outer.o)
    0x080002fc   0x080002fc   0x00000012   Code   RO         3656    .text               c_w.l(exit.o)
    0x0800030e   0x0800030e   0x00000002   PAD
    0x08000310   0x08000310   0x00000008   Code   RO         3664    .text               c_w.l(libspace.o)
    0x08000318   0x08000318   0x00000004   Code   RO          193    i.BusFault_Handler  stm32f4xx_it.o
    0x0800031c   0x0800031c   0x00000064   Code   RO         1002    i.CmdResp1Error     sdio_sdcard.o
    0x08000380   0x08000380   0x00000044   Code   RO         3509    i.ColorMatch        color.o
    0x080003c4   0x080003c4   0x00001092   Code   RO         3510    i.Corrode           color.o
    0x08001456   0x08001456   0x00000002   Code   RO          194    i.DebugMon_Handler  stm32f4xx_it.o
    0x08001458   0x08001458   0x0000069c   Code   RO         3511    i.Digital_recognition  color.o
    0x08001af4   0x08001af4   0x0000004e   Code   RO          734    i.EXTI8_Init        ov7670.o
    0x08001b42   0x08001b42   0x00000002   PAD
    0x08001b44   0x08001b44   0x00000048   Code   RO          195    i.EXTI9_5_IRQHandler  stm32f4xx_it.o
    0x08001b8c   0x08001b8c   0x0000000c   Code   RO         2944    i.EXTI_ClearITPendingBit  stm32f4xx_exti.o
    0x08001b98   0x08001b98   0x00000018   Code   RO         2948    i.EXTI_GetITStatus  stm32f4xx_exti.o
    0x08001bb0   0x08001bb0   0x00000094   Code   RO         2949    i.EXTI_Init         stm32f4xx_exti.o
    0x08001c44   0x08001c44   0x00000034   Code   RO         1641    i.FSMC_NORSRAMCmd   stm32f4xx_fsmc.o
    0x08001c78   0x08001c78   0x000000e6   Code   RO         1643    i.FSMC_NORSRAMInit  stm32f4xx_fsmc.o
    0x08001d5e   0x08001d5e   0x00000002   PAD
    0x08001d60   0x08001d60   0x000002cc   Code   RO          702    i.FSMC_SRAM_Init    sram.o
    0x0800202c   0x0800202c   0x00000174   Code   RO          871    i.Feature_Recognize_Start_Phoenix  control.o
    0x080021a0   0x080021a0   0x00000090   Code   RO         1762    i.GPIO_Init         stm32f4xx_gpio.o
    0x08002230   0x08002230   0x00000046   Code   RO         1763    i.GPIO_PinAFConfig  stm32f4xx_gpio.o
    0x08002276   0x08002276   0x00000004   Code   RO         1770    i.GPIO_SetBits      stm32f4xx_gpio.o
    0x0800227a   0x0800227a   0x00000004   Code   RO          196    i.HardFault_Handler  stm32f4xx_it.o
    0x0800227e   0x0800227e   0x0000001a   Code   RO          356    i.LCD_BGR2RGB       lcd.o
    0x08002298   0x08002298   0x0000006c   Code   RO          357    i.LCD_Clear         lcd.o
    0x08002304   0x08002304   0x000001c0   Code   RO          361    i.LCD_Display_Dir   lcd.o
    0x080024c4   0x080024c4   0x000000b0   Code   RO          362    i.LCD_DrawLine      lcd.o
    0x08002574   0x08002574   0x00000024   Code   RO          363    i.LCD_DrawPoint     lcd.o
    0x08002598   0x08002598   0x0000003c   Code   RO          364    i.LCD_DrawRectangle  lcd.o
    0x080025d4   0x080025d4   0x00000180   Code   RO          366    i.LCD_Fast_DrawPoint  lcd.o
    0x08002754   0x08002754   0x000000b8   Code   RO          367    i.LCD_Fill          lcd.o
    0x0800280c   0x0800280c   0x00003954   Code   RO          369    i.LCD_Init          lcd.o
    0x08006160   0x08006160   0x00000014   Code   RO          371    i.LCD_RD_DATA       lcd.o
    0x08006174   0x08006174   0x0000016c   Code   RO          372    i.LCD_ReadPoint     lcd.o
    0x080062e0   0x080062e0   0x00000016   Code   RO          373    i.LCD_ReadReg       lcd.o
    0x080062f6   0x080062f6   0x00000002   PAD
    0x080062f8   0x080062f8   0x00000060   Code   RO          374    i.LCD_SSD_BackLightSet  lcd.o
    0x08006358   0x08006358   0x000002ec   Code   RO          375    i.LCD_Scan_Dir      lcd.o
    0x08006644   0x08006644   0x000001a8   Code   RO          376    i.LCD_SetCursor     lcd.o
    0x080067ec   0x080067ec   0x00000214   Code   RO          377    i.LCD_Set_Window    lcd.o
    0x08006a00   0x08006a00   0x00000128   Code   RO          378    i.LCD_ShowChar      lcd.o
    0x08006b28   0x08006b28   0x00000066   Code   RO          380    i.LCD_ShowString    lcd.o
    0x08006b8e   0x08006b8e   0x00000002   PAD
    0x08006b90   0x08006b90   0x00000018   Code   RO          382    i.LCD_WR_DATA       lcd.o
    0x08006ba8   0x08006ba8   0x00000018   Code   RO          383    i.LCD_WR_REG        lcd.o
    0x08006bc0   0x08006bc0   0x00000014   Code   RO          385    i.LCD_WriteRAM_Prepare  lcd.o
    0x08006bd4   0x08006bd4   0x00000014   Code   RO          386    i.LCD_WriteReg      lcd.o
    0x08006be8   0x08006be8   0x00000040   Code   RO          336    i.LED_Init          led.o
    0x08006c28   0x08006c28   0x00000004   Code   RO          197    i.MemManage_Handler  stm32f4xx_it.o
    0x08006c2c   0x08006c2c   0x00000002   Code   RO          198    i.NMI_Handler       stm32f4xx_it.o
    0x08006c2e   0x08006c2e   0x00000002   PAD
    0x08006c30   0x08006c30   0x00000078   Code   RO         1354    i.NVIC_Init         misc.o
    0x08006ca8   0x08006ca8   0x00000014   Code   RO         1355    i.NVIC_PriorityGroupConfig  misc.o
    0x08006cbc   0x08006cbc   0x00000114   Code   RO          939    i.OV7725_Init       ov7725.o
    0x08006dd0   0x08006dd0   0x0000016a   Code   RO          942    i.OV7725_Window_Set  ov7725.o
    0x08006f3a   0x08006f3a   0x00000002   PAD
    0x08006f3c   0x08006f3c   0x000001a4   Code   RO          875    i.OV7725_camera_refresh_color_track  control.o
    0x080070e0   0x080070e0   0x00000002   Code   RO          199    i.PendSV_Handler    stm32f4xx_it.o
    0x080070e2   0x080070e2   0x00000002   PAD
    0x080070e4   0x080070e4   0x00000020   Code   RO         1859    i.RCC_AHB1PeriphClockCmd  stm32f4xx_rcc.o
    0x08007104   0x08007104   0x00000020   Code   RO         1865    i.RCC_AHB3PeriphClockCmd  stm32f4xx_rcc.o
    0x08007124   0x08007124   0x00000020   Code   RO         1868    i.RCC_APB1PeriphClockCmd  stm32f4xx_rcc.o
    0x08007144   0x08007144   0x00000020   Code   RO         1871    i.RCC_APB2PeriphClockCmd  stm32f4xx_rcc.o
    0x08007164   0x08007164   0x000000e8   Code   RO         1880    i.RCC_GetClocksFreq  stm32f4xx_rcc.o
    0x0800724c   0x0800724c   0x00000124   Code   RO         3515    i.RGB2HSL           color.o
    0x08007370   0x08007370   0x00000040   Code   RO         3516    i.ReadColor         color.o
    0x080073b0   0x080073b0   0x00000054   Code   RO          808    i.SCCB_Init         sccb.o
    0x08007404   0x08007404   0x00000040   Code   RO          809    i.SCCB_No_Ack       sccb.o
    0x08007444   0x08007444   0x00000070   Code   RO          810    i.SCCB_RD_Byte      sccb.o
    0x080074b4   0x080074b4   0x0000004e   Code   RO          811    i.SCCB_RD_Reg       sccb.o
    0x08007502   0x08007502   0x00000002   PAD
    0x08007504   0x08007504   0x00000034   Code   RO          812    i.SCCB_Start        sccb.o
    0x08007538   0x08007538   0x00000034   Code   RO          813    i.SCCB_Stop         sccb.o
    0x0800756c   0x0800756c   0x000000a8   Code   RO          814    i.SCCB_WR_Byte      sccb.o
    0x08007614   0x08007614   0x0000003e   Code   RO          815    i.SCCB_WR_Reg       sccb.o
    0x08007652   0x08007652   0x00000002   PAD
    0x08007654   0x08007654   0x0000000c   Code   RO         3062    i.SDIO_ClearFlag    stm32f4xx_sdio.o
    0x08007660   0x08007660   0x00000018   Code   RO         3074    i.SDIO_GetFlagStatus  stm32f4xx_sdio.o
    0x08007678   0x08007678   0x00000008   Code   RO         1011    i.SDIO_IRQHandler   sdio_sdcard.o
    0x08007680   0x08007680   0x0000002c   Code   RO         3082    i.SDIO_SendCommand  stm32f4xx_sdio.o
    0x080076ac   0x080076ac   0x00000154   Code   RO         1021    i.SD_ProcessIRQSrc  sdio_sdcard.o
    0x08007800   0x08007800   0x00000002   Code   RO          200    i.SVC_Handler       stm32f4xx_it.o
    0x08007802   0x08007802   0x00000002   PAD
    0x08007804   0x08007804   0x00000040   Code   RO         3008    i.SYSCFG_EXTILineConfig  stm32f4xx_syscfg.o
    0x08007844   0x08007844   0x000001c4   Code   RO         3517    i.SearchCenter      color.o
    0x08007a08   0x08007a08   0x000000ec   Code   RO          299    i.SetSysClock       system_stm32f4xx.o
    0x08007af4   0x08007af4   0x00000028   Code   RO         1358    i.SysTick_CLKSourceConfig  misc.o
    0x08007b1c   0x08007b1c   0x00000002   Code   RO          201    i.SysTick_Handler   stm32f4xx_it.o
    0x08007b1e   0x08007b1e   0x00000002   PAD
    0x08007b20   0x08007b20   0x00000068   Code   RO          301    i.SystemInit        system_stm32f4xx.o
    0x08007b88   0x08007b88   0x00000018   Code   RO          676    i.TIM3_IRQHandler   timer.o
    0x08007ba0   0x08007ba0   0x00000006   Code   RO         2204    i.TIM_ClearITPendingBit  stm32f4xx_tim.o
    0x08007ba6   0x08007ba6   0x00000022   Code   RO         2230    i.TIM_GetITStatus   stm32f4xx_tim.o
    0x08007bc8   0x08007bc8   0x000000b0   Code   RO         3518    i.Trace             color.o
    0x08007c78   0x08007c78   0x00000088   Code   RO         1314    i.USART1_IRQHandler  usart.o
    0x08007d00   0x08007d00   0x0000003c   Code   RO          631    i.USART2_IRQHandler  usart2.o
    0x08007d3c   0x08007d3c   0x00000018   Code   RO         2759    i.USART_Cmd         stm32f4xx_usart.o
    0x08007d54   0x08007d54   0x00000054   Code   RO         2763    i.USART_GetITStatus  stm32f4xx_usart.o
    0x08007da8   0x08007da8   0x0000004a   Code   RO         2765    i.USART_ITConfig    stm32f4xx_usart.o
    0x08007df2   0x08007df2   0x00000002   PAD
    0x08007df4   0x08007df4   0x000000d4   Code   RO         2766    i.USART_Init        stm32f4xx_usart.o
    0x08007ec8   0x08007ec8   0x0000000a   Code   RO         2773    i.USART_ReceiveData  stm32f4xx_usart.o
    0x08007ed2   0x08007ed2   0x00000008   Code   RO         2776    i.USART_SendData    stm32f4xx_usart.o
    0x08007eda   0x08007eda   0x00000004   Code   RO          202    i.UsageFault_Handler  stm32f4xx_it.o
    0x08007ede   0x08007ede   0x00000004   Code   RO          632    i._sys_exit         usart2.o
    0x08007ee2   0x08007ee2   0x00000002   PAD
    0x08007ee4   0x08007ee4   0x0000003c   Code   RO         1256    i.delay_init        delay.o
    0x08007f20   0x08007f20   0x00000038   Code   RO         1257    i.delay_ms          delay.o
    0x08007f58   0x08007f58   0x0000004c   Code   RO         1258    i.delay_us          delay.o
    0x08007fa4   0x08007fa4   0x0000004c   Code   RO         1259    i.delay_xms         delay.o
    0x08007ff0   0x08007ff0   0x00000028   Code   RO         3520    i.draw_cross        color.o
    0x08008018   0x08008018   0x000000e0   Code   RO            3    i.main              main.o
    0x080080f8   0x080080f8   0x0000000e   Code   RO          387    i.opt_delay         lcd.o
    0x08008106   0x08008106   0x00000002   PAD
    0x08008108   0x08008108   0x000000ac   Code   RO          634    i.usart2_init       usart2.o
    0x080081b4   0x080081b4   0x0000005a   Code   RO         3617    x$fpl$dfixu         fz_wm.l(dfixu.o)
    0x0800820e   0x0800820e   0x00000026   Code   RO         3621    x$fpl$dfltu         fz_wm.l(dflt_clz.o)
    0x08008234   0x08008234   0x00000154   Code   RO         3627    x$fpl$dmul          fz_wm.l(dmul.o)
    0x08008388   0x08008388   0x0000009c   Code   RO         3634    x$fpl$dnaninf       fz_wm.l(dnaninf.o)
    0x08008424   0x08008424   0x0000000c   Code   RO         3636    x$fpl$dretinf       fz_wm.l(dretinf.o)
    0x08008430   0x08008430   0x0000000a   Code   RO         3723    x$fpl$fpinit        fz_wm.l(fpinit.o)
    0x0800843a   0x0800843a   0x00000000   Code   RO         3638    x$fpl$usenofp       fz_wm.l(usenofp.o)
    0x0800843a   0x0800843a   0x000017c0   Data   RO          389    .constdata          lcd.o
    0x08009bfa   0x08009bfa   0x00000082   Data   RO          943    .constdata          ov7725.o
    0x08009c7c   0x08009c7c   0x00000020   Data   RO         3787    Region$$Table       anon$$obj.o


    Execution Region RW_IRAM1 (Exec base: 0x20000000, Load base: 0x08009c9c, Size: 0x00000bc8, Max: 0x00020000, ABSOLUTE, COMPRESSED[0x00000068])

    Exec Addr    Load Addr    Size         Type   Attr      Idx    E Section Name        Object

    0x20000000   COMPRESSED   0x00000001   Data   RW          203    .data               stm32f4xx_it.o
    0x20000001   COMPRESSED   0x00000001   PAD
    0x20000002   COMPRESSED   0x00000004   Data   RW          390    .data               lcd.o
    0x20000006   COMPRESSED   0x00000002   PAD
    0x20000008   COMPRESSED   0x00000006   Data   RW          635    .data               usart2.o
    0x2000000e   COMPRESSED   0x00000006   Data   RW          878    .data               control.o
    0x20000014   COMPRESSED   0x00000010   Data   RW         1033    .data               sdio_sdcard.o
    0x20000024   COMPRESSED   0x00000004   Data   RW         1260    .data               delay.o
    0x20000028   COMPRESSED   0x00000002   Data   RW         1317    .data               usart.o
    0x2000002a   COMPRESSED   0x00000010   Data   RW         1912    .data               stm32f4xx_rcc.o
    0x2000003a   COMPRESSED   0x00000002   PAD
    0x2000003c   COMPRESSED   0x00000160   Data   RW         3522    .data               color.o
    0x2000019c        -       0x0000000e   Zero   RW          388    .bss                lcd.o
    0x200001aa   COMPRESSED   0x00000006   PAD
    0x200001b0        -       0x000002c0   Zero   RW         1032    .bss                sdio_sdcard.o
    0x20000470        -       0x000000c8   Zero   RW         1316    .bss                usart.o
    0x20000538        -       0x0000002e   Zero   RW         3521    .bss                color.o
    0x20000566   COMPRESSED   0x00000002   PAD
    0x20000568        -       0x00000060   Zero   RW         3665    .bss                c_w.l(libspace.o)
    0x200005c8        -       0x00000200   Zero   RW         1346    HEAP                startup_stm32f40_41xxx.o
    0x200007c8        -       0x00000400   Zero   RW         1345    STACK               startup_stm32f40_41xxx.o


==============================================================================

Image component sizes


      Code (inc. data)   RO Data    RW Data    ZI Data      Debug   Object Name

      7026        332          0        352         46      12799   color.o
       792         74          0          6          0       2787   control.o
       268         16          0          4          0       2767   delay.o
     18804        208       6080          4         14      29232   lcd.o
        64          4          0          0          0        583   led.o
       224         38          0          0          0     303367   main.o
       180         24          0          0          0       2265   misc.o
        78          0          0          0          0        645   ov7670.o
       638         24        130          0          0       4604   ov7725.o
       672         60          0          0          0       5117   sccb.o
       448         28          0         16        704      11806   sdio_sdcard.o
       716         22          0          0          0       1041   sram.o
        64         26        392          0       1536        876   startup_stm32f40_41xxx.o
       184         16          0          0          0       2280   stm32f4xx_exti.o
       282          6          0          0          0       1965   stm32f4xx_fsmc.o
       218          0          0          0          0       2506   stm32f4xx_gpio.o
        98         18          0          1          0     232856   stm32f4xx_it.o
       360         42          0         16          0       5536   stm32f4xx_rcc.o
        80         14          0          0          0       3677   stm32f4xx_sdio.o
        64          4          0          0          0        700   stm32f4xx_syscfg.o
        40          0          0          0          0       1970   stm32f4xx_tim.o
       412          8          0          0          0       5151   stm32f4xx_usart.o
       340         32          0          0          0       1617   system_stm32f4xx.o
        24          4          0          0          0        554   timer.o
       136         14          0          2        200       1336   usart.o
       236         24          0          6          0       3916   usart2.o

    ----------------------------------------------------------------------
     32476       1038       6634        412       2508     641953   Object Totals
         0          0         32          0          0          0   (incl. Generated)
        28          0          0          5          8          0   (incl. Padding)

    ----------------------------------------------------------------------

      Code (inc. data)   RO Data    RW Data    ZI Data      Debug   Library Member Name

        90          0          0          0          0          0   __dczerorl2.o
         8          0          0          0          0         68   __main.o
         0          0          0          0          0          0   __rtentry.o
        12          0          0          0          0          0   __rtentry2.o
         6          0          0          0          0          0   __rtentry4.o
        52          8          0          0          0          0   __scatter.o
        28          0          0          0          0          0   __scatter_zi.o
        18          0          0          0          0         80   exit.o
         6          0          0          0          0        152   heapauxi.o
         2          0          0          0          0          0   libinit.o
         6          0          0          0          0          0   libinit2.o
         2          0          0          0          0          0   libshutdown.o
         2          0          0          0          0          0   libshutdown2.o
         8          4          0          0         96         68   libspace.o
         2          0          0          0          0          0   rtexit.o
        10          0          0          0          0          0   rtexit2.o
        74          0          0          0          0         80   sys_stackheap_outer.o
         2          0          0          0          0         68   use_no_semi.o
         2          0          0          0          0         68   use_no_semi_2.o
        90          4          0          0          0        140   dfixu.o
        38          0          0          0          0        116   dflt_clz.o
       340         12          0          0          0        152   dmul.o
       156          4          0          0          0        140   dnaninf.o
        12          0          0          0          0        116   dretinf.o
        10          0          0          0          0        116   fpinit.o
         0          0          0          0          0          0   usenofp.o

    ----------------------------------------------------------------------
       982         32          0          0         96       1364   Library Totals
         6          0          0          0          0          0   (incl. Padding)

    ----------------------------------------------------------------------

      Code (inc. data)   RO Data    RW Data    ZI Data      Debug   Library Name

       330         12          0          0         96        584   c_w.l
       646         20          0          0          0        780   fz_wm.l

    ----------------------------------------------------------------------
       982         32          0          0         96       1364   Library Totals

    ----------------------------------------------------------------------

==============================================================================


      Code (inc. data)   RO Data    RW Data    ZI Data      Debug   

     33458       1070       6634        412       2604     633561   Grand Totals
     33458       1070       6634        104       2604     633561   ELF Image Totals (compressed)
     33458       1070       6634        104          0          0   ROM Totals

==============================================================================

    Total RO  Size (Code + RO Data)                40092 (  39.15kB)
    Total RW  Size (RW Data + ZI Data)              3016 (   2.95kB)
    Total ROM Size (Code + RO Data + RW Data)      40196 (  39.25kB)

==============================================================================

