Component: ARM Compiler 5.06 update 6 (build 750) Tool: armlink [4d35ed]

==============================================================================

Section Cross References

    main.o(i.main) refers to start_task.o(i.Module_Init) for Module_Init
    main.o(i.main) refers to start_task.o(i.StartTask_Init) for StartTask_Init
    system_stm32f10x.o(i.SetSysClock) refers to system_stm32f10x.o(i.SetSysClockTo72) for SetSysClockTo72
    system_stm32f10x.o(i.SystemCoreClockUpdate) refers to system_stm32f10x.o(.data) for SystemCoreClock
    system_stm32f10x.o(i.SystemInit) refers to system_stm32f10x.o(i.SetSysClock) for SetSysClock
    led.o(i.LED_Init) refers to stm32f10x_rcc.o(i.RCC_APB2PeriphClockCmd) for RCC_APB2PeriphClockCmd
    led.o(i.LED_Init) refers to stm32f10x_gpio.o(i.GPIO_PinRemapConfig) for GPIO_PinRemapConfig
    led.o(i.LED_Init) refers to stm32f10x_gpio.o(i.GPIO_Init) for GPIO_Init
    led.o(i.LED_Init) refers to stm32f10x_gpio.o(i.GPIO_SetBits) for GPIO_SetBits
    oled.o(i.Display) refers to oled.o(i.OLED_Set_Pos) for OLED_Set_Pos
    oled.o(i.Display) refers to oled.o(i.OLED_WR_Byte) for OLED_WR_Byte
    oled.o(i.Display) refers to oled.o(.data) for data
    oled.o(i.IIC_Start) refers to stm32f10x_gpio.o(i.GPIO_SetBits) for GPIO_SetBits
    oled.o(i.IIC_Start) refers to stm32f10x_gpio.o(i.GPIO_ResetBits) for GPIO_ResetBits
    oled.o(i.IIC_Stop) refers to stm32f10x_gpio.o(i.GPIO_SetBits) for GPIO_SetBits
    oled.o(i.IIC_Stop) refers to stm32f10x_gpio.o(i.GPIO_ResetBits) for GPIO_ResetBits
    oled.o(i.IIC_Wait_Ack) refers to stm32f10x_gpio.o(i.GPIO_SetBits) for GPIO_SetBits
    oled.o(i.IIC_Wait_Ack) refers to stm32f10x_gpio.o(i.GPIO_ResetBits) for GPIO_ResetBits
    oled.o(i.OLED_Clear) refers to oled.o(i.OLED_WR_Byte) for OLED_WR_Byte
    oled.o(i.OLED_Display_Off) refers to oled.o(i.OLED_WR_Byte) for OLED_WR_Byte
    oled.o(i.OLED_Display_On) refers to oled.o(i.OLED_WR_Byte) for OLED_WR_Byte
    oled.o(i.OLED_DrawBMP) refers to oled.o(i.OLED_Set_Pos) for OLED_Set_Pos
    oled.o(i.OLED_DrawBMP) refers to oled.o(i.OLED_WR_Byte) for OLED_WR_Byte
    oled.o(i.OLED_DrawBMP) refers to delay.o(i.delay_ms) for delay_ms
    oled.o(i.OLED_DrawPoint) refers to oled.o(.bss) for OLED_GRAM
    oled.o(i.OLED_Init) refers to stm32f10x_rcc.o(i.RCC_APB2PeriphClockCmd) for RCC_APB2PeriphClockCmd
    oled.o(i.OLED_Init) refers to stm32f10x_gpio.o(i.GPIO_PinRemapConfig) for GPIO_PinRemapConfig
    oled.o(i.OLED_Init) refers to stm32f10x_gpio.o(i.GPIO_Init) for GPIO_Init
    oled.o(i.OLED_Init) refers to stm32f10x_gpio.o(i.GPIO_SetBits) for GPIO_SetBits
    oled.o(i.OLED_Init) refers to delay.o(i.delay_ms) for delay_ms
    oled.o(i.OLED_Init) refers to oled.o(i.OLED_WR_Byte) for OLED_WR_Byte
    oled.o(i.OLED_On) refers to oled.o(i.OLED_WR_Byte) for OLED_WR_Byte
    oled.o(i.OLED_Refresh) refers to oled.o(i.OLED_WR_Byte) for OLED_WR_Byte
    oled.o(i.OLED_Refresh) refers to oled.o(i.IIC_Start) for IIC_Start
    oled.o(i.OLED_Refresh) refers to oled.o(i.IIC_Wait_Ack) for IIC_Wait_Ack
    oled.o(i.OLED_Refresh) refers to oled.o(i.IIC_Stop) for IIC_Stop
    oled.o(i.OLED_Refresh) refers to oled.o(.bss) for OLED_GRAM
    oled.o(i.OLED_Set_Pos) refers to oled.o(i.OLED_WR_Byte) for OLED_WR_Byte
    oled.o(i.OLED_ShowCHinese) refers to oled.o(i.OLED_Set_Pos) for OLED_Set_Pos
    oled.o(i.OLED_ShowCHinese) refers to oled.o(i.OLED_WR_Byte) for OLED_WR_Byte
    oled.o(i.OLED_ShowCHinese) refers to oled.o(.data) for Hzk
    oled.o(i.OLED_ShowChar) refers to oled.o(i.OLED_Set_Pos) for OLED_Set_Pos
    oled.o(i.OLED_ShowChar) refers to oled.o(i.OLED_WR_Byte) for OLED_WR_Byte
    oled.o(i.OLED_ShowChar) refers to oled.o(.data) for F8X16
    oled.o(i.OLED_ShowNum) refers to oled.o(i.oled_pow) for oled_pow
    oled.o(i.OLED_ShowNum) refers to oled.o(i.OLED_ShowChar) for OLED_ShowChar
    oled.o(i.OLED_ShowStr) refers to oled.o(i.OLED_ShowChar) for OLED_ShowChar
    oled.o(i.OLED_ShowString) refers to oled.o(i.OLED_ShowChar) for OLED_ShowChar
    oled.o(i.OLED_WR_Byte) refers to oled.o(i.Write_IIC_Data) for Write_IIC_Data
    oled.o(i.OLED_WR_Byte) refers to oled.o(i.Write_IIC_Command) for Write_IIC_Command
    oled.o(i.Write_IIC_Byte) refers to stm32f10x_gpio.o(i.GPIO_ResetBits) for GPIO_ResetBits
    oled.o(i.Write_IIC_Byte) refers to stm32f10x_gpio.o(i.GPIO_SetBits) for GPIO_SetBits
    oled.o(i.Write_IIC_Command) refers to oled.o(i.IIC_Start) for IIC_Start
    oled.o(i.Write_IIC_Command) refers to oled.o(i.Write_IIC_Byte) for Write_IIC_Byte
    oled.o(i.Write_IIC_Command) refers to oled.o(i.IIC_Wait_Ack) for IIC_Wait_Ack
    oled.o(i.Write_IIC_Command) refers to oled.o(i.IIC_Stop) for IIC_Stop
    oled.o(i.Write_IIC_Data) refers to oled.o(i.IIC_Start) for IIC_Start
    oled.o(i.Write_IIC_Data) refers to oled.o(i.Write_IIC_Byte) for Write_IIC_Byte
    oled.o(i.Write_IIC_Data) refers to oled.o(i.IIC_Wait_Ack) for IIC_Wait_Ack
    oled.o(i.Write_IIC_Data) refers to oled.o(i.IIC_Stop) for IIC_Stop
[...]
    prvAddNewTaskToReadyList                 0x08004c71   Thumb Code   156  tasks.o(i.prvAddNewTaskToReadyList)
    i.prvCheckForValidListAndQueue           0x08004d28   Section        0  timers.o(i.prvCheckForValidListAndQueue)
    prvCheckForValidListAndQueue             0x08004d29   Thumb Code    72  timers.o(i.prvCheckForValidListAndQueue)
    i.prvCheckTasksWaitingTermination        0x08004d8c   Section        0  tasks.o(i.prvCheckTasksWaitingTermination)
    prvCheckTasksWaitingTermination          0x08004d8d   Thumb Code    86  tasks.o(i.prvCheckTasksWaitingTermination)
    i.prvCopyDataFromQueue                   0x08004df0   Section        0  queue.o(i.prvCopyDataFromQueue)
    prvCopyDataFromQueue                     0x08004df1   Thumb Code    42  queue.o(i.prvCopyDataFromQueue)
    i.prvCopyDataToQueue                     0x08004e1a   Section        0  queue.o(i.prvCopyDataToQueue)
    prvCopyDataToQueue                       0x08004e1b   Thumb Code   124  queue.o(i.prvCopyDataToQueue)
    i.prvDeleteTCB                           0x08004e96   Section        0  tasks.o(i.prvDeleteTCB)
    prvDeleteTCB                             0x08004e97   Thumb Code    18  tasks.o(i.prvDeleteTCB)
    i.prvGetNextExpireTime                   0x08004ea8   Section        0  timers.o(i.prvGetNextExpireTime)
    prvGetNextExpireTime                     0x08004ea9   Thumb Code    36  timers.o(i.prvGetNextExpireTime)
    i.prvHeapInit                            0x08004ed0   Section        0  heap_4.o(i.prvHeapInit)
    prvHeapInit                              0x08004ed1   Thumb Code    98  heap_4.o(i.prvHeapInit)
    i.prvIdleTask                            0x08004f4c   Section        0  tasks.o(i.prvIdleTask)
    prvIdleTask                              0x08004f4d   Thumb Code    32  tasks.o(i.prvIdleTask)
    i.prvInitialiseNewQueue                  0x08004f74   Section        0  queue.o(i.prvInitialiseNewQueue)
    prvInitialiseNewQueue                    0x08004f75   Thumb Code    46  queue.o(i.prvInitialiseNewQueue)
    i.prvInitialiseNewTask                   0x08004fa4   Section        0  tasks.o(i.prvInitialiseNewTask)
    prvInitialiseNewTask                     0x08004fa5   Thumb Code   170  tasks.o(i.prvInitialiseNewTask)
    i.prvInitialiseTaskLists                 0x08005074   Section        0  tasks.o(i.prvInitialiseTaskLists)
    prvInitialiseTaskLists                   0x08005075   Thumb Code    70  tasks.o(i.prvInitialiseTaskLists)
    i.prvInsertBlockIntoFreeList             0x080050dc   Section        0  heap_4.o(i.prvInsertBlockIntoFreeList)
    prvInsertBlockIntoFreeList               0x080050dd   Thumb Code    96  heap_4.o(i.prvInsertBlockIntoFreeList)
    i.prvInsertTimerInActiveList             0x08005144   Section        0  timers.o(i.prvInsertTimerInActiveList)
    prvInsertTimerInActiveList               0x08005145   Thumb Code    80  timers.o(i.prvInsertTimerInActiveList)
    i.prvIsQueueEmpty                        0x0800519c   Section        0  queue.o(i.prvIsQueueEmpty)
    prvIsQueueEmpty                          0x0800519d   Thumb Code    26  queue.o(i.prvIsQueueEmpty)
    i.prvIsQueueFull                         0x080051b6   Section        0  queue.o(i.prvIsQueueFull)
    prvIsQueueFull                           0x080051b7   Thumb Code    30  queue.o(i.prvIsQueueFull)
    i.prvNotifyQueueSetContainer             0x080051d4   Section        0  queue.o(i.prvNotifyQueueSetContainer)
    prvNotifyQueueSetContainer               0x080051d5   Thumb Code   124  queue.o(i.prvNotifyQueueSetContainer)
    i.prvProcessExpiredTimer                 0x08005274   Section        0  timers.o(i.prvProcessExpiredTimer)
    prvProcessExpiredTimer                   0x08005275   Thumb Code    84  timers.o(i.prvProcessExpiredTimer)
    i.prvProcessReceivedCommands             0x080052f4   Section        0  timers.o(i.prvProcessReceivedCommands)
    prvProcessReceivedCommands               0x080052f5   Thumb Code   254  timers.o(i.prvProcessReceivedCommands)
    i.prvProcessTimerOrBlockTask             0x08005420   Section        0  timers.o(i.prvProcessTimerOrBlockTask)
    prvProcessTimerOrBlockTask               0x08005421   Thumb Code   102  timers.o(i.prvProcessTimerOrBlockTask)
    i.prvResetNextTaskUnblockTime            0x08005494   Section        0  tasks.o(i.prvResetNextTaskUnblockTime)
    prvResetNextTaskUnblockTime              0x08005495   Thumb Code    42  tasks.o(i.prvResetNextTaskUnblockTime)
    i.prvSampleTimeNow                       0x080054c8   Section        0  timers.o(i.prvSampleTimeNow)
    prvSampleTimeNow                         0x080054c9   Thumb Code    40  timers.o(i.prvSampleTimeNow)
    i.prvSwitchTimerLists                    0x080054f4   Section        0  timers.o(i.prvSwitchTimerLists)
    prvSwitchTimerLists                      0x080054f5   Thumb Code   140  timers.o(i.prvSwitchTimerLists)
    i.prvTaskExitError                       0x080055b0   Section        0  port.o(i.prvTaskExitError)
    prvTaskExitError                         0x080055b1   Thumb Code    48  port.o(i.prvTaskExitError)
    i.prvTimerTask                           0x08005620   Section        0  timers.o(i.prvTimerTask)
    prvTimerTask                             0x08005621   Thumb Code    26  timers.o(i.prvTimerTask)
    i.prvUnlockQueue                         0x0800563a   Section        0  queue.o(i.prvUnlockQueue)
    prvUnlockQueue                           0x0800563b   Thumb Code   146  queue.o(i.prvUnlockQueue)
    i.pvPortMalloc                           0x080056cc   Section        0  heap_4.o(i.pvPortMalloc)
    i.pvTaskIncrementMutexHeldCount          0x08005820   Section        0  tasks.o(i.pvTaskIncrementMutexHeldCount)
    i.pxPortInitialiseStack                  0x08005840   Section        0  port.o(i.pxPortInitialiseStack)
    i.uart1_init                             0x08005864   Section        0  usart.o(i.uart1_init)
    i.usart_display                          0x08005988   Section        0  oled_task.o(i.usart_display)
    i.uxListRemove                           0x08005ba8   Section        0  list.o(i.uxListRemove)
    i.vListInitialise                        0x08005bd0   Section        0  list.o(i.vListInitialise)
    i.vListInitialiseItem                    0x08005bea   Section        0  list.o(i.vListInitialiseItem)
    i.vListInsert                            0x08005bf0   Section        0  list.o(i.vListInsert)
    i.vListInsertEnd                         0x08005c24   Section        0  list.o(i.vListInsertEnd)
    i.vPortEnterCritical                     0x08005c3c   Section        0  port.o(i.vPortEnterCritical)
    i.vPortExitCritical                      0x08005cc4   Section        0  port.o(i.vPortExitCritical)
    i.vPortFree                              0x08005d34   Section        0  heap_4.o(i.vPortFree)
    i.vPortSetupTimerInterrupt               0x08005dec   Section        0  port.o(i.vPortSetupTimerInterrupt)
    i.vPortValidateInterruptPriority         0x08005e0c   Section        0  port.o(i.vPortValidateInterruptPriority)
    i.vQueueAddToRegistry                    0x08005eac   Section        0  queue.o(i.vQueueAddToRegistry)
    i.vQueueWaitForMessageRestricted         0x08005ed8   Section        0  queue.o(i.vQueueWaitForMessageRestricted)
    i.vTaskDelay                             0x08005f24   Section        0  tasks.o(i.vTaskDelay)
    i.vTaskDelete                            0x08005f98   Section        0  tasks.o(i.vTaskDelete)
    i.vTaskMissedYield                       0x080060a4   Section        0  tasks.o(i.vTaskMissedYield)
    i.vTaskPlaceOnEventList                  0x080060b0   Section        0  tasks.o(i.vTaskPlaceOnEventList)
    i.vTaskPlaceOnEventListRestricted        0x08006104   Section        0  tasks.o(i.vTaskPlaceOnEventListRestricted)
    i.vTaskPriorityInherit                   0x08006160   Section        0  tasks.o(i.vTaskPriorityInherit)
    i.vTaskSetTimeOutState                   0x08006210   Section        0  tasks.o(i.vTaskSetTimeOutState)
    i.vTaskStartScheduler                    0x0800625c   Section        0  tasks.o(i.vTaskStartScheduler)
    i.vTaskSuspendAll                        0x08006308   Section        0  tasks.o(i.vTaskSuspendAll)
    i.vTaskSwitchContext                     0x08006318   Section        0  tasks.o(i.vTaskSwitchContext)
    i.xPortStartScheduler                    0x080063c0   Section        0  port.o(i.xPortStartScheduler)
    i.xPortSysTickHandler                    0x08006460   Section        0  port.o(i.xPortSysTickHandler)
    i.xQueueGenericCreate                    0x08006494   Section        0  queue.o(i.xQueueGenericCreate)
    i.xQueueGenericReceive                   0x08006508   Section        0  queue.o(i.xQueueGenericReceive)
    i.xQueueGenericReset                     0x080066d0   Section        0  queue.o(i.xQueueGenericReset)
    i.xQueueGenericSend                      0x08006780   Section        0  queue.o(i.xQueueGenericSend)
    i.xQueueGenericSendFromISR               0x08006944   Section        0  queue.o(i.xQueueGenericSendFromISR)
    i.xTaskCheckForTimeOut                   0x08006a54   Section        0  tasks.o(i.xTaskCheckForTimeOut)
    i.xTaskCreate                            0x08006af4   Section        0  tasks.o(i.xTaskCreate)
    i.xTaskGetSchedulerState                 0x08006b54   Section        0  tasks.o(i.xTaskGetSchedulerState)
    i.xTaskGetTickCount                      0x08006b74   Section        0  tasks.o(i.xTaskGetTickCount)
    i.xTaskIncrementTick                     0x08006b80   Section        0  tasks.o(i.xTaskIncrementTick)
    i.xTaskPriorityDisinherit                0x08006ce0   Section        0  tasks.o(i.xTaskPriorityDisinherit)
    i.xTaskRemoveFromEventList               0x08006db8   Section        0  tasks.o(i.xTaskRemoveFromEventList)
    i.xTaskResumeAll                         0x08006e6c   Section        0  tasks.o(i.xTaskResumeAll)
    i.xTimerCreateTimerTask                  0x08006f8c   Section        0  timers.o(i.xTimerCreateTimerTask)
    i.xTimerGenericCommand                   0x08007000   Section        0  timers.o(i.xTimerGenericCommand)
    .constdata                               0x080070a4   Section       12  motor_task.o(.constdata)
    Speed_Motor_Pid                          0x080070a4   Data          12  motor_task.o(.constdata)
    .data                                    0x20000000   Section       20  system_stm32f10x.o(.data)
    .data                                    0x20000014   Section     3537  oled.o(.data)
    .data                                    0x20000de5   Section        1  key.o(.data)
    key_up                                   0x20000de5   Data           1  key.o(.data)
    .data                                    0x20000de6   Section        1  can_receive.o(.data)
    i                                        0x20000de6   Data           1  can_receive.o(.data)
    .data                                    0x20000de8   Section        9  remote.o(.data)
    .data                                    0x20000df2   Section        4  rc.o(.data)
    this_time_rx_len                         0x20000df4   Data           2  rc.o(.data)
    .data                                    0x20000df6   Section        4  delay.o(.data)
    fac_us                                   0x20000df6   Data           1  delay.o(.data)
    fac_ms                                   0x20000df8   Data           2  delay.o(.data)
    .data                                    0x20000dfc   Section        8  usart.o(.data)
    .data                                    0x20000e04   Section       20  stm32f10x_rcc.o(.data)
    APBAHBPrescTable                         0x20000e04   Data          16  stm32f10x_rcc.o(.data)
    ADCPrescTable                            0x20000e14   Data           4  stm32f10x_rcc.o(.data)
    .data                                    0x20000e18   Section       60  tasks.o(.data)
    pxDelayedTaskList                        0x20000e1c   Data           4  tasks.o(.data)
    pxOverflowDelayedTaskList                0x20000e20   Data           4  tasks.o(.data)
    uxDeletedTasksWaitingCleanUp             0x20000e24   Data           4  tasks.o(.data)
    uxCurrentNumberOfTasks                   0x20000e28   Data           4  tasks.o(.data)
    xTickCount                               0x20000e2c   Data           4  tasks.o(.data)
    uxTopReadyPriority                       0x20000e30   Data           4  tasks.o(.data)
    xSchedulerRunning                        0x20000e34   Data           4  tasks.o(.data)
    uxPendedTicks                            0x20000e38   Data           4  tasks.o(.data)
    xYieldPending                            0x20000e3c   Data           4  tasks.o(.data)
    xNumOfOverflows                          0x20000e40   Data           4  tasks.o(.data)
    uxTaskNumber                             0x20000e44   Data           4  tasks.o(.data)
    xNextTaskUnblockTime                     0x20000e48   Data           4  tasks.o(.data)
    xIdleTaskHandle                          0x20000e4c   Data           4  tasks.o(.data)
    uxSchedulerSuspended                     0x20000e50   Data           4  tasks.o(.data)
    .data                                    0x20000e54   Section       20  timers.o(.data)
    pxCurrentTimerList                       0x20000e54   Data           4  timers.o(.data)
    pxOverflowTimerList                      0x20000e58   Data           4  timers.o(.data)
    xTimerQueue                              0x20000e5c   Data           4  timers.o(.data)
    xTimerTaskHandle                         0x20000e60   Data           4  timers.o(.data)
    xLastTime                                0x20000e64   Data           4  timers.o(.data)
    .data                                    0x20000e68   Section       24  heap_4.o(.data)
    xStart                                   0x20000e68   Data           8  heap_4.o(.data)
    pxEnd                                    0x20000e70   Data           4  heap_4.o(.data)
    xFreeBytesRemaining                      0x20000e74   Data           4  heap_4.o(.data)
    xMinimumEverFreeBytesRemaining           0x20000e78   Data           4  heap_4.o(.data)
    xBlockAllocatedBit                       0x20000e7c   Data           4  heap_4.o(.data)
    .data                                    0x20000e80   Section       12  port.o(.data)
    uxCriticalNesting                        0x20000e80   Data           4  port.o(.data)
    ucMaxSysCallPriority                     0x20000e84   Data           1  port.o(.data)
    ulMaxPRIGROUPValue                       0x20000e88   Data           4  port.o(.data)
    .data                                    0x20000e8c   Section      832  oled_task.o(.data)
    .data                                    0x200011cc   Section       16  start_task.o(.data)
    StartTask_Handle                         0x200011cc   Data           4  start_task.o(.data)
    OLED_Task_Handle                         0x200011d0   Data           4  start_task.o(.data)
    Motor_Task_Handle                        0x200011d4   Data           4  start_task.o(.data)
    Steer_Task_Handle                        0x200011d8   Data           4  start_task.o(.data)
    .bss                                     0x200011dc   Section      296  can_receive.o(.bss)
    .bss                                     0x20001304   Section       40  rc.o(.bss)
    .bss                                     0x2000132c   Section      236  usart.o(.bss)
    .bss                                     0x20001418   Section       64  queue.o(.bss)
    .bss                                     0x20001458   Section      740  tasks.o(.bss)
    pxReadyTasksLists                        0x20001458   Data         640  tasks.o(.bss)
    xDelayedTaskList1                        0x200016d8   Data          20  tasks.o(.bss)
    xDelayedTaskList2                        0x200016ec   Data          20  tasks.o(.bss)
    xPendingReadyList                        0x20001700   Data          20  tasks.o(.bss)
    xTasksWaitingTermination                 0x20001714   Data          20  tasks.o(.bss)
    xSuspendedTaskList                       0x20001728   Data          20  tasks.o(.bss)
    .bss                                     0x2000173c   Section       40  timers.o(.bss)
    xActiveTimerList1                        0x2000173c   Data          20  timers.o(.bss)
    xActiveTimerList2                        0x20001750   Data          20  timers.o(.bss)
    .bss                                     0x20001764   Section    12288  heap_4.o(.bss)
    ucHeap                                   0x20001764   Data       12288  heap_4.o(.bss)
    .bss                                     0x20004764   Section      992  motor_task.o(.bss)
    .bss                                     0x20004b44   Section       88  oled_task.o(.bss)
    STACK                                    0x20004ba0   Section     1024  startup_stm32f10x_md.o(STACK)

    Global Symbols

    Symbol Name                              Value     Ov Type        Size  Object(Section)

    BuildAttributes$$THM_ISAv4$P$D$K$B$S$PE$A:L22UL41UL21$X:L11$S22US41US21$IEEE1$IW$USESV6$~STKCKD$USESV7$~SHL$OTIME$ROPI$EBA8$MICROLIB$REQ8$PRES8$EABIv2 0x00000000   Number         0  anon$$obj.o ABSOLUTE
    __ARM_use_no_argv                        0x00000000   Number         0  main.o ABSOLUTE
    __use_no_errno                           0x00000000   Number         0  useno.o ABSOLUTE
    __use_no_exception_handling              0x00000000   Number         0  useno.o ABSOLUTE
    __use_no_fp                              0x00000000   Number         0  useno.o ABSOLUTE
    __use_no_heap                            0x00000000   Number         0  useno.o ABSOLUTE
    __use_no_heap_region                     0x00000000   Number         0  useno.o ABSOLUTE
    __use_no_semihosting                     0x00000000   Number         0  useno.o ABSOLUTE
    __use_no_semihosting_swi                 0x00000000   Number         0  useno.o ABSOLUTE
    __use_no_signal_handling                 0x00000000   Number         0  useno.o ABSOLUTE
    _printf_a                                0x00000000   Number         0  stubs.o ABSOLUTE
    _printf_c                                0x00000000   Number         0  stubs.o ABSOLUTE
    _printf_charcount                        0x00000000   Number         0  stubs.o ABSOLUTE
    _printf_d                                0x00000000   Number         0  stubs.o ABSOLUTE
    _printf_e                                0x00000000   Number         0  stubs.o ABSOLUTE
    _printf_f                                0x00000000   Number         0  stubs.o ABSOLUTE
    _printf_flags                            0x00000000   Number         0  stubs.o ABSOLUTE
    _printf_fp_dec                           0x00000000   Number         0  stubs.o ABSOLUTE
    _printf_fp_hex                           0x00000000   Number         0  stubs.o ABSOLUTE
    _printf_g                                0x00000000   Number         0  stubs.o ABSOLUTE
    _printf_i                                0x00000000   Number         0  stubs.o ABSOLUTE
    _printf_int_dec                          0x00000000   Number         0  stubs.o ABSOLUTE
    _printf_l                                0x00000000   Number         0  stubs.o ABSOLUTE
    _printf_lc                               0x00000000   Number         0  stubs.o ABSOLUTE
    _printf_ll                               0x00000000   Number         0  stubs.o ABSOLUTE
    _printf_lld                              0x00000000   Number         0  stubs.o ABSOLUTE
    _printf_lli                              0x00000000   Number         0  stubs.o ABSOLUTE
    _printf_llo                              0x00000000   Number         0  stubs.o ABSOLUTE
    _printf_llu                              0x00000000   Number         0  stubs.o ABSOLUTE
    _printf_llx                              0x00000000   Number         0  stubs.o ABSOLUTE
    _printf_longlong_dec                     0x00000000   Number         0  stubs.o ABSOLUTE
    _printf_longlong_hex                     0x00000000   Number         0  stubs.o ABSOLUTE
    _printf_longlong_oct                     0x00000000   Number         0  stubs.o ABSOLUTE
    _printf_ls                               0x00000000   Number         0  stubs.o ABSOLUTE
    _printf_mbtowc                           0x00000000   Number         0  stubs.o ABSOLUTE
    _printf_n                                0x00000000   Number         0  stubs.o ABSOLUTE
    _printf_o                                0x00000000   Number         0  stubs.o ABSOLUTE
    _printf_p                                0x00000000   Number         0  stubs.o ABSOLUTE
    _printf_percent                          0x00000000   Number         0  stubs.o ABSOLUTE
    _printf_pre_padding                      0x00000000   Number         0  stubs.o ABSOLUTE
    _printf_return_value                     0x00000000   Number         0  stubs.o ABSOLUTE
    _printf_s                                0x00000000   Number         0  stubs.o ABSOLUTE
    _printf_sizespec                         0x00000000   Number         0  stubs.o ABSOLUTE
    _printf_str                              0x00000000   Number         0  stubs.o ABSOLUTE
    _printf_truncate_signed                  0x00000000   Number         0  stubs.o ABSOLUTE
    _printf_truncate_unsigned                0x00000000   Number         0  stubs.o ABSOLUTE
    _printf_u                                0x00000000   Number         0  stubs.o ABSOLUTE
    _printf_wc                               0x00000000   Number         0  stubs.o ABSOLUTE
    _printf_wctomb                           0x00000000   Number         0  stubs.o ABSOLUTE
    _printf_widthprec                        0x00000000   Number         0  stubs.o ABSOLUTE
    _printf_x                                0x00000000   Number         0  stubs.o ABSOLUTE
    __cpp_initialize__aeabi_                  - Undefined Weak Reference
    __cxa_finalize                            - Undefined Weak Reference
    _clock_init                               - Undefined Weak Reference
    _microlib_exit                            - Undefined Weak Reference
    __Vectors_Size                           0x000000ec   Number         0  startup_stm32f10x_md.o ABSOLUTE
    __Vectors                                0x08000000   Data           4  startup_stm32f10x_md.o(RESET)
    __Vectors_End                            0x080000ec   Data           0  startup_stm32f10x_md.o(RESET)
    __main                                   0x080000ed   Thumb Code     0  entry.o(.ARM.Collect$$$$00000000)
    _main_stk                                0x080000ed   Thumb Code     0  entry2.o(.ARM.Collect$$$$00000001)
    _main_scatterload                        0x080000f1   Thumb Code     0  entry5.o(.ARM.Collect$$$$00000004)
    __main_after_scatterload                 0x080000f5   Thumb Code     0  entry5.o(.ARM.Collect$$$$00000004)
    _main_clock                              0x080000f5   Thumb Code     0  entry7b.o(.ARM.Collect$$$$00000008)
    _main_cpp_init                           0x080000f5   Thumb Code     0  entry8b.o(.ARM.Collect$$$$0000000A)
    _main_init                               0x080000f5   Thumb Code     0  entry9a.o(.ARM.Collect$$$$0000000B)
    __rt_final_cpp                           0x080000fd   Thumb Code     0  entry10a.o(.ARM.Collect$$$$0000000D)
    __rt_final_exit                          0x080000fd   Thumb Code     0  entry11a.o(.ARM.Collect$$$$0000000F)
    SVC_Handler                              0x08000101   Thumb Code    32  port.o(.emb_text)
    __asm___6_port_c_39a90d8d__prvStartFirstTask 0x08000125   Thumb Code    28  port.o(.emb_text)
    PendSV_Handler                           0x08000145   Thumb Code    72  port.o(.emb_text)
    vPortGetIPSR                             0x08000191   Thumb Code     6  port.o(.emb_text)
    Reset_Handler                            0x08000199   Thumb Code     8  startup_stm32f10x_md.o(.text)
    ADC1_2_IRQHandler                        0x080001b3   Thumb Code     0  startup_stm32f10x_md.o(.text)
    CAN1_RX1_IRQHandler                      0x080001b3   Thumb Code     0  startup_stm32f10x_md.o(.text)
    CAN1_SCE_IRQHandler                      0x080001b3   Thumb Code     0  startup_stm32f10x_md.o(.text)
    DMA1_Channel1_IRQHandler                 0x080001b3   Thumb Code     0  startup_stm32f10x_md.o(.text)
    DMA1_Channel2_IRQHandler                 0x080001b3   Thumb Code     0  startup_stm32f10x_md.o(.text)
    DMA1_Channel3_IRQHandler                 0x080001b3   Thumb Code     0  startup_stm32f10x_md.o(.text)
    DMA1_Channel4_IRQHandler                 0x080001b3   Thumb Code     0  startup_stm32f10x_md.o(.text)
    DMA1_Channel5_IRQHandler                 0x080001b3   Thumb Code     0  startup_stm32f10x_md.o(.text)
    DMA1_Channel6_IRQHandler                 0x080001b3   Thumb Code     0  startup_stm32f10x_md.o(.text)
    DMA1_Channel7_IRQHandler                 0x080001b3   Thumb Code     0  startup_stm32f10x_md.o(.text)
    EXTI0_IRQHandler                         0x080001b3   Thumb Code     0  startup_stm32f10x_md.o(.text)
    EXTI15_10_IRQHandler                     0x080001b3   Thumb Code     0  startup_stm32f10x_md.o(.text)
    EXTI1_IRQHandler                         0x080001b3   Thumb Code     0  startup_stm32f10x_md.o(.text)
    EXTI2_IRQHandler                         0x080001b3   Thumb Code     0  startup_stm32f10x_md.o(.text)
    EXTI3_IRQHandler                         0x080001b3   Thumb Code     0  startup_stm32f10x_md.o(.text)
    EXTI4_IRQHandler                         0x080001b3   Thumb Code     0  startup_stm32f10x_md.o(.text)
    EXTI9_5_IRQHandler                       0x080001b3   Thumb Code     0  startup_stm32f10x_md.o(.text)
    FLASH_IRQHandler                         0x080001b3   Thumb Code     0  startup_stm32f10x_md.o(.text)
    I2C1_ER_IRQHandler                       0x080001b3   Thumb Code     0  startup_stm32f10x_md.o(.text)
    I2C1_EV_IRQHandler                       0x080001b3   Thumb Code     0  startup_stm32f10x_md.o(.text)
    I2C2_ER_IRQHandler                       0x080001b3   Thumb Code     0  startup_stm32f10x_md.o(.text)
    I2C2_EV_IRQHandler                       0x080001b3   Thumb Code     0  startup_stm32f10x_md.o(.text)
    PVD_IRQHandler                           0x080001b3   Thumb Code     0  startup_stm32f10x_md.o(.text)
    RCC_IRQHandler                           0x080001b3   Thumb Code     0  startup_stm32f10x_md.o(.text)
    RTCAlarm_IRQHandler                      0x080001b3   Thumb Code     0  startup_stm32f10x_md.o(.text)
    RTC_IRQHandler                           0x080001b3   Thumb Code     0  startup_stm32f10x_md.o(.text)
    SPI1_IRQHandler                          0x080001b3   Thumb Code     0  startup_stm32f10x_md.o(.text)
    SPI2_IRQHandler                          0x080001b3   Thumb Code     0  startup_stm32f10x_md.o(.text)
    TAMPER_IRQHandler                        0x080001b3   Thumb Code     0  startup_stm32f10x_md.o(.text)
    TIM1_BRK_IRQHandler                      0x080001b3   Thumb Code     0  startup_stm32f10x_md.o(.text)
    TIM1_CC_IRQHandler                       0x080001b3   Thumb Code     0  startup_stm32f10x_md.o(.text)
    TIM1_TRG_COM_IRQHandler                  0x080001b3   Thumb Code     0  startup_stm32f10x_md.o(.text)
    TIM1_UP_IRQHandler                       0x080001b3   Thumb Code     0  startup_stm32f10x_md.o(.text)
    TIM2_IRQHandler                          0x080001b3   Thumb Code     0  startup_stm32f10x_md.o(.text)
    TIM3_IRQHandler                          0x080001b3   Thumb Code     0  startup_stm32f10x_md.o(.text)
    USART3_IRQHandler                        0x080001b3   Thumb Code     0  startup_stm32f10x_md.o(.text)
    USBWakeUp_IRQHandler                     0x080001b3   Thumb Code     0  startup_stm32f10x_md.o(.text)
    USB_HP_CAN1_TX_IRQHandler                0x080001b3   Thumb Code     0  startup_stm32f10x_md.o(.text)
    WWDG_IRQHandler                          0x080001b3   Thumb Code     0  startup_stm32f10x_md.o(.text)
    __aeabi_memcpy                           0x080001bd   Thumb Code    36  memcpya.o(.text)
    __aeabi_memcpy4                          0x080001bd   Thumb Code     0  memcpya.o(.text)
    __aeabi_memcpy8                          0x080001bd   Thumb Code     0  memcpya.o(.text)
    __aeabi_memset                           0x080001e1   Thumb Code    14  memseta.o(.text)
    __aeabi_memset4                          0x080001e1   Thumb Code     0  memseta.o(.text)
    __aeabi_memset8                          0x080001e1   Thumb Code     0  memseta.o(.text)
    __aeabi_memclr                           0x080001ef   Thumb Code     4  memseta.o(.text)
    __aeabi_memclr4                          0x080001ef   Thumb Code     0  memseta.o(.text)
    __aeabi_memclr8                          0x080001ef   Thumb Code     0  memseta.o(.text)
    _memset$wrapper                          0x080001f3   Thumb Code    18  memseta.o(.text)
    __aeabi_fadd                             0x08000205   Thumb Code   164  fadd.o(.text)
    __aeabi_fsub                             0x080002a9   Thumb Code     6  fadd.o(.text)
    __aeabi_frsub                            0x080002af   Thumb Code     6  fadd.o(.text)
    __aeabi_fmul                             0x080002b5   Thumb Code   100  fmul.o(.text)
    __aeabi_fdiv                             0x08000319   Thumb Code   124  fdiv.o(.text)
    __aeabi_dadd                             0x08000395   Thumb Code   322  dadd.o(.text)
    __aeabi_dsub                             0x080004d7   Thumb Code     6  dadd.o(.text)
    __aeabi_drsub                            0x080004dd   Thumb Code     6  dadd.o(.text)
    __aeabi_dmul                             0x080004e3   Thumb Code   228  dmul.o(.text)
    __aeabi_ddiv                             0x080005c7   Thumb Code   222  ddiv.o(.text)
    __aeabi_i2f                              0x080006a5   Thumb Code    18  fflti.o(.text)
    __aeabi_ui2f                             0x080006b7   Thumb Code    10  ffltui.o(.text)
    __aeabi_i2d                              0x080006c1   Thumb Code    34  dflti.o(.text)
    __aeabi_ui2d                             0x080006e3   Thumb Code    26  dfltui.o(.text)
    __aeabi_f2iz                             0x080006fd   Thumb Code    50  ffixi.o(.text)
    __aeabi_f2uiz                            0x0800072f   Thumb Code    40  ffixui.o(.text)
    __aeabi_d2iz                             0x08000757   Thumb Code    62  dfixi.o(.text)
    __aeabi_d2uiz                            0x08000795   Thumb Code    50  dfixui.o(.text)
    __aeabi_cfcmpeq                          0x080007c9   Thumb Code     0  cfcmple.o(.text)
    __aeabi_cfcmple                          0x080007c9   Thumb Code    20  cfcmple.o(.text)
    __aeabi_cfrcmple                         0x080007dd   Thumb Code    20  cfrcmple.o(.text)
    __aeabi_uldivmod                         0x080007f1   Thumb Code    98  uldiv.o(.text)
    __aeabi_llsl                             0x08000853   Thumb Code    30  llshl.o(.text)
    _ll_shift_l                              0x08000853   Thumb Code     0  llshl.o(.text)
    __aeabi_llsr                             0x08000871   Thumb Code    32  llushr.o(.text)
    _ll_ushift_r                             0x08000871   Thumb Code     0  llushr.o(.text)
    __aeabi_lasr                             0x08000891   Thumb Code    36  llsshr.o(.text)
    _ll_sshift_r                             0x08000891   Thumb Code     0  llsshr.o(.text)
    __I$use$fp                               0x080008b5   Thumb Code     0  iusefp.o(.text)
    _float_round                             0x080008b5   Thumb Code    18  fepilogue.o(.text)
    _float_epilogue                          0x080008c7   Thumb Code    92  fepilogue.o(.text)
    _double_round                            0x08000923   Thumb Code    30  depilogue.o(.text)
    _double_epilogue                         0x08000941   Thumb Code   156  depilogue.o(.text)
    __scatterload                            0x080009dd   Thumb Code    28  init.o(.text)
    __scatterload_rt2                        0x080009dd   Thumb Code     0  init.o(.text)
    __decompress                             0x08000a01   Thumb Code     0  __dczerorl2.o(.text)
    __decompress1                            0x08000a01   Thumb Code    86  __dczerorl2.o(.text)
    BusFault_Handler                         0x08000a57   Thumb Code     4  stm32f10x_it.o(i.BusFault_Handler)
    CAN_CMD_3508                             0x08000a5d   Thumb Code    94  can_receive.o(i.CAN_CMD_3508)
    CAN_ClearFlag                            0x08000ac1   Thumb Code    52  stm32f10x_can.o(i.CAN_ClearFlag)
    CAN_FilterInit                           0x08000af9   Thumb Code   258  stm32f10x_can.o(i.CAN_FilterInit)
    CAN_GetITStatus                          0x08000c01   Thumb Code   284  stm32f10x_can.o(i.CAN_GetITStatus)
    CAN_ITConfig                             0x08000d21   Thumb Code    18  stm32f10x_can.o(i.CAN_ITConfig)
    CAN_Init                                 0x08000d33   Thumb Code   276  stm32f10x_can.o(i.CAN_Init)
    CAN_Mode_Init                            0x08000e49   Thumb Code   246  can.o(i.CAN_Mode_Init)
    CAN_Receive                              0x08000f49   Thumb Code   240  stm32f10x_can.o(i.CAN_Receive)
    CAN_Transmit                             0x08001039   Thumb Code   294  stm32f10x_can.o(i.CAN_Transmit)
    DMA_Cmd                                  0x08001171   Thumb Code    24  stm32f10x_dma.o(i.DMA_Cmd)
    DMA_DeInit                               0x08001189   Thumb Code   324  stm32f10x_dma.o(i.DMA_DeInit)
    DMA_GetCurrDataCounter                   0x080012d5   Thumb Code     8  stm32f10x_dma.o(i.DMA_GetCurrDataCounter)
    DMA_Init                                 0x080012dd   Thumb Code    60  stm32f10x_dma.o(i.DMA_Init)
    DebugMon_Handler                         0x08001319   Thumb Code     2  stm32f10x_it.o(i.DebugMon_Handler)
    EncoderProcess3508                       0x0800131d   Thumb Code   206  can_receive.o(i.EncoderProcess3508)
    GPIO_Init                                0x080013f5   Thumb Code   278  stm32f10x_gpio.o(i.GPIO_Init)
    GPIO_PinRemapConfig                      0x0800150d   Thumb Code   138  stm32f10x_gpio.o(i.GPIO_PinRemapConfig)
    GPIO_ReadInputDataBit                    0x0800159d   Thumb Code    18  stm32f10x_gpio.o(i.GPIO_ReadInputDataBit)
    GPIO_ResetBits                           0x080015af   Thumb Code     4  stm32f10x_gpio.o(i.GPIO_ResetBits)
    GPIO_SetBits                             0x080015b3   Thumb Code     4  stm32f10x_gpio.o(i.GPIO_SetBits)
    HardFault_Handler                        0x080015b7   Thumb Code     4  stm32f10x_it.o(i.HardFault_Handler)
    IIC_Start                                0x080015bd   Thumb Code    40  oled.o(i.IIC_Start)
    IIC_Stop                                 0x080015ed   Thumb Code    30  oled.o(i.IIC_Stop)
    IIC_Wait_Ack                             0x08001615   Thumb Code    24  oled.o(i.IIC_Wait_Ack)
    KEY_Init                                 0x08001631   Thumb Code    52  key.o(i.KEY_Init)
    KEY_Scan                                 0x0800166d   Thumb Code   182  key.o(i.KEY_Scan)
    MemManage_Handler                        0x08001dad   Thumb Code     4  stm32f10x_it.o(i.MemManage_Handler)
    Module_Init                              0x08001db1   Thumb Code    44  start_task.o(i.Module_Init)
    Motor_Task                               0x08001de1   Thumb Code    50  motor_task.o(i.Motor_Task)
    Motor_play                               0x08001e19   Thumb Code    76  oled_task.o(i.Motor_play)
    NMI_Handler                              0x08001e69   Thumb Code     2  stm32f10x_it.o(i.NMI_Handler)
    NVIC_Init                                0x08001e6d   Thumb Code   100  misc.o(i.NVIC_Init)
    NVIC_PriorityGroupConfig                 0x08001edd   Thumb Code    10  misc.o(i.NVIC_PriorityGroupConfig)
    OLED_Clear                               0x08001ef1   Thumb Code    62  oled.o(i.OLED_Clear)
    OLED_Init                                0x08001f31   Thumb Code   306  oled.o(i.OLED_Init)
    OLED_Set_Pos                             0x080024a5   Thumb Code    40  oled.o(i.OLED_Set_Pos)
    OLED_ShowCHinese                         0x080024cd   Thumb Code    92  oled.o(i.OLED_ShowCHinese)
    OLED_ShowChar                            0x0800252d   Thumb Code   160  oled.o(i.OLED_ShowChar)
    OLED_ShowNum                             0x080025d5   Thumb Code   124  oled.o(i.OLED_ShowNum)
    OLED_ShowString                          0x08002651   Thumb Code    54  oled.o(i.OLED_ShowString)
    OLED_Task                                0x08002731   Thumb Code   126  oled_task.o(i.OLED_Task)
    OLED_WR_Byte                             0x080027c5   Thumb Code    24  oled.o(i.OLED_WR_Byte)
    PID_Calc                                 0x080027dd   Thumb Code   352  pid.o(i.PID_Calc)
    PID_Init                                 0x0800293d   Thumb Code    54  pid.o(i.PID_Init)
    RCC_AHBPeriphClockCmd                    0x08002975   Thumb Code    26  stm32f10x_rcc.o(i.RCC_AHBPeriphClockCmd)
    RCC_APB1PeriphClockCmd                   0x08002995   Thumb Code    26  stm32f10x_rcc.o(i.RCC_APB1PeriphClockCmd)
    RCC_APB2PeriphClockCmd                   0x080029b5   Thumb Code    26  stm32f10x_rcc.o(i.RCC_APB2PeriphClockCmd)
    RCC_GetClocksFreq                        0x080029d5   Thumb Code   192  stm32f10x_rcc.o(i.RCC_GetClocksFreq)
    RomoteFeedbackDisplay                    0x08002aa9   Thumb Code   790  oled_task.o(i.RomoteFeedbackDisplay)
    StartTask_Init                           0x08002fb1   Thumb Code    28  start_task.o(i.StartTask_Init)
    Start_Task                               0x08002fe1   Thumb Code    82  start_task.o(i.Start_Task)
    Steer_Task                               0x08003075   Thumb Code    66  motor_task.o(i.Steer_Task)
    Steer_engine_display                     0x080030cd   Thumb Code   204  oled_task.o(i.Steer_engine_display)
    SysTick_CLKSourceConfig                  0x080031a9   Thumb Code    40  misc.o(i.SysTick_CLKSourceConfig)
    SysTick_Handler                          0x080031d1   Thumb Code    16  delay.o(i.SysTick_Handler)
    SystemInit                               0x080031e1   Thumb Code    78  system_stm32f10x.o(i.SystemInit)
    TIM4_IRQHandler                          0x08003241   Thumb Code   384  remote.o(i.TIM4_IRQHandler)
    TIM4_Int_Init                            0x080033d9   Thumb Code   126  pwm.o(i.TIM4_Int_Init)
    TIM_ClearITPendingBit                    0x08003461   Thumb Code     6  stm32f10x_tim.o(i.TIM_ClearITPendingBit)
    TIM_Cmd                                  0x08003467   Thumb Code    24  stm32f10x_tim.o(i.TIM_Cmd)
    TIM_GetCapture4                          0x0800347f   Thumb Code     8  stm32f10x_tim.o(i.TIM_GetCapture4)
    TIM_GetITStatus                          0x08003487   Thumb Code    34  stm32f10x_tim.o(i.TIM_GetITStatus)
    TIM_OC1Init                              0x080034a9   Thumb Code   132  stm32f10x_tim.o(i.TIM_OC1Init)
    TIM_OC1PreloadConfig                     0x08003541   Thumb Code    18  stm32f10x_tim.o(i.TIM_OC1PreloadConfig)
    TIM_OC4PolarityConfig                    0x08003553   Thumb Code    26  stm32f10x_tim.o(i.TIM_OC4PolarityConfig)
    TIM_SetCompare1                          0x0800356d   Thumb Code     4  stm32f10x_tim.o(i.TIM_SetCompare1)
    TIM_SetCounter                           0x08003571   Thumb Code     4  stm32f10x_tim.o(i.TIM_SetCounter)
    TIM_TimeBaseInit                         0x08003575   Thumb Code   122  stm32f10x_tim.o(i.TIM_TimeBaseInit)
    USART1_IRQHandler                        0x08003619   Thumb Code   122  rc.o(i.USART1_IRQHandler)
    USART2_IRQHandler                        0x080036b1   Thumb Code    52  usart.o(i.USART2_IRQHandler)
    USART_ClearITPendingBit                  0x080036f1   Thumb Code    30  stm32f10x_usart.o(i.USART_ClearITPendingBit)
    USART_Cmd                                0x0800370f   Thumb Code    24  stm32f10x_usart.o(i.USART_Cmd)
    USART_DMACmd                             0x08003727   Thumb Code    18  stm32f10x_usart.o(i.USART_DMACmd)
    USART_GetITStatus                        0x08003739   Thumb Code    84  stm32f10x_usart.o(i.USART_GetITStatus)
    USART_ITConfig                           0x0800378d   Thumb Code    74  stm32f10x_usart.o(i.USART_ITConfig)
    USART_Init                               0x080037d9   Thumb Code   210  stm32f10x_usart.o(i.USART_Init)
    USART_ReceiveData                        0x080038b1   Thumb Code    10  stm32f10x_usart.o(i.USART_ReceiveData)
    USART_SendData                           0x080038bb   Thumb Code     8  stm32f10x_usart.o(i.USART_SendData)
    USB_LP_CAN1_RX0_IRQHandler               0x080038c5   Thumb Code   234  can_receive.o(i.USB_LP_CAN1_RX0_IRQHandler)
    UsageFault_Handler                       0x080039c1   Thumb Code     4  stm32f10x_it.o(i.UsageFault_Handler)
    Write_IIC_Byte                           0x080039c5   Thumb Code    86  oled.o(i.Write_IIC_Byte)
    Write_IIC_Command                        0x08003a25   Thumb Code    44  oled.o(i.Write_IIC_Command)
    Write_IIC_Data                           0x08003a51   Thumb Code    44  oled.o(i.Write_IIC_Data)
    __0printf$5                              0x08003a7d   Thumb Code    22  printf5.o(i.__0printf$5)
    __1printf$5                              0x08003a7d   Thumb Code     0  printf5.o(i.__0printf$5)
    __2printf                                0x08003a7d   Thumb Code     0  printf5.o(i.__0printf$5)
    __0sprintf$5                             0x08003a9d   Thumb Code    34  printf5.o(i.__0sprintf$5)
    __1sprintf$5                             0x08003a9d   Thumb Code     0  printf5.o(i.__0sprintf$5)
    __2sprintf                               0x08003a9d   Thumb Code     0  printf5.o(i.__0sprintf$5)
    __scatterload_copy                       0x08003ac5   Thumb Code    14  handlers.o(i.__scatterload_copy)
    __scatterload_null                       0x08003ad3   Thumb Code     2  handlers.o(i.__scatterload_null)
    __scatterload_zeroinit                   0x08003ad5   Thumb Code    14  handlers.o(i.__scatterload_zeroinit)
    angle_display                            0x08003db1   Thumb Code   252  oled_task.o(i.angle_display)
    angle_set                                0x08003ec1   Thumb Code    56  oled_task.o(i.angle_set)
    char_display                             0x08003f05   Thumb Code   120  oled_task.o(i.char_display)
    delay_init                               0x08003f7d   Thumb Code    74  delay.o(i.delay_init)
    delay_ms                                 0x08003fd9   Thumb Code    60  delay.o(i.delay_ms)
    delay_us                                 0x08004019   Thumb Code    68  delay.o(i.delay_us)
    fputc                                    0x08004061   Thumb Code    24  usart.o(i.fputc)
    fun0                                     0x0800407d   Thumb Code    34  oled_task.o(i.fun0)
    fun1                                     0x080040a9   Thumb Code    28  oled_task.o(i.fun1)
    fun10                                    0x080040c9   Thumb Code    48  oled_task.o(i.fun10)
    fun11                                    0x08004109   Thumb Code    92  oled_task.o(i.fun11)
    fun12                                    0x08004175   Thumb Code    14  oled_task.o(i.fun12)
    fun13                                    0x08004189   Thumb Code    30  oled_task.o(i.fun13)
    fun14                                    0x080041b5   Thumb Code    40  oled_task.o(i.fun14)
    fun15                                    0x080041e9   Thumb Code    34  oled_task.o(i.fun15)
    fun16                                    0x08004215   Thumb Code    34  oled_task.o(i.fun16)
    fun17                                    0x08004241   Thumb Code    92  oled_task.o(i.fun17)
    fun18                                    0x080042b1   Thumb Code   100  oled_task.o(i.fun18)
    fun19                                    0x08004325   Thumb Code   230  oled_task.o(i.fun19)
    fun2                                     0x08004435   Thumb Code    28  oled_task.o(i.fun2)
    fun20                                    0x08004455   Thumb Code    66  oled_task.o(i.fun20)
    fun4                                     0x080044ad   Thumb Code    28  oled_task.o(i.fun4)
    fun5                                     0x080044cd   Thumb Code    48  oled_task.o(i.fun5)
    fun6                                     0x08004509   Thumb Code    34  oled_task.o(i.fun6)
    fun7                                     0x08004535   Thumb Code    28  oled_task.o(i.fun7)
    fun8                                     0x08004555   Thumb Code    28  oled_task.o(i.fun8)
    fun9                                     0x08004575   Thumb Code    14  oled_task.o(i.fun9)
    get_Motor_3508_Point                     0x08004589   Thumb Code    18  can_receive.o(i.get_Motor_3508_Point)
    get_RC_DATD                              0x080045a1   Thumb Code     4  rc.o(i.get_RC_DATD)
    main                                     0x080046b9   Thumb Code    12  main.o(i.main)
    mcufeedbackDisplay                       0x080046c5   Thumb Code  1268  oled_task.o(i.mcufeedbackDisplay)
    oled_pow                                 0x08004bc1   Thumb Code    22  oled.o(i.oled_pow)
    pvPortMalloc                             0x080056cd   Thumb Code   262  heap_4.o(i.pvPortMalloc)
    pvTaskIncrementMutexHeldCount            0x08005821   Thumb Code    26  tasks.o(i.pvTaskIncrementMutexHeldCount)
    pxPortInitialiseStack                    0x08005841   Thumb Code    30  port.o(i.pxPortInitialiseStack)
    uart1_init                               0x08005865   Thumb Code   276  usart.o(i.uart1_init)
    usart_display                            0x08005989   Thumb Code   468  oled_task.o(i.usart_display)
    uxListRemove                             0x08005ba9   Thumb Code    40  list.o(i.uxListRemove)
    vListInitialise                          0x08005bd1   Thumb Code    26  list.o(i.vListInitialise)
    vListInitialiseItem                      0x08005beb   Thumb Code     6  list.o(i.vListInitialiseItem)
    vListInsert                              0x08005bf1   Thumb Code    52  list.o(i.vListInsert)
    vListInsertEnd                           0x08005c25   Thumb Code    24  list.o(i.vListInsertEnd)
    vPortEnterCritical                       0x08005c3d   Thumb Code    68  port.o(i.vPortEnterCritical)
    vPortExitCritical                        0x08005cc5   Thumb Code    48  port.o(i.vPortExitCritical)
    vPortFree                                0x08005d35   Thumb Code   120  heap_4.o(i.vPortFree)
    vPortSetupTimerInterrupt                 0x08005ded   Thumb Code    26  port.o(i.vPortSetupTimerInterrupt)
    vPortValidateInterruptPriority           0x08005e0d   Thumb Code    86  port.o(i.vPortValidateInterruptPriority)
    vQueueAddToRegistry                      0x08005ead   Thumb Code    38  queue.o(i.vQueueAddToRegistry)
    vQueueWaitForMessageRestricted           0x08005ed9   Thumb Code    74  queue.o(i.vQueueWaitForMessageRestricted)
    vTaskDelay                               0x08005f25   Thumb Code    72  tasks.o(i.vTaskDelay)
    vTaskDelete                              0x08005f99   Thumb Code   192  tasks.o(i.vTaskDelete)
    vTaskMissedYield                         0x080060a5   Thumb Code     8  tasks.o(i.vTaskMissedYield)
    vTaskPlaceOnEventList                    0x080060b1   Thumb Code    42  tasks.o(i.vTaskPlaceOnEventList)
    vTaskPlaceOnEventListRestricted          0x08006105   Thumb Code    50  tasks.o(i.vTaskPlaceOnEventListRestricted)
    vTaskPriorityInherit                     0x08006161   Thumb Code   164  tasks.o(i.vTaskPriorityInherit)
    vTaskSetTimeOutState                     0x08006211   Thumb Code    32  tasks.o(i.vTaskSetTimeOutState)
    vTaskStartScheduler                      0x0800625d   Thumb Code   108  tasks.o(i.vTaskStartScheduler)
    vTaskSuspendAll                          0x08006309   Thumb Code    12  tasks.o(i.vTaskSuspendAll)
    vTaskSwitchContext                       0x08006319   Thumb Code   110  tasks.o(i.vTaskSwitchContext)
    xPortStartScheduler                      0x080063c1   Thumb Code   140  port.o(i.xPortStartScheduler)
    xPortSysTickHandler                      0x08006461   Thumb Code    46  port.o(i.xPortSysTickHandler)
    xQueueGenericCreate                      0x08006495   Thumb Code    78  queue.o(i.xQueueGenericCreate)
    xQueueGenericReceive                     0x08006509   Thumb Code   416  queue.o(i.xQueueGenericReceive)
    xQueueGenericReset                       0x080066d1   Thumb Code   136  queue.o(i.xQueueGenericReset)
    xQueueGenericSend                        0x08006781   Thumb Code   412  queue.o(i.xQueueGenericSend)
    xQueueGenericSendFromISR                 0x08006945   Thumb Code   234  queue.o(i.xQueueGenericSendFromISR)
    xTaskCheckForTimeOut                     0x08006a55   Thumb Code   116  tasks.o(i.xTaskCheckForTimeOut)
    xTaskCreate                              0x08006af5   Thumb Code    96  tasks.o(i.xTaskCreate)
    xTaskGetSchedulerState                   0x08006b55   Thumb Code    24  tasks.o(i.xTaskGetSchedulerState)
    xTaskGetTickCount                        0x08006b75   Thumb Code     6  tasks.o(i.xTaskGetTickCount)
    xTaskIncrementTick                       0x08006b81   Thumb Code   272  tasks.o(i.xTaskIncrementTick)
    xTaskPriorityDisinherit                  0x08006ce1   Thumb Code   168  tasks.o(i.xTaskPriorityDisinherit)
    xTaskRemoveFromEventList                 0x08006db9   Thumb Code   118  tasks.o(i.xTaskRemoveFromEventList)
    xTaskResumeAll                           0x08006e6d   Thumb Code   214  tasks.o(i.xTaskResumeAll)
    xTimerCreateTimerTask                    0x08006f8d   Thumb Code    56  timers.o(i.xTimerCreateTimerTask)
    xTimerGenericCommand                     0x08007001   Thumb Code   118  timers.o(i.xTimerGenericCommand)
    Region$$Table$$Base                      0x080070b0   Number         0  anon$$obj.o(Region$$Table)
    Region$$Table$$Limit                     0x080070d0   Number         0  anon$$obj.o(Region$$Table)
    SystemCoreClock                          0x20000000   Data           4  system_stm32f10x.o(.data)
    AHBPrescTable                            0x20000004   Data          16  system_stm32f10x.o(.data)
    data                                     0x20000014   Data          88  oled.o(.data)
    F6x8                                     0x2000006c   Data         552  oled.o(.data)
    F8X16                                    0x20000294   Data        1520  oled.o(.data)
    Hzk                                      0x20000884   Data        1376  oled.o(.data)
    Final_data                               0x20000de4   Data           1  oled.o(.data)
    RmtSta                                   0x20000de8   Data           1  remote.o(.data)
    Dval                                     0x20000dea   Data           2  remote.o(.data)
    RmtRec                                   0x20000dec   Data           4  remote.o(.data)
    RmtCnt                                   0x20000df0   Data           1  remote.o(.data)
    i                                        0x20000df2   Data           1  rc.o(.data)
    __stdout                                 0x20000dfc   Data           4  usart.o(.data)
    USART_RX_STA                             0x20000e00   Data           2  usart.o(.data)
    res                                      0x20000e02   Data           1  usart.o(.data)
    usart_flag                               0x20000e03   Data           1  usart.o(.data)
    pxCurrentTCB                             0x20000e18   Data           4  tasks.o(.data)
    current_operation_index                  0x20000e8c   Data           4  oled_task.o(.data)
    func_index                               0x20000e90   Data           1  oled_task.o(.data)
    Motor_Set                                0x20000e92   Data           2  oled_task.o(.data)
    Motor_SetNum                             0x20000e94   Data           4  oled_task.o(.data)
    Motor_ID                                 0x20000e98   Data          14  oled_task.o(.data)
    id                                       0x20000ea6   Data           1  oled_task.o(.data)
    subscript                                0x20000ea7   Data           1  oled_task.o(.data)
    angle                                    0x20000ea8   Data           3  oled_task.o(.data)
    Angle                                    0x20000eac   Data           2  oled_task.o(.data)
    steer_flag                               0x20000eae   Data           1  oled_task.o(.data)
    subscript_min                            0x20000eaf   Data           1  oled_task.o(.data)
    ceshi                                    0x20000eb0   Data         176  oled_task.o(.data)
    mpu                                      0x20000f60   Data         224  oled_task.o(.data)
    steer_motor                              0x20001040   Data          88  oled_task.o(.data)
    table                                    0x20001098   Data         252  oled_task.o(.data)
    key_flag                                 0x20001194   Data           1  oled_task.o(.data)
    flag                                     0x20001195   Data           1  oled_task.o(.data)
    count2                                   0x20001196   Data           1  oled_task.o(.data)
    change_flag                              0x20001198   Data           4  oled_task.o(.data)
    finnal_change_data                       0x2000119c   Data           1  oled_task.o(.data)
    key                                      0x2000119d   Data           1  oled_task.o(.data)
    data_flag1                               0x2000119e   Data           1  oled_task.o(.data)
    data_flag2                               0x2000119f   Data           1  oled_task.o(.data)
    DATAA                                    0x200011a0   Data           1  oled_task.o(.data)
    usrt_data                                0x200011a4   Data           4  oled_task.o(.data)
    usrt_dis_flag                            0x200011a8   Data           1  oled_task.o(.data)
    usart_point                              0x200011a9   Data           1  oled_task.o(.data)
    stop_bit                                 0x200011aa   Data           1  oled_task.o(.data)
    data_bit                                 0x200011ab   Data           1  oled_task.o(.data)
    data_judge                               0x200011ac   Data           6  oled_task.o(.data)
    dexi                                     0x200011b2   Data           1  oled_task.o(.data)
    dex_x                                    0x200011b3   Data           1  oled_task.o(.data)
    sine                                     0x200011b4   Data           1  oled_task.o(.data)
    point                                    0x200011b5   Data           1  oled_task.o(.data)
    point0                                   0x200011b6   Data           1  oled_task.o(.data)
    Percentage                               0x200011b8   Data           4  oled_task.o(.data)
    Whole_lattive                            0x200011bc   Data           4  oled_task.o(.data)
    Semilattice                              0x200011c0   Data           4  oled_task.o(.data)
    Remote_S                                 0x200011c4   Data           8  oled_task.o(.data)
    Motor_3508                               0x200011dc   Data          40  can_receive.o(.bss)
    Encoder_Motor_3508                       0x20001204   Data         256  can_receive.o(.bss)
    rc_ctrl                                  0x20001304   Data          22  rc.o(.bss)
    resss                                    0x2000131a   Data          18  rc.o(.bss)
    USART_RX_BUF                             0x2000132c   Data         200  usart.o(.bss)
    _USART1_DMA_RX_BUF                       0x200013f4   Data          36  usart.o(.bss)
    xQueueRegistry                           0x20001418   Data          64  queue.o(.bss)
    M3508                                    0x20004764   Data         992  motor_task.o(.bss)
    mpu_data_feed                            0x20004b44   Data          16  oled_task.o(.bss)
    motor_diaplay                            0x20004b54   Data          32  oled_task.o(.bss)
    Remote_ch                                0x20004b74   Data          20  oled_task.o(.bss)
    Remote_per                               0x20004b88   Data          20  oled_task.o(.bss)
    __initial_sp                             0x20004fa0   Data           0  startup_stm32f10x_md.o(STACK)



==============================================================================

Memory Map of the image

  Image Entry point : 0x08000199

  Load Region LR_1 (Base: 0x08000000, Size: 0x000082ac, Max: 0xffffffff, ABSOLUTE, COMPRESSED[0x00007c34])

    Execution Region ER_RO (Exec base: 0x08000000, Load base: 0x08000000, Size: 0x000070d0, Max: 0xffffffff, ABSOLUTE)

    Exec Addr    Load Addr    Size         Type   Attr      Idx    E Section Name        Object

    0x08000000   0x08000000   0x000000ec   Data   RO          928    RESET               startup_stm32f10x_md.o
    0x080000ec   0x080000ec   0x00000000   Code   RO         5332  * .ARM.Collect$$$$00000000  mc_w.l(entry.o)
    0x080000ec   0x080000ec   0x00000004   Code   RO         5638    .ARM.Collect$$$$00000001  mc_w.l(entry2.o)
    0x080000f0   0x080000f0   0x00000004   Code   RO         5641    .ARM.Collect$$$$00000004  mc_w.l(entry5.o)
    0x080000f4   0x080000f4   0x00000000   Code   RO         5643    .ARM.Collect$$$$00000008  mc_w.l(entry7b.o)
    0x080000f4   0x080000f4   0x00000000   Code   RO         5645    .ARM.Collect$$$$0000000A  mc_w.l(entry8b.o)
    0x080000f4   0x080000f4   0x00000008   Code   RO         5646    .ARM.Collect$$$$0000000B  mc_w.l(entry9a.o)
    0x080000fc   0x080000fc   0x00000000   Code   RO         5648    .ARM.Collect$$$$0000000D  mc_w.l(entry10a.o)
    0x080000fc   0x080000fc   0x00000000   Code   RO         5650    .ARM.Collect$$$$0000000F  mc_w.l(entry11a.o)
    0x080000fc   0x080000fc   0x00000004   Code   RO         5639    .ARM.Collect$$$$00002712  mc_w.l(entry2.o)
    0x08000100   0x08000100   0x00000096   Code   RO         4907    .emb_text           port.o
    0x08000196   0x08000196   0x00000002   PAD
    0x08000198   0x08000198   0x00000024   Code   RO          929  * .text               startup_stm32f10x_md.o
    0x080001bc   0x080001bc   0x00000024   Code   RO         5335    .text               mc_w.l(memcpya.o)
    0x080001e0   0x080001e0   0x00000024   Code   RO         5337    .text               mc_w.l(memseta.o)
    0x08000204   0x08000204   0x000000b0   Code   RO         5606    .text               mf_w.l(fadd.o)
    0x080002b4   0x080002b4   0x00000064   Code   RO         5608    .text               mf_w.l(fmul.o)
    0x08000318   0x08000318   0x0000007c   Code   RO         5610    .text               mf_w.l(fdiv.o)
    0x08000394   0x08000394   0x0000014e   Code   RO         5612    .text               mf_w.l(dadd.o)
    0x080004e2   0x080004e2   0x000000e4   Code   RO         5614    .text               mf_w.l(dmul.o)
    0x080005c6   0x080005c6   0x000000de   Code   RO         5616    .text               mf_w.l(ddiv.o)
    0x080006a4   0x080006a4   0x00000012   Code   RO         5618    .text               mf_w.l(fflti.o)
    0x080006b6   0x080006b6   0x0000000a   Code   RO         5620    .text               mf_w.l(ffltui.o)
    0x080006c0   0x080006c0   0x00000022   Code   RO         5622    .text               mf_w.l(dflti.o)
    0x080006e2   0x080006e2   0x0000001a   Code   RO         5624    .text               mf_w.l(dfltui.o)
    0x080006fc   0x080006fc   0x00000032   Code   RO         5626    .text               mf_w.l(ffixi.o)
    0x0800072e   0x0800072e   0x00000028   Code   RO         5628    .text               mf_w.l(ffixui.o)
    0x08000756   0x08000756   0x0000003e   Code   RO         5630    .text               mf_w.l(dfixi.o)
    0x08000794   0x08000794   0x00000032   Code   RO         5632    .text               mf_w.l(dfixui.o)
    0x080007c6   0x080007c6   0x00000002   PAD
    0x080007c8   0x080007c8   0x00000014   Code   RO         5634    .text               mf_w.l(cfcmple.o)
    0x080007dc   0x080007dc   0x00000014   Code   RO         5636    .text               mf_w.l(cfrcmple.o)
    0x080007f0   0x080007f0   0x00000062   Code   RO         5654    .text               mc_w.l(uldiv.o)
    0x08000852   0x08000852   0x0000001e   Code   RO         5656    .text               mc_w.l(llshl.o)
    0x08000870   0x08000870   0x00000020   Code   RO         5658    .text               mc_w.l(llushr.o)
    0x08000890   0x08000890   0x00000024   Code   RO         5660    .text               mc_w.l(llsshr.o)
    0x080008b4   0x080008b4   0x00000000   Code   RO         5662    .text               mc_w.l(iusefp.o)
    0x080008b4   0x080008b4   0x0000006e   Code   RO         5663    .text               mf_w.l(fepilogue.o)
    0x08000922   0x08000922   0x000000ba   Code   RO         5665    .text               mf_w.l(depilogue.o)
    0x080009dc   0x080009dc   0x00000024   Code   RO         5671    .text               mc_w.l(init.o)
    0x08000a00   0x08000a00   0x00000056   Code   RO         5681    .text               mc_w.l(__dczerorl2.o)
    0x08000a56   0x08000a56   0x00000004   Code   RO          209    i.BusFault_Handler  stm32f10x_it.o
    0x08000a5a   0x08000a5a   0x00000002   PAD
    0x08000a5c   0x08000a5c   0x00000064   Code   RO          634    i.CAN_CMD_3508      can_receive.o
    0x08000ac0   0x08000ac0   0x00000038   Code   RO         1788    i.CAN_ClearFlag     stm32f10x_can.o
    0x08000af8   0x08000af8   0x00000108   Code   RO         1793    i.CAN_FilterInit    stm32f10x_can.o
    0x08000c00   0x08000c00   0x00000120   Code   RO         1795    i.CAN_GetITStatus   stm32f10x_can.o
    0x08000d20   0x08000d20   0x00000012   Code   RO         1799    i.CAN_ITConfig      stm32f10x_can.o
    0x08000d32   0x08000d32   0x00000114   Code   RO         1800    i.CAN_Init          stm32f10x_can.o
    0x08000e46   0x08000e46   0x00000002   PAD
    0x08000e48   0x08000e48   0x00000100   Code   RO          615    i.CAN_Mode_Init     can.o
    0x08000f48   0x08000f48   0x000000f0   Code   RO         1803    i.CAN_Receive       stm32f10x_can.o
    0x08001038   0x08001038   0x00000126   Code   RO         1808    i.CAN_Transmit      stm32f10x_can.o
    0x0800115e   0x0800115e   0x00000012   Code   RO         1811    i.CheckITStatus     stm32f10x_can.o
    0x08001170   0x08001170   0x00000018   Code   RO         2154    i.DMA_Cmd           stm32f10x_dma.o
    0x08001188   0x08001188   0x0000014c   Code   RO         2155    i.DMA_DeInit        stm32f10x_dma.o
    0x080012d4   0x080012d4   0x00000008   Code   RO         2156    i.DMA_GetCurrDataCounter  stm32f10x_dma.o
    0x080012dc   0x080012dc   0x0000003c   Code   RO         2160    i.DMA_Init          stm32f10x_dma.o
    0x08001318   0x08001318   0x00000002   Code   RO          210    i.DebugMon_Handler  stm32f10x_it.o
    0x0800131a   0x0800131a   0x00000002   PAD
    0x0800131c   0x0800131c   0x000000d8   Code   RO          635    i.EncoderProcess3508  can_receive.o
    0x080013f4   0x080013f4   0x00000116   Code   RO          975    i.GPIO_Init         stm32f10x_gpio.o
    0x0800150a   0x0800150a   0x00000002   PAD
    0x0800150c   0x0800150c   0x00000090   Code   RO          977    i.GPIO_PinRemapConfig  stm32f10x_gpio.o
    0x0800159c   0x0800159c   0x00000012   Code   RO          979    i.GPIO_ReadInputDataBit  stm32f10x_gpio.o
    0x080015ae   0x080015ae   0x00000004   Code   RO          982    i.GPIO_ResetBits    stm32f10x_gpio.o
    0x080015b2   0x080015b2   0x00000004   Code   RO          983    i.GPIO_SetBits      stm32f10x_gpio.o
    0x080015b6   0x080015b6   0x00000004   Code   RO          211    i.HardFault_Handler  stm32f10x_it.o
    0x080015ba   0x080015ba   0x00000002   PAD
    0x080015bc   0x080015bc   0x00000030   Code   RO          418    i.IIC_Start         oled.o
    0x080015ec   0x080015ec   0x00000028   Code   RO          419    i.IIC_Stop          oled.o
    0x08001614   0x08001614   0x0000001c   Code   RO          420    i.IIC_Wait_Ack      oled.o
    0x08001630   0x08001630   0x0000003c   Code   RO          587    i.KEY_Init          key.o
    0x0800166c   0x0800166c   0x000000c0   Code   RO          588    i.KEY_Scan          key.o
    0x0800172c   0x0800172c   0x00000104   Code   RO         5034    i.KEY_WorkSet1      oled_task.o
    0x08001830   0x08001830   0x000001a4   Code   RO         5035    i.KEY_WorkSet2      oled_task.o
    0x080019d4   0x080019d4   0x000002f8   Code   RO         5036    i.KEY_WorkSet3      oled_task.o
    0x08001ccc   0x08001ccc   0x000000e0   Code   RO         5037    i.KEY_WorkSet4      oled_task.o
    0x08001dac   0x08001dac   0x00000004   Code   RO          212    i.MemManage_Handler  stm32f10x_it.o
    0x08001db0   0x08001db0   0x00000030   Code   RO         5270    i.Module_Init       start_task.o
    0x08001de0   0x08001de0   0x00000038   Code   RO         4984    i.Motor_Task        motor_task.o
    0x08001e18   0x08001e18   0x00000050   Code   RO         5038    i.Motor_play        oled_task.o
    0x08001e68   0x08001e68   0x00000002   Code   RO          213    i.NMI_Handler       stm32f10x_it.o
    0x08001e6a   0x08001e6a   0x00000002   PAD
    0x08001e6c   0x08001e6c   0x00000070   Code   RO          933    i.NVIC_Init         misc.o
    0x08001edc   0x08001edc   0x00000014   Code   RO          934    i.NVIC_PriorityGroupConfig  misc.o
    0x08001ef0   0x08001ef0   0x0000003e   Code   RO          421    i.OLED_Clear        oled.o
    0x08001f2e   0x08001f2e   0x00000002   PAD
    0x08001f30   0x08001f30   0x00000140   Code   RO          426    i.OLED_Init         oled.o
    0x08002070   0x08002070   0x00000110   Code   RO         5039    i.OLED_MainMenuDisplay  oled_task.o
    0x08002180   0x08002180   0x00000124   Code   RO         5040    i.OLED_MotorFeedbackDisplay  oled_task.o
    0x080022a4   0x080022a4   0x000000dc   Code   RO         5041    i.OLED_MotorMenuDisplay  oled_task.o
    0x08002380   0x08002380   0x00000124   Code   RO         5042    i.OLED_MotorSetDisplay  oled_task.o
    0x080024a4   0x080024a4   0x00000028   Code   RO          429    i.OLED_Set_Pos      oled.o
    0x080024cc   0x080024cc   0x00000060   Code   RO          430    i.OLED_ShowCHinese  oled.o
    0x0800252c   0x0800252c   0x000000a8   Code   RO          431    i.OLED_ShowChar     oled.o
    0x080025d4   0x080025d4   0x0000007c   Code   RO          432    i.OLED_ShowNum      oled.o
    0x08002650   0x08002650   0x00000036   Code   RO          434    i.OLED_ShowString   oled.o
    0x08002686   0x08002686   0x00000002   PAD
    0x08002688   0x08002688   0x000000a8   Code   RO         5043    i.OLED_StartDisplay  oled_task.o
    0x08002730   0x08002730   0x00000094   Code   RO         5044    i.OLED_Task         oled_task.o
    0x080027c4   0x080027c4   0x00000018   Code   RO          435    i.OLED_WR_Byte      oled.o
    0x080027dc   0x080027dc   0x00000160   Code   RO         5299    i.PID_Calc          pid.o
    0x0800293c   0x0800293c   0x00000036   Code   RO         5300    i.PID_Init          pid.o
    0x08002972   0x08002972   0x00000002   PAD
    0x08002974   0x08002974   0x00000020   Code   RO         1108    i.RCC_AHBPeriphClockCmd  stm32f10x_rcc.o
    0x08002994   0x08002994   0x00000020   Code   RO         1109    i.RCC_APB1PeriphClockCmd  stm32f10x_rcc.o
    0x080029b4   0x080029b4   0x00000020   Code   RO         1111    i.RCC_APB2PeriphClockCmd  stm32f10x_rcc.o
    0x080029d4   0x080029d4   0x000000d4   Code   RO         1119    i.RCC_GetClocksFreq  stm32f10x_rcc.o
    0x08002aa8   0x08002aa8   0x00000344   Code   RO         5045    i.RomoteFeedbackDisplay  oled_task.o
    0x08002dec   0x08002dec   0x000000da   Code   RO          728    i.SBUS_TO_RC        rc.o
    0x08002ec6   0x08002ec6   0x00000008   Code   RO          337    i.SetSysClock       system_stm32f10x.o
    0x08002ece   0x08002ece   0x00000002   PAD
    0x08002ed0   0x08002ed0   0x000000e0   Code   RO          338    i.SetSysClockTo72   system_stm32f10x.o
    0x08002fb0   0x08002fb0   0x00000030   Code   RO         5271    i.StartTask_Init    start_task.o
    0x08002fe0   0x08002fe0   0x00000094   Code   RO         5272    i.Start_Task        start_task.o
    0x08003074   0x08003074   0x00000058   Code   RO         4985    i.Steer_Task        motor_task.o
    0x080030cc   0x080030cc   0x000000dc   Code   RO         5046    i.Steer_engine_display  oled_task.o
    0x080031a8   0x080031a8   0x00000028   Code   RO          937    i.SysTick_CLKSourceConfig  misc.o
    0x080031d0   0x080031d0   0x00000010   Code   RO          759    i.SysTick_Handler   delay.o
    0x080031e0   0x080031e0   0x00000060   Code   RO          340    i.SystemInit        system_stm32f10x.o
    0x08003240   0x08003240   0x00000198   Code   RO          679    i.TIM4_IRQHandler   remote.o
    0x080033d8   0x080033d8   0x00000088   Code   RO          708    i.TIM4_Int_Init     pwm.o
    0x08003460   0x08003460   0x00000006   Code   RO         3309    i.TIM_ClearITPendingBit  stm32f10x_tim.o
    0x08003466   0x08003466   0x00000018   Code   RO         3314    i.TIM_Cmd           stm32f10x_tim.o
    0x0800347e   0x0800347e   0x00000008   Code   RO         3332    i.TIM_GetCapture4   stm32f10x_tim.o
    0x08003486   0x08003486   0x00000022   Code   RO         3335    i.TIM_GetITStatus   stm32f10x_tim.o
    0x080034a8   0x080034a8   0x00000098   Code   RO         3343    i.TIM_OC1Init       stm32f10x_tim.o
    0x08003540   0x08003540   0x00000012   Code   RO         3346    i.TIM_OC1PreloadConfig  stm32f10x_tim.o
    0x08003552   0x08003552   0x0000001a   Code   RO         3359    i.TIM_OC4PolarityConfig  stm32f10x_tim.o
    0x0800356c   0x0800356c   0x00000004   Code   RO         3375    i.TIM_SetCompare1   stm32f10x_tim.o
    0x08003570   0x08003570   0x00000004   Code   RO         3379    i.TIM_SetCounter    stm32f10x_tim.o
    0x08003574   0x08003574   0x000000a4   Code   RO         3385    i.TIM_TimeBaseInit  stm32f10x_tim.o
    0x08003618   0x08003618   0x00000098   Code   RO          729    i.USART1_IRQHandler  rc.o
    0x080036b0   0x080036b0   0x00000040   Code   RO          860    i.USART2_IRQHandler  usart.o
    0x080036f0   0x080036f0   0x0000001e   Code   RO         1308    i.USART_ClearITPendingBit  stm32f10x_usart.o
    0x0800370e   0x0800370e   0x00000018   Code   RO         1311    i.USART_Cmd         stm32f10x_usart.o
    0x08003726   0x08003726   0x00000012   Code   RO         1312    i.USART_DMACmd      stm32f10x_usart.o
    0x08003738   0x08003738   0x00000054   Code   RO         1315    i.USART_GetITStatus  stm32f10x_usart.o
    0x0800378c   0x0800378c   0x0000004a   Code   RO         1317    i.USART_ITConfig    stm32f10x_usart.o
    0x080037d6   0x080037d6   0x00000002   PAD
    0x080037d8   0x080037d8   0x000000d8   Code   RO         1318    i.USART_Init        stm32f10x_usart.o
    0x080038b0   0x080038b0   0x0000000a   Code   RO         1325    i.USART_ReceiveData  stm32f10x_usart.o
    0x080038ba   0x080038ba   0x00000008   Code   RO         1328    i.USART_SendData    stm32f10x_usart.o
    0x080038c2   0x080038c2   0x00000002   PAD
    0x080038c4   0x080038c4   0x000000fc   Code   RO          636    i.USB_LP_CAN1_RX0_IRQHandler  can_receive.o
    0x080039c0   0x080039c0   0x00000004   Code   RO          214    i.UsageFault_Handler  stm32f10x_it.o
    0x080039c4   0x080039c4   0x00000060   Code   RO          436    i.Write_IIC_Byte    oled.o
    0x08003a24   0x08003a24   0x0000002c   Code   RO          437    i.Write_IIC_Command  oled.o
    0x08003a50   0x08003a50   0x0000002c   Code   RO          438    i.Write_IIC_Data    oled.o
    0x08003a7c   0x08003a7c   0x00000020   Code   RO         5478    i.__0printf$5       mc_w.l(printf5.o)
    0x08003a9c   0x08003a9c   0x00000028   Code   RO         5480    i.__0sprintf$5      mc_w.l(printf5.o)
    0x08003ac4   0x08003ac4   0x0000000e   Code   RO         5675    i.__scatterload_copy  mc_w.l(handlers.o)
    0x08003ad2   0x08003ad2   0x00000002   Code   RO         5676    i.__scatterload_null  mc_w.l(handlers.o)
    0x08003ad4   0x08003ad4   0x0000000e   Code   RO         5677    i.__scatterload_zeroinit  mc_w.l(handlers.o)
    0x08003ae2   0x08003ae2   0x00000002   PAD
    0x08003ae4   0x08003ae4   0x000002c0   Code   RO         5485    i._printf_core      mc_w.l(printf5.o)
    0x08003da4   0x08003da4   0x0000000a   Code   RO         5487    i._sputc            mc_w.l(printf5.o)
    0x08003dae   0x08003dae   0x00000002   PAD
    0x08003db0   0x08003db0   0x00000110   Code   RO         5047    i.angle_display     oled_task.o
    0x08003ec0   0x08003ec0   0x00000044   Code   RO         5048    i.angle_set         oled_task.o
    0x08003f04   0x08003f04   0x00000078   Code   RO         5049    i.char_display      oled_task.o
    0x08003f7c   0x08003f7c   0x0000005c   Code   RO          760    i.delay_init        delay.o
    0x08003fd8   0x08003fd8   0x00000040   Code   RO          761    i.delay_ms          delay.o
    0x08004018   0x08004018   0x00000048   Code   RO          762    i.delay_us          delay.o
    0x08004060   0x08004060   0x0000001c   Code   RO          862    i.fputc             usart.o
    0x0800407c   0x0800407c   0x0000002c   Code   RO         5050    i.fun0              oled_task.o
    0x080040a8   0x080040a8   0x00000020   Code   RO         5051    i.fun1              oled_task.o
    0x080040c8   0x080040c8   0x00000040   Code   RO         5052    i.fun10             oled_task.o
    0x08004108   0x08004108   0x0000006c   Code   RO         5053    i.fun11             oled_task.o
    0x08004174   0x08004174   0x00000014   Code   RO         5054    i.fun12             oled_task.o
    0x08004188   0x08004188   0x0000002c   Code   RO         5055    i.fun13             oled_task.o
    0x080041b4   0x080041b4   0x00000034   Code   RO         5056    i.fun14             oled_task.o
    0x080041e8   0x080041e8   0x0000002c   Code   RO         5057    i.fun15             oled_task.o
    0x08004214   0x08004214   0x0000002c   Code   RO         5058    i.fun16             oled_task.o
    0x08004240   0x08004240   0x00000070   Code   RO         5059    i.fun17             oled_task.o
    0x080042b0   0x080042b0   0x00000074   Code   RO         5060    i.fun18             oled_task.o
    0x08004324   0x08004324   0x00000110   Code   RO         5061    i.fun19             oled_task.o
    0x08004434   0x08004434   0x00000020   Code   RO         5062    i.fun2              oled_task.o
    0x08004454   0x08004454   0x00000058   Code   RO         5063    i.fun20             oled_task.o
    0x080044ac   0x080044ac   0x00000020   Code   RO         5064    i.fun4              oled_task.o
    0x080044cc   0x080044cc   0x0000003c   Code   RO         5065    i.fun5              oled_task.o
    0x08004508   0x08004508   0x0000002c   Code   RO         5066    i.fun6              oled_task.o
    0x08004534   0x08004534   0x00000020   Code   RO         5067    i.fun7              oled_task.o
    0x08004554   0x08004554   0x00000020   Code   RO         5068    i.fun8              oled_task.o
    0x08004574   0x08004574   0x00000014   Code   RO         5069    i.fun9              oled_task.o
    0x08004588   0x08004588   0x00000018   Code   RO          638    i.get_Motor_3508_Point  can_receive.o
    0x080045a0   0x080045a0   0x00000008   Code   RO          730    i.get_RC_DATD       rc.o
    0x080045a8   0x080045a8   0x00000048   Code   RO         4986    i.m3508_Init        motor_task.o
    0x080045f0   0x080045f0   0x000000c8   Code   RO         4987    i.m3508_Update      motor_task.o
    0x080046b8   0x080046b8   0x0000000c   Code   RO            1    i.main              main.o
    0x080046c4   0x080046c4   0x000004fc   Code   RO         5070    i.mcufeedbackDisplay  oled_task.o
    0x08004bc0   0x08004bc0   0x00000016   Code   RO          440    i.oled_pow          oled.o
    0x08004bd6   0x08004bd6   0x00000002   PAD
    0x08004bd8   0x08004bd8   0x00000098   Code   RO         4365    i.prvAddCurrentTaskToDelayedList  tasks.o
    0x08004c70   0x08004c70   0x000000b8   Code   RO         4366    i.prvAddNewTaskToReadyList  tasks.o
    0x08004d28   0x08004d28   0x00000064   Code   RO         4725    i.prvCheckForValidListAndQueue  timers.o
    0x08004d8c   0x08004d8c   0x00000064   Code   RO         4367    i.prvCheckTasksWaitingTermination  tasks.o
    0x08004df0   0x08004df0   0x0000002a   Code   RO         4132    i.prvCopyDataFromQueue  queue.o
    0x08004e1a   0x08004e1a   0x0000007c   Code   RO         4133    i.prvCopyDataToQueue  queue.o
    0x08004e96   0x08004e96   0x00000012   Code   RO         4368    i.prvDeleteTCB      tasks.o
    0x08004ea8   0x08004ea8   0x00000028   Code   RO         4726    i.prvGetNextExpireTime  timers.o
    0x08004ed0   0x08004ed0   0x0000007c   Code   RO         4858    i.prvHeapInit       heap_4.o
    0x08004f4c   0x08004f4c   0x00000028   Code   RO         4369    i.prvIdleTask       tasks.o
    0x08004f74   0x08004f74   0x0000002e   Code   RO         4135    i.prvInitialiseNewQueue  queue.o
    0x08004fa2   0x08004fa2   0x00000002   PAD
    0x08004fa4   0x08004fa4   0x000000d0   Code   RO         4370    i.prvInitialiseNewTask  tasks.o
    0x08005074   0x08005074   0x00000068   Code   RO         4371    i.prvInitialiseTaskLists  tasks.o
    0x080050dc   0x080050dc   0x00000068   Code   RO         4859    i.prvInsertBlockIntoFreeList  heap_4.o
    0x08005144   0x08005144   0x00000058   Code   RO         4728    i.prvInsertTimerInActiveList  timers.o
    0x0800519c   0x0800519c   0x0000001a   Code   RO         4136    i.prvIsQueueEmpty   queue.o
    0x080051b6   0x080051b6   0x0000001e   Code   RO         4137    i.prvIsQueueFull    queue.o
    0x080051d4   0x080051d4   0x000000a0   Code   RO         4138    i.prvNotifyQueueSetContainer  queue.o
    0x08005274   0x08005274   0x00000080   Code   RO         4729    i.prvProcessExpiredTimer  timers.o
    0x080052f4   0x080052f4   0x0000012c   Code   RO         4730    i.prvProcessReceivedCommands  timers.o
    0x08005420   0x08005420   0x00000074   Code   RO         4731    i.prvProcessTimerOrBlockTask  timers.o
    0x08005494   0x08005494   0x00000034   Code   RO         4373    i.prvResetNextTaskUnblockTime  tasks.o
    0x080054c8   0x080054c8   0x0000002c   Code   RO         4732    i.prvSampleTimeNow  timers.o
    0x080054f4   0x080054f4   0x000000bc   Code   RO         4733    i.prvSwitchTimerLists  timers.o
    0x080055b0   0x080055b0   0x00000070   Code   RO         4908    i.prvTaskExitError  port.o
    0x08005620   0x08005620   0x0000001a   Code   RO         4734    i.prvTimerTask      timers.o
    0x0800563a   0x0800563a   0x00000092   Code   RO         4139    i.prvUnlockQueue    queue.o
    0x080056cc   0x080056cc   0x00000154   Code   RO         4860    i.pvPortMalloc      heap_4.o
    0x08005820   0x08005820   0x00000020   Code   RO         4377    i.pvTaskIncrementMutexHeldCount  tasks.o
    0x08005840   0x08005840   0x00000024   Code   RO         4909    i.pxPortInitialiseStack  port.o
    0x08005864   0x08005864   0x00000124   Code   RO          863    i.uart1_init        usart.o
    0x08005988   0x08005988   0x00000220   Code   RO         5071    i.usart_display     oled_task.o
    0x08005ba8   0x08005ba8   0x00000028   Code   RO         4086    i.uxListRemove      list.o
    0x08005bd0   0x08005bd0   0x0000001a   Code   RO         4087    i.vListInitialise   list.o
    0x08005bea   0x08005bea   0x00000006   Code   RO         4088    i.vListInitialiseItem  list.o
    0x08005bf0   0x08005bf0   0x00000034   Code   RO         4089    i.vListInsert       list.o
    0x08005c24   0x08005c24   0x00000018   Code   RO         4090    i.vListInsertEnd    list.o
    0x08005c3c   0x08005c3c   0x00000088   Code   RO         4911    i.vPortEnterCritical  port.o
    0x08005cc4   0x08005cc4   0x00000070   Code   RO         4912    i.vPortExitCritical  port.o
    0x08005d34   0x08005d34   0x000000b8   Code   RO         4861    i.vPortFree         heap_4.o
    0x08005dec   0x08005dec   0x00000020   Code   RO         4913    i.vPortSetupTimerInterrupt  port.o
    0x08005e0c   0x08005e0c   0x000000a0   Code   RO         4914    i.vPortValidateInterruptPriority  port.o
    0x08005eac   0x08005eac   0x0000002c   Code   RO         4145    i.vQueueAddToRegistry  queue.o
    0x08005ed8   0x08005ed8   0x0000004a   Code   RO         4149    i.vQueueWaitForMessageRestricted  queue.o
    0x08005f22   0x08005f22   0x00000002   PAD
    0x08005f24   0x08005f24   0x00000074   Code   RO         4385    i.vTaskDelay        tasks.o
    0x08005f98   0x08005f98   0x0000010c   Code   RO         4387    i.vTaskDelete       tasks.o
    0x080060a4   0x080060a4   0x0000000c   Code   RO         4391    i.vTaskMissedYield  tasks.o
    0x080060b0   0x080060b0   0x00000054   Code   RO         4393    i.vTaskPlaceOnEventList  tasks.o
    0x08006104   0x08006104   0x0000005c   Code   RO         4394    i.vTaskPlaceOnEventListRestricted  tasks.o
    0x08006160   0x08006160   0x000000b0   Code   RO         4396    i.vTaskPriorityInherit  tasks.o
    0x08006210   0x08006210   0x0000004c   Code   RO         4400    i.vTaskSetTimeOutState  tasks.o
    0x0800625c   0x0800625c   0x000000ac   Code   RO         4401    i.vTaskStartScheduler  tasks.o
    0x08006308   0x08006308   0x00000010   Code   RO         4403    i.vTaskSuspendAll   tasks.o
    0x08006318   0x08006318   0x000000a8   Code   RO         4404    i.vTaskSwitchContext  tasks.o
    0x080063c0   0x080063c0   0x000000a0   Code   RO         4915    i.xPortStartScheduler  port.o
    0x08006460   0x08006460   0x00000034   Code   RO         4916    i.xPortSysTickHandler  port.o
    0x08006494   0x08006494   0x00000074   Code   RO         4154    i.xQueueGenericCreate  queue.o
    0x08006508   0x08006508   0x000001c8   Code   RO         4155    i.xQueueGenericReceive  queue.o
    0x080066d0   0x080066d0   0x000000b0   Code   RO         4156    i.xQueueGenericReset  queue.o
    0x08006780   0x08006780   0x000001c4   Code   RO         4157    i.xQueueGenericSend  queue.o
    0x08006944   0x08006944   0x00000110   Code   RO         4158    i.xQueueGenericSendFromISR  queue.o
    0x08006a54   0x08006a54   0x000000a0   Code   RO         4405    i.xTaskCheckForTimeOut  tasks.o
    0x08006af4   0x08006af4   0x00000060   Code   RO         4406    i.xTaskCreate       tasks.o
    0x08006b54   0x08006b54   0x00000020   Code   RO         4410    i.xTaskGetSchedulerState  tasks.o
    0x08006b74   0x08006b74   0x0000000c   Code   RO         4411    i.xTaskGetTickCount  tasks.o
    0x08006b80   0x08006b80   0x00000160   Code   RO         4413    i.xTaskIncrementTick  tasks.o
    0x08006ce0   0x08006ce0   0x000000d8   Code   RO         4416    i.xTaskPriorityDisinherit  tasks.o
    0x08006db8   0x08006db8   0x000000b4   Code   RO         4417    i.xTaskRemoveFromEventList  tasks.o
    0x08006e6c   0x08006e6c   0x00000120   Code   RO         4419    i.xTaskResumeAll    tasks.o
    0x08006f8c   0x08006f8c   0x00000074   Code   RO         4738    i.xTimerCreateTimerTask  timers.o
    0x08007000   0x08007000   0x000000a4   Code   RO         4739    i.xTimerGenericCommand  timers.o
    0x080070a4   0x080070a4   0x0000000c   Data   RO         4989    .constdata          motor_task.o
    0x080070b0   0x080070b0   0x00000020   Data   RO         5673    Region$$Table       anon$$obj.o


    Execution Region ER_RW (Exec base: 0x20000000, Load base: 0x080070d0, Size: 0x000011dc, Max: 0xffffffff, ABSOLUTE, COMPRESSED[0x00000b64])

    Exec Addr    Load Addr    Size         Type   Attr      Idx    E Section Name        Object

    0x20000000   COMPRESSED   0x00000014   Data   RW          341    .data               system_stm32f10x.o
    0x20000014   COMPRESSED   0x00000dd1   Data   RW          442    .data               oled.o
    0x20000de5   COMPRESSED   0x00000001   Data   RW          589    .data               key.o
    0x20000de6   COMPRESSED   0x00000001   Data   RW          640    .data               can_receive.o
    0x20000de7   COMPRESSED   0x00000001   PAD
    0x20000de8   COMPRESSED   0x00000009   Data   RW          680    .data               remote.o
    0x20000df1   COMPRESSED   0x00000001   PAD
    0x20000df2   COMPRESSED   0x00000004   Data   RW          732    .data               rc.o
    0x20000df6   COMPRESSED   0x00000004   Data   RW          764    .data               delay.o
    0x20000dfa   COMPRESSED   0x00000002   PAD
    0x20000dfc   COMPRESSED   0x00000008   Data   RW          866    .data               usart.o
    0x20000e04   COMPRESSED   0x00000014   Data   RW         1139    .data               stm32f10x_rcc.o
    0x20000e18   COMPRESSED   0x0000003c   Data   RW         4422    .data               tasks.o
    0x20000e54   COMPRESSED   0x00000014   Data   RW         4747    .data               timers.o
    0x20000e68   COMPRESSED   0x00000018   Data   RW         4866    .data               heap_4.o
    0x20000e80   COMPRESSED   0x0000000c   Data   RW         4917    .data               port.o
    0x20000e8c   COMPRESSED   0x00000340   Data   RW         5073    .data               oled_task.o
    0x200011cc   COMPRESSED   0x00000010   Data   RW         5273    .data               start_task.o


    Execution Region ER_ZI (Exec base: 0x200011dc, Load base: 0x08007c34, Size: 0x00003dc4, Max: 0xffffffff, ABSOLUTE)

    Exec Addr    Load Addr    Size         Type   Attr      Idx    E Section Name        Object

    0x200011dc        -       0x00000128   Zero   RW          639    .bss                can_receive.o
    0x20001304        -       0x00000028   Zero   RW          731    .bss                rc.o
    0x2000132c        -       0x000000ec   Zero   RW          865    .bss                usart.o
    0x20001418        -       0x00000040   Zero   RW         4169    .bss                queue.o
    0x20001458        -       0x000002e4   Zero   RW         4421    .bss                tasks.o
    0x2000173c        -       0x00000028   Zero   RW         4746    .bss                timers.o
    0x20001764        -       0x00003000   Zero   RW         4865    .bss                heap_4.o
    0x20004764        -       0x000003e0   Zero   RW         4988    .bss                motor_task.o
    0x20004b44        -       0x00000058   Zero   RW         5072    .bss                oled_task.o
    0x20004b9c   0x08007c34   0x00000004   PAD
    0x20004ba0        -       0x00000400   Zero   RW          926    STACK               startup_stm32f10x_md.o


==============================================================================

Image component sizes


      Code (inc. data)   RO Data    RW Data    ZI Data      Debug   Object Name

       256         10          0          0          0       1032   can.o
       592         40          0          1        296       5184   can_receive.o
       244         26          0          4          0       4525   delay.o
         0          0          0          0          0      14956   event_groups.o
       752        176          0         24      12288       3851   heap_4.o
       252         18          0          1          0       1206   key.o
         0          0          0          0          0     211688   led.o
       148          0          0          0          0       8162   list.o
        12          0          0          0          0     228031   main.o
       172         22          0          0          0       2109   misc.o
       416         46         12          0        992       4512   motor_task.o
      1210         58          0       3537          0      10225   oled.o
      7764        746          0        832         88      24884   oled_task.o
       406          0          0          0          0       1822   pid.o
       950        320          0         12          0      10297   port.o
       136         10          0          0          0        744   pwm.o
      2164        238          0          0         64      12893   queue.o
       378         34          0          4         40       3045   rc.o
       408         24          0          9          0       1034   remote.o
       244         90          0         16          0       1832   start_task.o
        36          8        236          0       1024        796   startup_stm32f10x_md.o
      1454         14          0          0          0       6478   stm32f10x_can.o
       424          8          0          0          0       4047   stm32f10x_dma.o
       448          6          0          0          0       4574   stm32f10x_gpio.o
        20          0          0          0          0      55985   stm32f10x_it.o
       308         38          0         20          0       5086   stm32f10x_rcc.o
       440         62          0          0          0       6649   stm32f10x_tim.o
       464          6          0          0          0       6884   stm32f10x_usart.o
         0          0          0          0          0         32   sys.o
       328         28          0         20          0       2157   system_stm32f10x.o
      3406        878          0         60        740      28587   tasks.o
      1310        312          0         20         40      11271   timers.o
       384         32          0          8        236       4663   usart.o

    ----------------------------------------------------------------------
     25558       3250        280       4572      15812     689241   Object Totals
         0          0         32          0          0          0   (incl. Generated)
        32          0          0          4          4          0   (incl. Padding)

    ----------------------------------------------------------------------

      Code (inc. data)   RO Data    RW Data    ZI Data      Debug   Library Member Name

        86          0          0          0          0          0   __dczerorl2.o
         0          0          0          0          0          0   entry.o
         0          0          0          0          0          0   entry10a.o
         0          0          0          0          0          0   entry11a.o
         8          4          0          0          0          0   entry2.o
         4          0          0          0          0          0   entry5.o
         0          0          0          0          0          0   entry7b.o
         0          0          0          0          0          0   entry8b.o
         8          4          0          0          0          0   entry9a.o
        30          0          0          0          0          0   handlers.o
        36          8          0          0          0         68   init.o
         0          0          0          0          0          0   iusefp.o
        30          0          0          0          0         68   llshl.o
        36          0          0          0          0         68   llsshr.o
        32          0          0          0          0         68   llushr.o
        36          0          0          0          0         68   memcpya.o
        36          0          0          0          0        108   memseta.o
       786         62          0          0          0        336   printf5.o
        98          0          0          0          0         92   uldiv.o
        20          0          0          0          0         68   cfcmple.o
        20          0          0          0          0         68   cfrcmple.o
       334          0          0          0          0        148   dadd.o
       222          0          0          0          0        100   ddiv.o
       186          0          0          0          0        176   depilogue.o
        62          0          0          0          0         80   dfixi.o
        50          0          0          0          0         76   dfixui.o
        34          0          0          0          0         76   dflti.o
        26          0          0          0          0         76   dfltui.o
       228          0          0          0          0         96   dmul.o
       176          0          0          0          0        140   fadd.o
       124          0          0          0          0         88   fdiv.o
       110          0          0          0          0        168   fepilogue.o
        50          0          0          0          0         68   ffixi.o
        40          0          0          0          0         68   ffixui.o
        18          0          0          0          0         68   fflti.o
        10          0          0          0          0         68   ffltui.o
       100          0          0          0          0         76   fmul.o

    ----------------------------------------------------------------------
      3042         78          0          0          0       2584   Library Totals
         6          0          0          0          0          0   (incl. Padding)

    ----------------------------------------------------------------------

      Code (inc. data)   RO Data    RW Data    ZI Data      Debug   Library Name

      1226         78          0          0          0        876   mc_w.l
      1810          0          0          0          0       1708   mf_w.l

    ----------------------------------------------------------------------
      3042         78          0          0          0       2584   Library Totals

    ----------------------------------------------------------------------

==============================================================================


      Code (inc. data)   RO Data    RW Data    ZI Data      Debug   

     28600       3328        280       4572      15812     680357   Grand Totals
     28600       3328        280       2916      15812     680357   ELF Image Totals (compressed)
     28600       3328        280       2916          0          0   ROM Totals

==============================================================================

    Total RO  Size (Code + RO Data)                28880 (  28.20kB)
    Total RW  Size (RW Data + ZI Data)             20384 (  19.91kB)
    Total ROM Size (Code + RO Data + RW Data)      31796 (  31.05kB)

==============================================================================

