Component: ARM Compiler 5.06 update 6 (build 750) Tool: armlink [4d35ed]

==============================================================================

Section Cross References

    main.o(i.main) refers to start_task.o(i.BSP_Init) for BSP_Init
    main.o(i.main) refers to delay.o(i.delay_ms) for delay_ms
    main.o(i.main) refers to start_task.o(i.startTask) for startTask
    system_stm32f4xx.o(i.SystemCoreClockUpdate) refers to system_stm32f4xx.o(.data) for SystemCoreClock
    system_stm32f4xx.o(i.SystemInit) refers to system_stm32f4xx.o(i.SetSysClock) for SetSysClock
    led.o(i.LASER_Init) refers to stm32f4xx_rcc.o(i.RCC_AHB1PeriphClockCmd) for RCC_AHB1PeriphClockCmd
    led.o(i.LASER_Init) refers to stm32f4xx_gpio.o(i.GPIO_Init) for GPIO_Init
    led.o(i.LASER_Init) refers to stm32f4xx_gpio.o(i.GPIO_SetBits) for GPIO_SetBits
    led.o(i.LED_Init) refers to stm32f4xx_rcc.o(i.RCC_AHB1PeriphClockCmd) for RCC_AHB1PeriphClockCmd
    led.o(i.LED_Init) refers to stm32f4xx_gpio.o(i.GPIO_Init) for GPIO_Init
    led.o(i.LED_Init) refers to stm32f4xx_gpio.o(i.GPIO_ResetBits) for GPIO_ResetBits
    rc.o(i.RC_Init) refers to stm32f4xx_rcc.o(i.RCC_AHB1PeriphClockCmd) for RCC_AHB1PeriphClockCmd
    rc.o(i.RC_Init) refers to stm32f4xx_rcc.o(i.RCC_APB1PeriphClockCmd) for RCC_APB1PeriphClockCmd
    rc.o(i.RC_Init) refers to stm32f4xx_rcc.o(i.RCC_APB1PeriphResetCmd) for RCC_APB1PeriphResetCmd
    rc.o(i.RC_Init) refers to stm32f4xx_gpio.o(i.GPIO_PinAFConfig) for GPIO_PinAFConfig
    rc.o(i.RC_Init) refers to stm32f4xx_gpio.o(i.GPIO_Init) for GPIO_Init
    rc.o(i.RC_Init) refers to stm32f4xx_usart.o(i.USART_DeInit) for USART_DeInit
    rc.o(i.RC_Init) refers to stm32f4xx_usart.o(i.USART_Init) for USART_Init
    rc.o(i.RC_Init) refers to stm32f4xx_usart.o(i.USART_DMACmd) for USART_DMACmd
    rc.o(i.RC_Init) refers to stm32f4xx_usart.o(i.USART_ClearFlag) for USART_ClearFlag
    rc.o(i.RC_Init) refers to stm32f4xx_usart.o(i.USART_ITConfig) for USART_ITConfig
    rc.o(i.RC_Init) refers to stm32f4xx_usart.o(i.USART_Cmd) for USART_Cmd
    rc.o(i.RC_Init) refers to misc.o(i.NVIC_Init) for NVIC_Init
    rc.o(i.RC_Init) refers to stm32f4xx_dma.o(i.DMA_DeInit) for DMA_DeInit
    rc.o(i.RC_Init) refers to stm32f4xx_dma.o(i.DMA_Init) for DMA_Init
    rc.o(i.RC_Init) refers to stm32f4xx_dma.o(i.DMA_DoubleBufferModeConfig) for DMA_DoubleBufferModeConfig
    rc.o(i.RC_Init) refers to stm32f4xx_dma.o(i.DMA_DoubleBufferModeCmd) for DMA_DoubleBufferModeCmd
    rc.o(i.RC_Init) refers to stm32f4xx_dma.o(i.DMA_Cmd) for DMA_Cmd
    rc.o(i.RC_restart) refers to stm32f4xx_usart.o(i.USART_Cmd) for USART_Cmd
    rc.o(i.RC_restart) refers to stm32f4xx_dma.o(i.DMA_Cmd) for DMA_Cmd
    rc.o(i.RC_restart) refers to stm32f4xx_dma.o(i.DMA_SetCurrDataCounter) for DMA_SetCurrDataCounter
    rc.o(i.RC_restart) refers to stm32f4xx_usart.o(i.USART_ClearFlag) for USART_ClearFlag
    rc.o(i.RC_restart) refers to stm32f4xx_dma.o(i.DMA_ClearFlag) for DMA_ClearFlag
    rc.o(i.RC_restart) refers to stm32f4xx_dma.o(i.DMA_ClearITPendingBit) for DMA_ClearITPendingBit
    rc.o(i.RC_unable) refers to stm32f4xx_usart.o(i.USART_Cmd) for USART_Cmd
    can.o(i.CAN1_mode_init) refers to stm32f4xx_rcc.o(i.RCC_AHB1PeriphClockCmd) for RCC_AHB1PeriphClockCmd
    can.o(i.CAN1_mode_init) refers to stm32f4xx_rcc.o(i.RCC_APB1PeriphClockCmd) for RCC_APB1PeriphClockCmd
    can.o(i.CAN1_mode_init) refers to stm32f4xx_rcc.o(i.RCC_APB1PeriphResetCmd) for RCC_APB1PeriphResetCmd
    can.o(i.CAN1_mode_init) refers to stm32f4xx_gpio.o(i.GPIO_Init) for GPIO_Init
    can.o(i.CAN1_mode_init) refers to stm32f4xx_gpio.o(i.GPIO_PinAFConfig) for GPIO_PinAFConfig
    can.o(i.CAN1_mode_init) refers to stm32f4xx_can.o(i.CAN_Init) for CAN_Init
    can.o(i.CAN1_mode_init) refers to stm32f4xx_can.o(i.CAN_FilterInit) for CAN_FilterInit
    can.o(i.CAN1_mode_init) refers to stm32f4xx_can.o(i.CAN_ITConfig) for CAN_ITConfig
    can.o(i.CAN1_mode_init) refers to misc.o(i.NVIC_Init) for NVIC_Init
    can.o(i.CAN2_mode_init) refers to stm32f4xx_rcc.o(i.RCC_AHB1PeriphClockCmd) for RCC_AHB1PeriphClockCmd
    can.o(i.CAN2_mode_init) refers to stm32f4xx_rcc.o(i.RCC_APB1PeriphClockCmd) for RCC_APB1PeriphClockCmd
    can.o(i.CAN2_mode_init) refers to stm32f4xx_rcc.o(i.RCC_APB1PeriphResetCmd) for RCC_APB1PeriphResetCmd
    can.o(i.CAN2_mode_init) refers to stm32f4xx_gpio.o(i.GPIO_Init) for GPIO_Init
    can.o(i.CAN2_mode_init) refers to stm32f4xx_gpio.o(i.GPIO_PinAFConfig) for GPIO_PinAFConfig
    can.o(i.CAN2_mode_init) refers to stm32f4xx_can.o(i.CAN_Init) for CAN_Init
    can.o(i.CAN2_mode_init) refers to stm32f4xx_can.o(i.CAN_FilterInit) for CAN_FilterInit
    can.o(i.CAN2_mode_init) refers to stm32f4xx_can.o(i.CAN_ITConfig) for CAN_ITConfig
    can.o(i.CAN2_mode_init) refers to misc.o(i.NVIC_Init) for NVIC_Init
    timer.o(i.TIM3_IRQHandler) refers to stm32f4xx_tim.o(i.TIM_GetITStatus) for TIM_GetITStatus
    timer.o(i.TIM3_IRQHandler) refers to oled.o(i.OLED_DClean) for OLED_DClean
[...]
    LASER_Init                               0x08003b7d   Thumb Code    56  led.o(i.LASER_Init)
    LED_Init                                 0x08003bb9   Thumb Code   116  led.o(i.LED_Init)
    Line_Draw                                0x08003c35   Thumb Code   148  rm_cilent_ui.o(i.Line_Draw)
    MemManage_Handler                        0x08003cc9   Thumb Code     4  stm32f4xx_it.o(i.MemManage_Handler)
    NMI_Handler                              0x08003ccd   Thumb Code     2  stm32f4xx_it.o(i.NMI_Handler)
    NVIC_Init                                0x08003cd1   Thumb Code   106  misc.o(i.NVIC_Init)
    NVIC_PriorityGroupConfig                 0x08003d49   Thumb Code    10  misc.o(i.NVIC_PriorityGroupConfig)
    OLED_DClean                              0x08003d5d   Thumb Code    20  oled.o(i.OLED_DClean)
    PID_Calc                                 0x08003d75   Thumb Code   492  pid.o(i.PID_Calc)
    PID_Init                                 0x08003f65   Thumb Code    92  pid.o(i.PID_Init)
    RAMP_float                               0x08003fc5   Thumb Code   116  ramp_control.o(i.RAMP_float)
    RCC_AHB1PeriphClockCmd                   0x0800403d   Thumb Code    26  stm32f4xx_rcc.o(i.RCC_AHB1PeriphClockCmd)
    RCC_APB1PeriphClockCmd                   0x0800405d   Thumb Code    26  stm32f4xx_rcc.o(i.RCC_APB1PeriphClockCmd)
    RCC_APB1PeriphResetCmd                   0x0800407d   Thumb Code    26  stm32f4xx_rcc.o(i.RCC_APB1PeriphResetCmd)
    RCC_APB2PeriphClockCmd                   0x0800409d   Thumb Code    26  stm32f4xx_rcc.o(i.RCC_APB2PeriphClockCmd)
    RCC_APB2PeriphResetCmd                   0x080040bd   Thumb Code    26  stm32f4xx_rcc.o(i.RCC_APB2PeriphResetCmd)
    RCC_GetClocksFreq                        0x080040dd   Thumb Code   214  stm32f4xx_rcc.o(i.RCC_GetClocksFreq)
    RC_Init                                  0x080041c5   Thumb Code   320  rc.o(i.RC_Init)
    RC_data_is_error                         0x080043d9   Thumb Code   146  remote_control.o(i.RC_data_is_error)
    RC_restart                               0x08004471   Thumb Code    70  rc.o(i.RC_restart)
    RampCalc                                 0x080044c9   Thumb Code    56  ramp_control.o(i.RampCalc)
    RampInit                                 0x08004501   Thumb Code     8  ramp_control.o(i.RampInit)
    RampResetCounter                         0x08004509   Thumb Code     6  ramp_control.o(i.RampResetCounter)
    RampSetScale                             0x0800450f   Thumb Code     4  ramp_control.o(i.RampSetScale)
    Super_power_ctrl                         0x08004781   Thumb Code    58  chassis_app.o(i.Super_power_ctrl)
    SysTick_CLKSourceConfig                  0x080047c1   Thumb Code    40  misc.o(i.SysTick_CLKSourceConfig)
    SysTick_Handler                          0x080047e9   Thumb Code    16  delay.o(i.SysTick_Handler)
    SystemInit                               0x080047f9   Thumb Code    88  system_stm32f4xx.o(i.SystemInit)
    TIM3_IRQHandler                          0x08004861   Thumb Code    46  timer.o(i.TIM3_IRQHandler)
    TIM3_Int_Init                            0x08004899   Thumb Code    88  timer.o(i.TIM3_Int_Init)
    TIM4_IRQHandler                          0x080048f5   Thumb Code    40  timer.o(i.TIM4_IRQHandler)
    TIM5_PWM_Init                            0x08004925   Thumb Code   154  timer.o(i.TIM5_PWM_Init)
    TIM_ARRPreloadConfig                     0x080049c9   Thumb Code    24  stm32f4xx_tim.o(i.TIM_ARRPreloadConfig)
    TIM_ClearITPendingBit                    0x080049e1   Thumb Code     6  stm32f4xx_tim.o(i.TIM_ClearITPendingBit)
    TIM_Cmd                                  0x080049e7   Thumb Code    24  stm32f4xx_tim.o(i.TIM_Cmd)
    TIM_GetITStatus                          0x080049ff   Thumb Code    34  stm32f4xx_tim.o(i.TIM_GetITStatus)
    TIM_ITConfig                             0x08004a21   Thumb Code    18  stm32f4xx_tim.o(i.TIM_ITConfig)
    TIM_OC1Init                              0x08004a35   Thumb Code   114  stm32f4xx_tim.o(i.TIM_OC1Init)
    TIM_OC1PreloadConfig                     0x08004ab1   Thumb Code    18  stm32f4xx_tim.o(i.TIM_OC1PreloadConfig)
    TIM_SetCompare1                          0x08004ac3   Thumb Code     4  stm32f4xx_tim.o(i.TIM_SetCompare1)
    TIM_TimeBaseInit                         0x08004ac9   Thumb Code   104  stm32f4xx_tim.o(i.TIM_TimeBaseInit)
    Tx2_task                                 0x08004b4d   Thumb Code   122  tx2_task.o(i.Tx2_task)
    UI_ReFresh                               0x08004bfd   Thumb Code   340  rm_cilent_ui.o(i.UI_ReFresh)
    UI_SendByte                              0x08004d5d   Thumb Code    28  rm_cilent_ui.o(i.UI_SendByte)
    USART1_IRQHandler                        0x08004d7d   Thumb Code    64  usart1.o(i.USART1_IRQHandler)
    USART2_IRQHandler                        0x08004dc5   Thumb Code   240  remote_control.o(i.USART2_IRQHandler)
    USART6_IRQHandler                        0x08004ecd   Thumb Code   316  usart6.o(i.USART6_IRQHandler)
    USART_ClearFlag                          0x0800501d   Thumb Code    18  stm32f4xx_usart.o(i.USART_ClearFlag)
    USART_ClearITPendingBit                  0x0800502f   Thumb Code    30  stm32f4xx_usart.o(i.USART_ClearITPendingBit)
    USART_ClockInit                          0x0800504d   Thumb Code    32  stm32f4xx_usart.o(i.USART_ClockInit)
    USART_ClockStructInit                    0x0800506d   Thumb Code    12  stm32f4xx_usart.o(i.USART_ClockStructInit)
    USART_Cmd                                0x08005079   Thumb Code    24  stm32f4xx_usart.o(i.USART_Cmd)
    USART_DMACmd                             0x08005091   Thumb Code    18  stm32f4xx_usart.o(i.USART_DMACmd)
    USART_DeInit                             0x080050a5   Thumb Code   206  stm32f4xx_usart.o(i.USART_DeInit)
    USART_GetFlagStatus                      0x08005195   Thumb Code    26  stm32f4xx_usart.o(i.USART_GetFlagStatus)
    USART_GetITStatus                        0x080051af   Thumb Code    84  stm32f4xx_usart.o(i.USART_GetITStatus)
    USART_ITConfig                           0x08005203   Thumb Code    74  stm32f4xx_usart.o(i.USART_ITConfig)
    USART_Init                               0x0800524d   Thumb Code   204  stm32f4xx_usart.o(i.USART_Init)
    USART_ReceiveData                        0x08005321   Thumb Code    10  stm32f4xx_usart.o(i.USART_ReceiveData)
    USART_SendData                           0x0800532b   Thumb Code     8  stm32f4xx_usart.o(i.USART_SendData)
    USART_StructInit                         0x08005333   Thumb Code    24  stm32f4xx_usart.o(i.USART_StructInit)
    UsageFault_Handler                       0x0800534b   Thumb Code     4  stm32f4xx_it.o(i.UsageFault_Handler)
    __0printf                                0x08005351   Thumb Code    22  printfa.o(i.__0printf)
    __1printf                                0x08005351   Thumb Code     0  printfa.o(i.__0printf)
    __2printf                                0x08005351   Thumb Code     0  printfa.o(i.__0printf)
    __c89printf                              0x08005351   Thumb Code     0  printfa.o(i.__0printf)
    printf                                   0x08005351   Thumb Code     0  printfa.o(i.__0printf)
    __0sprintf                               0x08005371   Thumb Code    34  printfa.o(i.__0sprintf)
    __1sprintf                               0x08005371   Thumb Code     0  printfa.o(i.__0sprintf)
    __2sprintf                               0x08005371   Thumb Code     0  printfa.o(i.__0sprintf)
    __c89sprintf                             0x08005371   Thumb Code     0  printfa.o(i.__0sprintf)
    sprintf                                  0x08005371   Thumb Code     0  printfa.o(i.__0sprintf)
    __hardfp_fabs                            0x08005399   Thumb Code    20  fabs.o(i.__hardfp_fabs)
    __scatterload_copy                       0x080053ad   Thumb Code    14  handlers.o(i.__scatterload_copy)
    __scatterload_null                       0x080053bb   Thumb Code     2  handlers.o(i.__scatterload_null)
    __scatterload_zeroinit                   0x080053bd   Thumb Code    14  handlers.o(i.__scatterload_zeroinit)
    abs_limit                                0x08005c89   Thumb Code    48  user_lib.o(i.abs_limit)
    chassis_task                             0x080065d9   Thumb Code   222  chassis_task.o(i.chassis_task)
    delay_init                               0x080066d5   Thumb Code    58  delay.o(i.delay_init)
    delay_ms                                 0x08006719   Thumb Code    60  delay.o(i.delay_ms)
    delay_us                                 0x08006759   Thumb Code    68  delay.o(i.delay_us)
    detect_task                              0x080067a1   Thumb Code   600  detect_task.o(i.detect_task)
    fp32_constrain                           0x08006a0d   Thumb Code    42  user_lib.o(i.fp32_constrain)
    fputc                                    0x08006a39   Thumb Code    22  usart1.o(i.fputc)
    getErrorListPoint                        0x08006ad1   Thumb Code     4  detect_task.o(i.getErrorListPoint)
    get_Chassis_Encoder_Measure_Point        0x08006ad9   Thumb Code    18  can_receive.o(i.get_Chassis_Encoder_Measure_Point)
    get_Chassis_Motor_Measure_Point          0x08006af1   Thumb Code    18  can_receive.o(i.get_Chassis_Motor_Measure_Point)
    get_Friction_Encoder_Measure_Point       0x08006b09   Thumb Code    18  can_receive.o(i.get_Friction_Encoder_Measure_Point)
    get_Friction_Motor_Measure_Point         0x08006b21   Thumb Code    18  can_receive.o(i.get_Friction_Motor_Measure_Point)
    get_Gyro_Angle_Point                     0x08006b39   Thumb Code     4  imutask.o(i.get_Gyro_Angle_Point)
    get_PC_Ctrl_Measure_Point                0x08006b41   Thumb Code     4  tx2_task.o(i.get_PC_Ctrl_Measure_Point)
    get_Pitch_Gimbal_Encoder_Measure_Point   0x08006b49   Thumb Code     4  can_receive.o(i.get_Pitch_Gimbal_Encoder_Measure_Point)
    get_Pitch_Gimbal_Motor_Measure_Point     0x08006b51   Thumb Code     4  can_receive.o(i.get_Pitch_Gimbal_Motor_Measure_Point)
    get_Trigger_Encoder_Measure_Point        0x08006b59   Thumb Code     4  can_receive.o(i.get_Trigger_Encoder_Measure_Point)
    get_Trigger_Motor_Measure_Point          0x08006b61   Thumb Code     4  can_receive.o(i.get_Trigger_Motor_Measure_Point)
    get_Yaw_Gimbal_Encoder_Measure_Point     0x08006b69   Thumb Code     4  can_receive.o(i.get_Yaw_Gimbal_Encoder_Measure_Point)
    get_Yaw_Gimbal_Motor_Measure_Point       0x08006b71   Thumb Code     4  can_receive.o(i.get_Yaw_Gimbal_Motor_Measure_Point)
    get_crc16_check_sum                      0x08006b79   Thumb Code    46  protocol.o(i.get_crc16_check_sum)
    get_crc8_check_sum                       0x08006bad   Thumb Code    32  protocol.o(i.get_crc8_check_sum)
    get_game_robot_state_t                   0x08006bd1   Thumb Code     4  get_judge_measure.o(i.get_game_robot_state_t)
    get_pitch_motor_point                    0x08006bd9   Thumb Code     4  gimbal_task.o(i.get_pitch_motor_point)
    get_power_heat_data_t                    0x08006be1   Thumb Code     4  get_judge_measure.o(i.get_power_heat_data_t)
    get_relative_pos                         0x08006be9   Thumb Code    58  gimbal_app.o(i.get_relative_pos)
    get_remote_control_point                 0x08006c25   Thumb Code     4  remote_control.o(i.get_remote_control_point)
    get_robot_hurt_t                         0x08006c2d   Thumb Code     4  get_judge_measure.o(i.get_robot_hurt_t)
    get_shoot_data_t                         0x08006c35   Thumb Code     4  get_judge_measure.o(i.get_shoot_data_t)
    get_yaw_motor_point                      0x08006c3d   Thumb Code     4  gimbal_task.o(i.get_yaw_motor_point)
    gimbal_absolute_angle_control            0x08006c45   Thumb Code   118  gimbal_app.o(i.gimbal_absolute_angle_control)
    gimbal_pid_reset                         0x080074e1   Thumb Code    60  gimbal_app.o(i.gimbal_pid_reset)
    gimbal_relative_angle_control            0x08007521   Thumb Code   138  gimbal_app.o(i.gimbal_relative_angle_control)
    int16_valimit                            0x08007bf9   Thumb Code    16  user_lib.o(i.int16_valimit)
    judgement_data_handler                   0x08007c09   Thumb Code   264  judgement_info.o(i.judgement_data_handler)
    kalman_filter_init                       0x08007d49   Thumb Code   224  kalman_filter.o(i.kalman_filter_init)
    main                                     0x08007e29   Thumb Code    20  main.o(i.main)
    mecanum_calc                             0x08007e3d   Thumb Code   656  chassis_app.o(i.mecanum_calc)
    pid_reset                                0x08008105   Thumb Code    46  pid.o(i.pid_reset)
    pvPortMalloc                             0x08008c49   Thumb Code   262  heap_4.o(i.pvPortMalloc)
    pvTaskIncrementMutexHeldCount            0x08008d9d   Thumb Code    26  tasks.o(i.pvTaskIncrementMutexHeldCount)
    pxPortInitialiseStack                    0x08008dbd   Thumb Code    38  port.o(i.pxPortInitialiseStack)
    remote_control_init                      0x08008de9   Thumb Code    16  remote_control.o(i.remote_control_init)
    shoot_task                               0x080097c9   Thumb Code    98  shoot_task.o(i.shoot_task)
    slove_data_error                         0x08009839   Thumb Code    10  remote_control.o(i.slove_data_error)
    startTask                                0x08009845   Thumb Code    28  start_task.o(i.startTask)
    start_task                               0x08009875   Thumb Code   194  start_task.o(i.start_task)
    toe_is_error                             0x080099e5   Thumb Code    20  detect_task.o(i.toe_is_error)
    ui_task                                  0x08009aed   Thumb Code  3330  ui_task.o(i.ui_task)
    uxListRemove                             0x0800a87d   Thumb Code    40  list.o(i.uxListRemove)
    uxTaskGetStackHighWaterMark              0x0800a8a5   Thumb Code    34  tasks.o(i.uxTaskGetStackHighWaterMark)
    vListInitialise                          0x0800a8cd   Thumb Code    26  list.o(i.vListInitialise)
    vListInitialiseItem                      0x0800a8e7   Thumb Code     6  list.o(i.vListInitialiseItem)
    vListInsert                              0x0800a8ed   Thumb Code    52  list.o(i.vListInsert)
    vListInsertEnd                           0x0800a921   Thumb Code    24  list.o(i.vListInsertEnd)
    vPortEnterCritical                       0x0800a939   Thumb Code    68  port.o(i.vPortEnterCritical)
    vPortExitCritical                        0x0800a9c1   Thumb Code    48  port.o(i.vPortExitCritical)
    vPortFree                                0x0800aa31   Thumb Code   120  heap_4.o(i.vPortFree)
    vPortSetupTimerInterrupt                 0x0800aae9   Thumb Code    26  port.o(i.vPortSetupTimerInterrupt)
    vPortValidateInterruptPriority           0x0800ab09   Thumb Code    86  port.o(i.vPortValidateInterruptPriority)
    vQueueAddToRegistry                      0x0800aba9   Thumb Code    38  queue.o(i.vQueueAddToRegistry)
    vQueueWaitForMessageRestricted           0x0800abd5   Thumb Code    74  queue.o(i.vQueueWaitForMessageRestricted)
    vTaskDelay                               0x0800ac21   Thumb Code    72  tasks.o(i.vTaskDelay)
    vTaskDelete                              0x0800ac95   Thumb Code   192  tasks.o(i.vTaskDelete)
    vTaskMissedYield                         0x0800ada1   Thumb Code     8  tasks.o(i.vTaskMissedYield)
    vTaskPlaceOnEventList                    0x0800adad   Thumb Code    42  tasks.o(i.vTaskPlaceOnEventList)
    vTaskPlaceOnEventListRestricted          0x0800ae01   Thumb Code    50  tasks.o(i.vTaskPlaceOnEventListRestricted)
    vTaskPriorityInherit                     0x0800ae5d   Thumb Code   164  tasks.o(i.vTaskPriorityInherit)
    vTaskSetTimeOutState                     0x0800af0d   Thumb Code    32  tasks.o(i.vTaskSetTimeOutState)
    vTaskStartScheduler                      0x0800af59   Thumb Code   108  tasks.o(i.vTaskStartScheduler)
    vTaskSuspendAll                          0x0800b005   Thumb Code    12  tasks.o(i.vTaskSuspendAll)
    vTaskSwitchContext                       0x0800b015   Thumb Code   110  tasks.o(i.vTaskSwitchContext)
    verify_crc16_check_sum                   0x0800b0bd   Thumb Code    60  protocol.o(i.verify_crc16_check_sum)
    verify_crc8_check_sum                    0x0800b0fd   Thumb Code    48  protocol.o(i.verify_crc8_check_sum)
    xPortStartScheduler                      0x0800b12d   Thumb Code   258  port.o(i.xPortStartScheduler)
    xPortSysTickHandler                      0x0800b289   Thumb Code    46  port.o(i.xPortSysTickHandler)
    xQueueGenericCreate                      0x0800b2bd   Thumb Code    78  queue.o(i.xQueueGenericCreate)
    xQueueGenericReceive                     0x0800b331   Thumb Code   416  queue.o(i.xQueueGenericReceive)
    xQueueGenericReset                       0x0800b4f9   Thumb Code   136  queue.o(i.xQueueGenericReset)
    xQueueGenericSend                        0x0800b5a9   Thumb Code   412  queue.o(i.xQueueGenericSend)
    xQueueGenericSendFromISR                 0x0800b76d   Thumb Code   234  queue.o(i.xQueueGenericSendFromISR)
    xTaskCheckForTimeOut                     0x0800b87d   Thumb Code   116  tasks.o(i.xTaskCheckForTimeOut)
    xTaskCreate                              0x0800b91d   Thumb Code    96  tasks.o(i.xTaskCreate)
    xTaskGetSchedulerState                   0x0800b97d   Thumb Code    24  tasks.o(i.xTaskGetSchedulerState)
    xTaskGetTickCount                        0x0800b99d   Thumb Code     6  tasks.o(i.xTaskGetTickCount)
    xTaskIncrementTick                       0x0800b9a9   Thumb Code   272  tasks.o(i.xTaskIncrementTick)
    xTaskPriorityDisinherit                  0x0800bb09   Thumb Code   168  tasks.o(i.xTaskPriorityDisinherit)
    xTaskRemoveFromEventList                 0x0800bbe1   Thumb Code   118  tasks.o(i.xTaskRemoveFromEventList)
    xTaskResumeAll                           0x0800bc95   Thumb Code   214  tasks.o(i.xTaskResumeAll)
    xTimerCreateTimerTask                    0x0800bdb5   Thumb Code    56  timers.o(i.xTimerCreateTimerTask)
    xTimerGenericCommand                     0x0800be29   Thumb Code   118  timers.o(i.xTimerGenericCommand)
    CRC8_INIT                                0x0800bf8c   Data           1  protocol.o(.constdata)
    CRC8_TAB                                 0x0800bf8d   Data         256  protocol.o(.constdata)
    wCRC_Table                               0x0800c08e   Data         512  protocol.o(.constdata)
    CRC8_INIT_UI                             0x0800c28e   Data           1  rm_cilent_ui.o(.constdata)
    CRC8_TAB_UI                              0x0800c28f   Data         256  rm_cilent_ui.o(.constdata)
    wCRC_Table_UI                            0x0800c390   Data         512  rm_cilent_ui.o(.constdata)
    sinTable_f32                             0x0800c590   Data        2052  arm_common_tables.o(.constdata)
    Region$$Table$$Base                      0x0800cd94   Number         0  anon$$obj.o(Region$$Table)
    Region$$Table$$Limit                     0x0800cdb4   Number         0  anon$$obj.o(Region$$Table)
    SystemCoreClock                          0x20000000   Data           4  system_stm32f4xx.o(.data)
    AHBPrescTable                            0x20000004   Data          16  system_stm32f4xx.o(.data)
    TIME_COUNT0                              0x20000014   Data           4  timer.o(.data)
    error_count1                             0x20000018   Data           4  timer.o(.data)
    UI_TASK_Handler                          0x20000040   Data           4  start_task.o(.data)
    INPUTMOD                                 0x20000044   Data           1  remote_control.o(.data)
    Q_Flag                                   0x20000045   Data           1  remote_control.o(.data)
    E_Flag                                   0x20000046   Data           1  remote_control.o(.data)
    F_Flag                                   0x20000047   Data           1  remote_control.o(.data)
    G_Flag                                   0x20000048   Data           1  remote_control.o(.data)
    V_Flag                                   0x20000049   Data           1  remote_control.o(.data)
    R_Flag                                   0x2000004a   Data           1  remote_control.o(.data)
    MOU_LEFT_F                               0x2000004b   Data           1  remote_control.o(.data)
    MOU_RIGH_F                               0x2000004c   Data           1  remote_control.o(.data)
    W_Flag                                   0x2000004d   Data           1  remote_control.o(.data)
    A_Flag                                   0x2000004e   Data           1  remote_control.o(.data)
    S_Flag                                   0x2000004f   Data           1  remote_control.o(.data)
    D_Flag                                   0x20000050   Data           1  remote_control.o(.data)
    Shift_Flag                               0x20000051   Data           1  remote_control.o(.data)
    Ctrl_Flag                                0x20000052   Data           1  remote_control.o(.data)
    Super_power                              0x20000056   Data           6  can_receive.o(.data)
    Can_Tx_Data                              0x2000005c   Data           6  can_receive.o(.data)
    re_yaw_absolute_angle                    0x20000068   Data           4  gimbal_task.o(.data)
    re_pitch_relative_angle                  0x2000006c   Data           4  gimbal_task.o(.data)
    Z_Flag                                   0x20000070   Data           1  gimbal_task.o(.data)
    X_Flag                                   0x20000071   Data           1  gimbal_task.o(.data)
    C_Flag                                   0x20000072   Data           1  gimbal_task.o(.data)
    Yaw_Can_Set_Current                      0x20000074   Data           2  gimbal_task.o(.data)
    Pitch_Can_Set_Current                    0x20000076   Data           2  gimbal_task.o(.data)
    YAW_ABS_CTRL                             0x20000078   Data           1  gimbal_task.o(.data)
    PITCH_ABS_CTRL                           0x20000079   Data           1  gimbal_task.o(.data)
    work_turn                                0x2000007a   Data           1  gimbal_task.o(.data)
    type_turn                                0x2000007b   Data           1  gimbal_task.o(.data)
    GimbalTaskStack                          0x2000007c   Data           4  gimbal_task.o(.data)
    RFlag_state                              0x20000080   Data           1  gimbal_task.o(.data)
    GFlag_state                              0x20000081   Data           1  gimbal_task.o(.data)
    ZFlag_state                              0x20000082   Data           1  gimbal_task.o(.data)
    XFlag_state                              0x20000083   Data           1  gimbal_task.o(.data)
    CFlag_state                              0x20000084   Data           1  gimbal_task.o(.data)
    MOU_RIGH_staste                          0x20000085   Data           1  gimbal_task.o(.data)
    yaw_kalman_filter_para                   0x20000088   Data         180  gimbal_task.o(.data)
    yaw_angle_p                              0x2000013c   Data           4  gimbal_task.o(.data)
    yaw_speed_p                              0x20000140   Data           4  gimbal_task.o(.data)
    p_angle_p                                0x20000144   Data           4  gimbal_task.o(.data)
    p_speed_p                                0x20000148   Data           4  gimbal_task.o(.data)
    P_angle_i                                0x2000014c   Data           4  gimbal_task.o(.data)
    mm                                       0x20000150   Data           1  gimbal_task.o(.data)
    pitch_rate                               0x20000154   Data           4  gimbal_task.o(.data)
    yaw_rate                                 0x20000158   Data           4  gimbal_task.o(.data)
    mmmm                                     0x2000015c   Data           4  gimbal_task.o(.data)
    Offline_time                             0x20000160   Data           4  gimbal_task.o(.data)
    yaw_kf_result                            0x20000164   Data           4  gimbal_task.o(.data)
    finnal_angle                             0x20000168   Data           4  gimbal_task.o(.data)
    t1                                       0x2000016c   Data           4  gimbal_task.o(.data)
    t2                                       0x20000170   Data           4  gimbal_task.o(.data)
    speed_limt                               0x20000174   Data           4  gimbal_task.o(.data)
    yaw_rate_speed                           0x20000178   Data           4  gimbal_task.o(.data)
    for_rate                                 0x2000017c   Data           4  gimbal_task.o(.data)
    yaw_buff_forecast_time                   0x20000180   Data           4  gimbal_task.o(.data)
    pitch_buff_forecast_time                 0x20000184   Data           4  gimbal_task.o(.data)
    yaw_bullet_kp                            0x20000188   Data           4  gimbal_task.o(.data)
    yaw_bullet_ki                            0x2000018c   Data           4  gimbal_task.o(.data)
    yaw_bullet_kd                            0x20000190   Data           4  gimbal_task.o(.data)
    pit_bullet_kp                            0x20000194   Data           4  gimbal_task.o(.data)
    pit_bullet_ki                            0x20000198   Data           4  gimbal_task.o(.data)
    pit_bullet_kd                            0x2000019c   Data           4  gimbal_task.o(.data)
    yaw_angle_KP                             0x200001a0   Data           8  gimbal_task.o(.data)
    yaw_angle_KI                             0x200001a8   Data           8  gimbal_task.o(.data)
    yaw_angle_KD                             0x200001b0   Data           8  gimbal_task.o(.data)
    yaw_speed_KP                             0x200001b8   Data           8  gimbal_task.o(.data)
    p_angle_KP                               0x200001c0   Data           8  gimbal_task.o(.data)
    p_angle_KI                               0x200001c8   Data           8  gimbal_task.o(.data)
    p_angle_KD                               0x200001d0   Data           8  gimbal_task.o(.data)
    p_speed_KP                               0x200001d8   Data           8  gimbal_task.o(.data)
    y_zm_anglep                              0x200001e0   Data           4  gimbal_task.o(.data)
    y_zm_anglei                              0x200001e4   Data           4  gimbal_task.o(.data)
    y_zm_angled                              0x200001e8   Data           4  gimbal_task.o(.data)
    y_zm_speedp                              0x200001ec   Data           4  gimbal_task.o(.data)
    p_zm_anglep                              0x200001f0   Data           4  gimbal_task.o(.data)
    p_zm_anglei                              0x200001f4   Data           4  gimbal_task.o(.data)
    p_zm_angled                              0x200001f8   Data           4  gimbal_task.o(.data)
    p_zm_speedP                              0x200001fc   Data           4  gimbal_task.o(.data)
    y_sf_anglep                              0x20000200   Data           4  gimbal_task.o(.data)
    y_sf_anglei                              0x20000204   Data           4  gimbal_task.o(.data)
    y_sf_angled                              0x20000208   Data           4  gimbal_task.o(.data)
    y_sf_speedp                              0x2000020c   Data           4  gimbal_task.o(.data)
    p_sf_anglep                              0x20000210   Data           4  gimbal_task.o(.data)
    p_sf_anglei                              0x20000214   Data           4  gimbal_task.o(.data)
    p_sf_angled                              0x20000218   Data           4  gimbal_task.o(.data)
    p_sf_speedP                              0x2000021c   Data           4  gimbal_task.o(.data)
    y_big_anglep                             0x20000220   Data           4  gimbal_task.o(.data)
    y_big_anglei                             0x20000224   Data           4  gimbal_task.o(.data)
    y_big_angled                             0x20000228   Data           4  gimbal_task.o(.data)
    y_big_speedp                             0x2000022c   Data           4  gimbal_task.o(.data)
    p_big_anglep                             0x20000230   Data           4  gimbal_task.o(.data)
    p_big_anglei                             0x20000234   Data           4  gimbal_task.o(.data)
    p_big_angled                             0x20000238   Data           4  gimbal_task.o(.data)
    p_big_speedP                             0x2000023c   Data           4  gimbal_task.o(.data)
    FFlag_state                              0x20000250   Data           1  chassis_task.o(.data)
    ChassisTaskStack                         0x20000254   Data           4  chassis_task.o(.data)
    follow_yaw_kp                            0x20000258   Data           4  chassis_task.o(.data)
    vz_t                                     0x2000025c   Data           4  chassis_task.o(.data)
    Rotation_rate                            0x20000260   Data           4  chassis_task.o(.data)
    vz_count                                 0x20000264   Data           4  chassis_task.o(.data)
    FIRE_RATE_15MS_SET                       0x20000268   Data           2  shoot_task.o(.data)
    FIRE_RATE_18MS_SET                       0x2000026a   Data           2  shoot_task.o(.data)
    FIRE_RATE_30MS_SET                       0x2000026c   Data           2  shoot_task.o(.data)
    multiple                                 0x20000270   Data           4  shoot_task.o(.data)
    TRI_SINGLE_SPEED_SET                     0x20000274   Data           4  shoot_task.o(.data)
    ShootTaskStack                           0x20000278   Data           4  shoot_task.o(.data)
    flag_shoot                               0x2000027c   Data           4  shoot_task.o(.data)
    last_Repeater_flag                       0x20000280   Data           1  shoot_task.o(.data)
    Repeater_flag                            0x20000281   Data           1  shoot_task.o(.data)
    loading_flag                             0x20000282   Data           1  shoot_task.o(.data)
    last_loading_flag                        0x20000283   Data           1  shoot_task.o(.data)
    sum1                                     0x20000284   Data           1  shoot_task.o(.data)
    sum2                                     0x20000285   Data           1  shoot_task.o(.data)
    last_bullet_speed                        0x20000288   Data           4  shoot_task.o(.data)
    angle_diff                               0x2000028c   Data           4  shoot_task.o(.data)
    Data_send                                0x2000029c   Data           8  tx2_task.o(.data)
    QFlag_state                              0x200002a4   Data           4  tx2_task.o(.data)
    last_QFlag_state                         0x200002a8   Data           4  tx2_task.o(.data)
    last_GFlag_state                         0x200002ac   Data           4  tx2_task.o(.data)
    TxTaskStack                              0x200002b0   Data           4  tx2_task.o(.data)
    sendTaskStack                            0x200002b4   Data           4  tx2_task.o(.data)
    Forecast_or_not                          0x200002b8   Data           1  tx2_task.o(.data)
    tim                                      0x200002bc   Data           4  tx2_task.o(.data)
    DetectTaskStack                          0x200002c0   Data           4  detect_task.o(.data)
    yaw_angle                                0x200002d4   Data           4  ui_task.o(.data)
    pitch_angle                              0x200002d8   Data           4  ui_task.o(.data)
    x1_ui                                    0x200002dc   Data           4  ui_task.o(.data)
    y1_ui                                    0x200002e0   Data           4  ui_task.o(.data)
    x0_ui                                    0x200002e4   Data           4  ui_task.o(.data)
    y0_ui                                    0x200002e8   Data           4  ui_task.o(.data)
    sin_ui                                   0x200002ec   Data           4  ui_task.o(.data)
    cos_ui                                   0x200002f0   Data           4  ui_task.o(.data)
    speed                                    0x200002f4   Data           4  ui_task.o(.data)
    superpower_x                             0x200002f8   Data           4  ui_task.o(.data)
    super_ratio                              0x200002fc   Data           4  ui_task.o(.data)
    UiTaskStack                              0x20000300   Data           4  ui_task.o(.data)
    Friction                                 0x20000304   Data           9  ui_task.o(.data)
    Spin                                     0x2000030d   Data           5  ui_task.o(.data)
    Auto_aim                                 0x20000312   Data           9  ui_task.o(.data)
    Shoot_buff                               0x2000031b   Data           5  ui_task.o(.data)
    Magazine                                 0x20000320   Data           9  ui_task.o(.data)
    Super_cap                                0x20000329   Data           5  ui_task.o(.data)
    VFlag_state                              0x2000032e   Data           1  ui_task.o(.data)
    Judge_Flag                               0x20000330   Data           8  judge_task.o(.data)
    judgeisTaskStack                         0x20000338   Data           4  judge_task.o(.data)
    GameResult                               0x2000033c   Data           1  judgement_info.o(.data)
    EventData                                0x2000033d   Data           4  judgement_info.o(.data)
    SupplyProjectileAction                   0x20000341   Data           4  judgement_info.o(.data)
    SupplyProjectileBooking                  0x20000345   Data           2  judgement_info.o(.data)
    BuffMusk                                 0x20000347   Data           1  judgement_info.o(.data)
    AerialRobotEnergy                        0x20000348   Data           1  judgement_info.o(.data)
    RobotHurt                                0x20000349   Data           1  judgement_info.o(.data)
    ShootData                                0x2000034a   Data           7  judgement_info.o(.data)
    Judge_Self_ID                            0x20000351   Data           1  judgement_info.o(.data)
    Judge_SelfClient_ID                      0x20000352   Data           2  judgement_info.o(.data)
    cmd_id                                   0x20000354   Data           2  judgement_info.o(.data)
    Color                                    0x20000356   Data           1  judgement_info.o(.data)
    Send_Color                               0x20000357   Data           1  judgement_info.o(.data)
    send_time                                0x20000358   Data           2  judgement_info.o(.data)
    CRC_INIT                                 0x2000035e   Data           2  protocol.o(.data)
    UI_Seq                                   0x20000360   Data           1  rm_cilent_ui.o(.data)
    Robot_ID                                 0x20000364   Data           4  rm_cilent_ui.o(.data)
    Cilent_ID                                0x20000368   Data           4  rm_cilent_ui.o(.data)
    CRC_INIT_UI                              0x2000036c   Data           2  rm_cilent_ui.o(.data)
    TxCOM1                                   0x20000374   Data           4  usart1.o(.data)
    RxCOM1                                   0x20000378   Data           4  usart1.o(.data)
    __stdout                                 0x2000037c   Data           4  usart1.o(.data)
    TxCOM6                                   0x20000380   Data           4  usart6.o(.data)
    RxCOM6                                   0x20000384   Data           4  usart6.o(.data)
    pxCurrentTCB                             0x2000039c   Data           4  tasks.o(.data)
    toatl_speed_err                          0x20000410   Data           4  chassis_app.o(.data)
    buffer_time                              0x20000414   Data           4  chassis_app.o(.data)
    uphill_ratio                             0x20000418   Data           4  chassis_app.o(.data)
    max_speed                                0x2000041c   Data           4  chassis_app.o(.data)
    max_limit_angle                          0x20000420   Data           4  chassis_app.o(.data)
    rc_ctrl                                  0x2000043c   Data          22  remote_control.o(.bss)
    motor_yaw                                0x2000049c   Data          20  can_receive.o(.bss)
    motor_pit                                0x200004b0   Data          20  can_receive.o(.bss)
    motor_trigger                            0x200004c4   Data          20  can_receive.o(.bss)
    motor_friction                           0x200004d8   Data          40  can_receive.o(.bss)
    motor_chassis                            0x20000500   Data          80  can_receive.o(.bss)
    Encoder_friction                         0x20000550   Data          80  can_receive.o(.bss)
    Encoder_chassis                          0x200005a0   Data         160  can_receive.o(.bss)
    Encoder_pit                              0x20000640   Data          40  can_receive.o(.bss)
    Encoder_yaw                              0x20000668   Data          40  can_receive.o(.bss)
    Encoder_trigger                          0x20000690   Data          40  can_receive.o(.bss)
    forecast_auxiliary_aim                   0x200006f4   Data          72  gimbal_task.o(.bss)
    forecast_auxiliary_buff                  0x2000073c   Data          72  gimbal_task.o(.bss)
    gimbal_control                           0x20000784   Data         536  gimbal_task.o(.bss)
    kalman_yaw                               0x2000099c   Data          48  gimbal_task.o(.bss)
    kalman_pitch                             0x200009cc   Data          48  gimbal_task.o(.bss)
    kalman_speed                             0x200009fc   Data          48  gimbal_task.o(.bss)
    KF_Mouse_X_Speed                         0x20000a2c   Data          48  gimbal_task.o(.bss)
    KF_Mouse_Y_Speed                         0x20000a5c   Data          48  gimbal_task.o(.bss)
    yaw_kalman_filter                        0x20000a8c   Data         124  gimbal_task.o(.bss)
    chassis_move                             0x20000b08   Data         600  chassis_task.o(.bss)
    chassis_WRamp                            0x20000d60   Data          36  chassis_task.o(.bss)
    chassis_ARamp                            0x20000d84   Data          36  chassis_task.o(.bss)
    chassis_SRamp                            0x20000da8   Data          36  chassis_task.o(.bss)
    chassis_DRamp                            0x20000dcc   Data          36  chassis_task.o(.bss)
    output                                   0x20000df0   Data          16  chassis_task.o(.bss)
    shoot_motor                              0x20000e00   Data         456  shoot_task.o(.bss)
    TX_vision_Mes                            0x20000fdc   Data          12  tx2_task.o(.bss)
    InterUpdate                              0x20000fe8   Data          28  tx2_task.o(.bss)
    le                                       0x20001004   Data          12  tx2_task.o(.bss)
    monitorList                              0x20001010   Data         468  detect_task.o(.bss)
    G5                                       0x200011e4   Data          15  ui_task.o(.bss)
    G8                                       0x200011f3   Data          15  ui_task.o(.bss)
    G10                                      0x20001202   Data          15  ui_task.o(.bss)
    G11                                      0x20001211   Data          15  ui_task.o(.bss)
    G12                                      0x20001220   Data          15  ui_task.o(.bss)
    G21                                      0x2000122f   Data          15  ui_task.o(.bss)
    G22                                      0x2000123e   Data          15  ui_task.o(.bss)
    G23                                      0x2000124d   Data          15  ui_task.o(.bss)
    G24                                      0x2000125c   Data          15  ui_task.o(.bss)
    G25                                      0x2000126b   Data          15  ui_task.o(.bss)
    G26                                      0x2000127a   Data          15  ui_task.o(.bss)
    G40                                      0x20001289   Data          15  ui_task.o(.bss)
    G41                                      0x20001298   Data          15  ui_task.o(.bss)
    G42                                      0x200012a7   Data          15  ui_task.o(.bss)
    G43                                      0x200012b6   Data          15  ui_task.o(.bss)
    G44                                      0x200012c5   Data          15  ui_task.o(.bss)
    G46                                      0x200012d4   Data          15  ui_task.o(.bss)
    G45                                      0x200012e3   Data          15  ui_task.o(.bss)
    G6                                       0x200012f2   Data          15  ui_task.o(.bss)
    ui                                       0x20001304   Data          28  ui_task.o(.bss)
    CH_FRICTION                              0x20001320   Data          45  ui_task.o(.bss)
    CH_GIMBAL                                0x2000134d   Data          45  ui_task.o(.bss)
    CH_BUFF                                  0x2000137a   Data          45  ui_task.o(.bss)
    CH_CHASSIC                               0x200013a7   Data          45  ui_task.o(.bss)
    CH_BULLET                                0x200013d4   Data          45  ui_task.o(.bss)
    SUPER                                    0x20001401   Data          45  ui_task.o(.bss)
    Judge_Buffer                             0x2000142e   Data         100  judge_task.o(.bss)
    GameState                                0x20001492   Data          11  judgement_info.o(.bss)
    GameRobotSurvivors                       0x2000149d   Data          32  judgement_info.o(.bss)
    GameRobotStat                            0x200014bd   Data          27  judgement_info.o(.bss)
    PowerHeatData                            0x200014d8   Data          16  judgement_info.o(.bss)
    GameRobotPos                             0x200014e8   Data          16  judgement_info.o(.bss)
    ShowData                                 0x200014f8   Data          28  judgement_info.o(.bss)
    CommuData                                0x20001514   Data          25  judgement_info.o(.bss)
    CliendTxBuffer                           0x2000152d   Data         200  judgement_info.o(.bss)
    TeammateTxBuffer                         0x200015f5   Data         200  judgement_info.o(.bss)
    fff                                      0x200016bd   Data          10  usart6.o(.bss)
    MPU9250_Real_Data                        0x20001704   Data          40  imutask.o(.bss)
    MPU6500_Offest_data                      0x20001754   Data          40  imutask.o(.bss)
    mpu6500_real_data                        0x2000177c   Data          16  imutask.o(.bss)
    Angular_Handler                          0x2000178c   Data          24  imutask.o(.bss)
    B                                        0x200017a4   Data          12  imutask.o(.bss)
    xQueueRegistry                           0x2000183c   Data          64  queue.o(.bss)
    chassis_move_e                           0x2001ab88   Data         600  chassis_app.o(.bss)
    out_speed_err                            0x2001ade0   Data          16  chassis_app.o(.bss)
    finaal_out                               0x2001adf0   Data          16  chassis_app.o(.bss)
    wheel_rpm                                0x2001ae00   Data          16  chassis_app.o(.bss)
    GRAM                                     0x2001ae10   Data         512  oled.o(.bss)
    __initial_sp                             0x2001b810   Data           0  startup_stm32f40_41xxx.o(STACK)



==============================================================================

Memory Map of the image

  Image Entry point : 0x08000189

  Load Region LR_IROM1 (Base: 0x08000000, Size: 0x0000d1f0, Max: 0x00100000, ABSOLUTE, COMPRESSED[0x0000ce8c])

    Execution Region ER_IROM1 (Exec base: 0x08000000, Load base: 0x08000000, Size: 0x0000cdb4, Max: 0x00100000, ABSOLUTE)

    Exec Addr    Load Addr    Size         Type   Attr      Idx    E Section Name        Object

    0x08000000   0x08000000   0x00000188   Data   RO         2951    RESET               startup_stm32f40_41xxx.o
    0x08000188   0x08000188   0x00000000   Code   RO         9817  * .ARM.Collect$$$$00000000  mc_w.l(entry.o)
    0x08000188   0x08000188   0x00000004   Code   RO        10158    .ARM.Collect$$$$00000001  mc_w.l(entry2.o)
    0x0800018c   0x0800018c   0x00000004   Code   RO        10161    .ARM.Collect$$$$00000004  mc_w.l(entry5.o)
    0x08000190   0x08000190   0x00000000   Code   RO        10163    .ARM.Collect$$$$00000008  mc_w.l(entry7b.o)
    0x08000190   0x08000190   0x00000000   Code   RO        10165    .ARM.Collect$$$$0000000A  mc_w.l(entry8b.o)
    0x08000190   0x08000190   0x00000008   Code   RO        10166    .ARM.Collect$$$$0000000B  mc_w.l(entry9a.o)
    0x08000198   0x08000198   0x00000000   Code   RO        10168    .ARM.Collect$$$$0000000D  mc_w.l(entry10a.o)
    0x08000198   0x08000198   0x00000000   Code   RO        10170    .ARM.Collect$$$$0000000F  mc_w.l(entry11a.o)
    0x08000198   0x08000198   0x00000004   Code   RO        10159    .ARM.Collect$$$$00002712  mc_w.l(entry2.o)
    0x0800019c   0x0800019c   0x000000b6   Code   RO         9079    .emb_text           port.o
    0x08000252   0x08000252   0x00000002   PAD
    0x08000254   0x08000254   0x00000024   Code   RO         2952    .text               startup_stm32f40_41xxx.o
    0x08000278   0x08000278   0x00000078   Code   RO         9449    .text               arm_cortexM4lf_math.lib(arm_cos_f32.o)
    0x080002f0   0x080002f0   0x00000074   Code   RO         9502    .text               arm_cortexM4lf_math.lib(arm_sin_f32.o)
    0x08000364   0x08000364   0x00000008   Code   RO         9550    .text               arm_cortexM4lf_math.lib(arm_mat_init_f32.o)
    0x0800036c   0x0800036c   0x00000114   Code   RO         9646    .text               arm_cortexM4lf_math.lib(arm_mat_trans_f32.o)
    0x08000480   0x08000480   0x00000024   Code   RO         9820    .text               mc_w.l(memcpya.o)
    0x080004a4   0x080004a4   0x00000024   Code   RO         9822    .text               mc_w.l(memseta.o)
    0x080004c8   0x080004c8   0x0000014e   Code   RO        10091    .text               mf_w.l(dadd.o)
    0x08000616   0x08000616   0x000000e4   Code   RO        10093    .text               mf_w.l(dmul.o)
    0x080006fa   0x080006fa   0x000000de   Code   RO        10095    .text               mf_w.l(ddiv.o)
    0x080007d8   0x080007d8   0x00000026   Code   RO        10103    .text               mf_w.l(f2d.o)
    0x080007fe   0x080007fe   0x00000002   PAD
    0x08000800   0x08000800   0x00000030   Code   RO        10105    .text               mf_w.l(cdcmple.o)
    0x08000830   0x08000830   0x00000030   Code   RO        10107    .text               mf_w.l(cdrcmple.o)
    0x08000860   0x08000860   0x00000038   Code   RO        10109    .text               mf_w.l(d2f.o)
    0x08000898   0x08000898   0x0000002c   Code   RO        10172    .text               mc_w.l(uidiv.o)
    0x080008c4   0x080008c4   0x00000062   Code   RO        10174    .text               mc_w.l(uldiv.o)
    0x08000926   0x08000926   0x0000001e   Code   RO        10176    .text               mc_w.l(llshl.o)
    0x08000944   0x08000944   0x00000024   Code   RO        10178    .text               mc_w.l(llsshr.o)
    0x08000968   0x08000968   0x00000000   Code   RO        10187    .text               mc_w.l(iusefp.o)
    0x08000968   0x08000968   0x0000006e   Code   RO        10188    .text               mf_w.l(fepilogue.o)
    0x080009d6   0x080009d6   0x000000ba   Code   RO        10190    .text               mf_w.l(depilogue.o)
    0x08000a90   0x08000a90   0x00000030   Code   RO        10194    .text               mf_w.l(dfixul.o)
    0x08000ac0   0x08000ac0   0x00000024   Code   RO        10196    .text               mc_w.l(init.o)
    0x08000ae4   0x08000ae4   0x00000020   Code   RO        10198    .text               mc_w.l(llushr.o)
    0x08000b04   0x08000b04   0x00000056   Code   RO        10210    .text               mc_w.l(__dczerorl2.o)
    0x08000b5a   0x08000b5a   0x00000016   Code   RO         3684    i.ADC_Cmd           stm32f4xx_adc.o
    0x08000b70   0x08000b70   0x00000030   Code   RO         3685    i.ADC_CommonInit    stm32f4xx_adc.o
    0x08000ba0   0x08000ba0   0x00000054   Code   RO         3704    i.ADC_Init          stm32f4xx_adc.o
    0x08000bf4   0x08000bf4   0x00000084   Code   RO          593    i.Adc_Init          adc.o
    0x08000c78   0x08000c78   0x0000006c   Code   RO          625    i.BSP_Init          start_task.o
    0x08000ce4   0x08000ce4   0x00000004   Code   RO          310    i.BusFault_Handler  stm32f4xx_it.o
    0x08000ce8   0x08000ce8   0x00000028   Code   RO          782    i.CAN1_RX0_IRQHandler  can_receive.o
    0x08000d10   0x08000d10   0x00000280   Code   RO          783    i.CAN1_hook         can_receive.o
    0x08000f90   0x08000f90   0x00000124   Code   RO          494    i.CAN1_mode_init    can.o
    0x080010b4   0x080010b4   0x00000028   Code   RO          784    i.CAN2_RX1_IRQHandler  can_receive.o
    0x080010dc   0x080010dc   0x0000022c   Code   RO          785    i.CAN2_hook         can_receive.o
    0x08001308   0x08001308   0x00000128   Code   RO          495    i.CAN2_mode_init    can.o
    0x08001430   0x08001430   0x00000064   Code   RO          786    i.CAN_CMD_CHASSIS   can_receive.o
    0x08001494   0x08001494   0x0000004c   Code   RO          788    i.CAN_CMD_GIMBAL    can_receive.o
    0x080014e0   0x080014e0   0x00000054   Code   RO          789    i.CAN_CMD_SUPERPOWER  can_receive.o
    0x08001534   0x08001534   0x00000058   Code   RO          790    i.CAN_CMD_Shoot     can_receive.o
    0x0800158c   0x0800158c   0x00000108   Code   RO         3926    i.CAN_FilterInit    stm32f4xx_can.o
    0x08001694   0x08001694   0x00000120   Code   RO         3928    i.CAN_GetITStatus   stm32f4xx_can.o
    0x080017b4   0x080017b4   0x00000012   Code   RO         3932    i.CAN_ITConfig      stm32f4xx_can.o
    0x080017c6   0x080017c6   0x00000114   Code   RO         3933    i.CAN_Init          stm32f4xx_can.o
    0x080018da   0x080018da   0x000000f0   Code   RO         3936    i.CAN_Receive       stm32f4xx_can.o
    0x080019ca   0x080019ca   0x00000126   Code   RO         3941    i.CAN_Transmit      stm32f4xx_can.o
    0x08001af0   0x08001af0   0x000000cc   Code   RO         1891    i.Char_Draw         rm_cilent_ui.o
    0x08001bbc   0x08001bbc   0x00000100   Code   RO         1892    i.Char_ReFresh      rm_cilent_ui.o
    0x08001cbc   0x08001cbc   0x000002e0   Code   RO         9221    i.Chassis_Power_Limit  chassis_app.o
    0x08001f9c   0x08001f9c   0x00000012   Code   RO         3944    i.CheckITStatus     stm32f4xx_can.o
    0x08001fae   0x08001fae   0x00000002   PAD
    0x08001fb0   0x08001fb0   0x00000034   Code   RO         4621    i.DMA_ClearFlag     stm32f4xx_dma.o
    0x08001fe4   0x08001fe4   0x00000034   Code   RO         4622    i.DMA_ClearITPendingBit  stm32f4xx_dma.o
    0x08002018   0x08002018   0x00000016   Code   RO         4623    i.DMA_Cmd           stm32f4xx_dma.o
    0x0800202e   0x0800202e   0x00000002   PAD
    0x08002030   0x08002030   0x00000158   Code   RO         4624    i.DMA_DeInit        stm32f4xx_dma.o
    0x08002188   0x08002188   0x00000016   Code   RO         4625    i.DMA_DoubleBufferModeCmd  stm32f4xx_dma.o
    0x0800219e   0x0800219e   0x00000018   Code   RO         4626    i.DMA_DoubleBufferModeConfig  stm32f4xx_dma.o
    0x080021b6   0x080021b6   0x00000008   Code   RO         4629    i.DMA_GetCurrDataCounter  stm32f4xx_dma.o
    0x080021be   0x080021be   0x00000014   Code   RO         4630    i.DMA_GetCurrentMemoryTarget  stm32f4xx_dma.o
    0x080021d2   0x080021d2   0x00000002   PAD
    0x080021d4   0x080021d4   0x00000058   Code   RO         4635    i.DMA_Init          stm32f4xx_dma.o
    0x0800222c   0x0800222c   0x00000004   Code   RO         4638    i.DMA_SetCurrDataCounter  stm32f4xx_dma.o
    0x08002230   0x08002230   0x00000022   Code   RO         4639    i.DMA_StructInit    stm32f4xx_dma.o
    0x08002252   0x08002252   0x00000002   Code   RO          311    i.DebugMon_Handler  stm32f4xx_it.o
    0x08002254   0x08002254   0x00000100   Code   RO         1445    i.DetectDisplay     detect_task.o
    0x08002354   0x08002354   0x00000124   Code   RO         1446    i.DetectHook        detect_task.o
    0x08002478   0x08002478   0x00000180   Code   RO         1447    i.DetectInit        detect_task.o
    0x080025f8   0x080025f8   0x000000ec   Code   RO         2051    i.Device_Usart1_ENABLE_Init  usart1.o
    0x080026e4   0x080026e4   0x000001fc   Code   RO         2099    i.Device_Usart6_ENABLE_Init  usart6.o
    0x080028e0   0x080028e0   0x0000008c   Code   RO          791    i.EncoderProcess3508  can_receive.o
    0x0800296c   0x0800296c   0x00000084   Code   RO          792    i.EncoderProcess6020  can_receive.o
    0x080029f0   0x080029f0   0x000000be   Code   RO          927    i.GIMBAL_Behaviour_update  gimbal_task.o
    0x08002aae   0x08002aae   0x00000002   PAD
    0x08002ab0   0x08002ab0   0x000002c0   Code   RO          928    i.GIMBAL_Feedback_Update  gimbal_task.o
    0x08002d70   0x08002d70   0x00000178   Code   RO          929    i.GIMBAL_Init       gimbal_task.o
    0x08002ee8   0x08002ee8   0x00000458   Code   RO          930    i.GIMBAL_Mode_Change_Control_Transit  gimbal_task.o
    0x08003340   0x08003340   0x00000298   Code   RO         9276    i.GIMBAL_PID_Calc   gimbal_app.o
    0x080035d8   0x080035d8   0x00000048   Code   RO         9277    i.GIMBAL_PID_Init   gimbal_app.o
    0x08003620   0x08003620   0x000000ac   Code   RO          931    i.GIMBAL_task       gimbal_task.o
    0x080036cc   0x080036cc   0x00000090   Code   RO         3003    i.GPIO_Init         stm32f4xx_gpio.o
    0x0800375c   0x0800375c   0x00000046   Code   RO         3004    i.GPIO_PinAFConfig  stm32f4xx_gpio.o
    0x080037a2   0x080037a2   0x00000004   Code   RO         3010    i.GPIO_ResetBits    stm32f4xx_gpio.o
    0x080037a6   0x080037a6   0x00000004   Code   RO         3011    i.GPIO_SetBits      stm32f4xx_gpio.o
    0x080037aa   0x080037aa   0x00000002   PAD
    0x080037ac   0x080037ac   0x00000034   Code   RO         1895    i.Get_CRC16_Check_Sum_UI  rm_cilent_ui.o
    0x080037e0   0x080037e0   0x00000024   Code   RO         1896    i.Get_CRC8_Check_Sum_UI  rm_cilent_ui.o
    0x08003804   0x08003804   0x00000038   Code   RO          312    i.HardFault_Handler  stm32f4xx_it.o
    0x0800383c   0x0800383c   0x0000008c   Code   RO         1505    i.ID_change         ui_task.o
    0x080038c8   0x080038c8   0x0000002c   Code   RO         1368    i.Interactive_data_update  tx2_task.o
    0x080038f4   0x080038f4   0x0000005c   Code   RO         1369    i.Interactive_task  tx2_task.o
    0x08003950   0x08003950   0x00000020   Code   RO         1665    i.Judge_DataVerify  judge_task.o
    0x08003970   0x08003970   0x00000144   Code   RO         1666    i.Judge_task        judge_task.o
    0x08003ab4   0x08003ab4   0x00000040   Code   RO         2706    i.KalmanCreate      kalman.o
    0x08003af4   0x08003af4   0x00000086   Code   RO         2707    i.KalmanFilter      kalman.o
    0x08003b7a   0x08003b7a   0x00000002   PAD
    0x08003b7c   0x08003b7c   0x0000003c   Code   RO          433    i.LASER_Init        led.o
    0x08003bb8   0x08003bb8   0x0000007c   Code   RO          434    i.LED_Init          led.o
    0x08003c34   0x08003c34   0x00000094   Code   RO         1897    i.Line_Draw         rm_cilent_ui.o
    0x08003cc8   0x08003cc8   0x00000004   Code   RO          313    i.MemManage_Handler  stm32f4xx_it.o
    0x08003ccc   0x08003ccc   0x00000002   Code   RO          314    i.NMI_Handler       stm32f4xx_it.o
    0x08003cce   0x08003cce   0x00000002   PAD
    0x08003cd0   0x08003cd0   0x00000078   Code   RO         2958    i.NVIC_Init         misc.o
    0x08003d48   0x08003d48   0x00000014   Code   RO         2959    i.NVIC_PriorityGroupConfig  misc.o
    0x08003d5c   0x08003d5c   0x00000018   Code   RO         9335    i.OLED_DClean       oled.o
    0x08003d74   0x08003d74   0x000001f0   Code   RO         2670    i.PID_Calc          pid.o
    0x08003f64   0x08003f64   0x00000060   Code   RO         2671    i.PID_Init          pid.o
    0x08003fc4   0x08003fc4   0x00000078   Code   RO         2755    i.RAMP_float        ramp_control.o
    0x0800403c   0x0800403c   0x00000020   Code   RO         3100    i.RCC_AHB1PeriphClockCmd  stm32f4xx_rcc.o
    0x0800405c   0x0800405c   0x00000020   Code   RO         3109    i.RCC_APB1PeriphClockCmd  stm32f4xx_rcc.o
    0x0800407c   0x0800407c   0x00000020   Code   RO         3111    i.RCC_APB1PeriphResetCmd  stm32f4xx_rcc.o
    0x0800409c   0x0800409c   0x00000020   Code   RO         3112    i.RCC_APB2PeriphClockCmd  stm32f4xx_rcc.o
    0x080040bc   0x080040bc   0x00000020   Code   RO         3114    i.RCC_APB2PeriphResetCmd  stm32f4xx_rcc.o
    0x080040dc   0x080040dc   0x000000e8   Code   RO         3121    i.RCC_GetClocksFreq  stm32f4xx_rcc.o
    0x080041c4   0x080041c4   0x00000150   Code   RO          459    i.RC_Init           rc.o
    0x08004314   0x08004314   0x000000b4   Code   RO          660    i.RC_MODE_CONTROL   remote_control.o
    0x080043c8   0x080043c8   0x00000010   Code   RO          661    i.RC_abs            remote_control.o
    0x080043d8   0x080043d8   0x00000098   Code   RO          663    i.RC_data_is_error  remote_control.o
    0x08004470   0x08004470   0x00000058   Code   RO          460    i.RC_restart        rc.o
    0x080044c8   0x080044c8   0x00000038   Code   RO         2757    i.RampCalc          ramp_control.o
    0x08004500   0x08004500   0x00000008   Code   RO         2760    i.RampInit          ramp_control.o
    0x08004508   0x08004508   0x00000006   Code   RO         2763    i.RampResetCounter  ramp_control.o
    0x0800450e   0x0800450e   0x00000004   Code   RO         2766    i.RampSetScale      ramp_control.o
    0x08004512   0x08004512   0x000000da   Code   RO          664    i.SBUS_TO_RC        remote_control.o
    0x080045ec   0x080045ec   0x0000003e   Code   RO         1372    i.Send_to_PC        tx2_task.o
    0x0800462a   0x0800462a   0x00000002   PAD
    0x0800462c   0x0800462c   0x000000ec   Code   RO          392    i.SetSysClock       system_stm32f4xx.o
    0x08004718   0x08004718   0x00000068   Code   RO         1289    i.Shoot_Feedback_Update  shoot_task.o
    0x08004780   0x08004780   0x00000040   Code   RO         9222    i.Super_power_ctrl  chassis_app.o
    0x080047c0   0x080047c0   0x00000028   Code   RO         2962    i.SysTick_CLKSourceConfig  misc.o
    0x080047e8   0x080047e8   0x00000010   Code   RO         1987    i.SysTick_Handler   delay.o
    0x080047f8   0x080047f8   0x00000068   Code   RO          394    i.SystemInit        system_stm32f4xx.o
    0x08004860   0x08004860   0x00000038   Code   RO          520    i.TIM3_IRQHandler   timer.o
    0x08004898   0x08004898   0x0000005c   Code   RO          521    i.TIM3_Int_Init     timer.o
    0x080048f4   0x080048f4   0x00000030   Code   RO          522    i.TIM4_IRQHandler   timer.o
    0x08004924   0x08004924   0x000000a4   Code   RO          524    i.TIM5_PWM_Init     timer.o
    0x080049c8   0x080049c8   0x00000018   Code   RO         7068    i.TIM_ARRPreloadConfig  stm32f4xx_tim.o
    0x080049e0   0x080049e0   0x00000006   Code   RO         7075    i.TIM_ClearITPendingBit  stm32f4xx_tim.o
    0x080049e6   0x080049e6   0x00000018   Code   RO         7080    i.TIM_Cmd           stm32f4xx_tim.o
    0x080049fe   0x080049fe   0x00000022   Code   RO         7101    i.TIM_GetITStatus   stm32f4xx_tim.o
    0x08004a20   0x08004a20   0x00000012   Code   RO         7105    i.TIM_ITConfig      stm32f4xx_tim.o
    0x08004a32   0x08004a32   0x00000002   PAD
    0x08004a34   0x08004a34   0x0000007c   Code   RO         7109    i.TIM_OC1Init       stm32f4xx_tim.o
    0x08004ab0   0x08004ab0   0x00000012   Code   RO         7112    i.TIM_OC1PreloadConfig  stm32f4xx_tim.o
    0x08004ac2   0x08004ac2   0x00000004   Code   RO         7142    i.TIM_SetCompare1   stm32f4xx_tim.o
    0x08004ac6   0x08004ac6   0x00000002   PAD
    0x08004ac8   0x08004ac8   0x00000084   Code   RO         7152    i.TIM_TimeBaseInit  stm32f4xx_tim.o
    0x08004b4c   0x08004b4c   0x00000090   Code   RO         1373    i.Tx2_task          tx2_task.o
    0x08004bdc   0x08004bdc   0x0000001e   Code   RO         1374    i.UART_PutChar      tx2_task.o
    0x08004bfa   0x08004bfa   0x00000002   PAD
    0x08004bfc   0x08004bfc   0x00000160   Code   RO         1900    i.UI_ReFresh        rm_cilent_ui.o
    0x08004d5c   0x08004d5c   0x00000020   Code   RO         1901    i.UI_SendByte       rm_cilent_ui.o
    0x08004d7c   0x08004d7c   0x00000048   Code   RO         2052    i.USART1_IRQHandler  usart1.o
    0x08004dc4   0x08004dc4   0x00000108   Code   RO          665    i.USART2_IRQHandler  remote_control.o
    0x08004ecc   0x08004ecc   0x00000150   Code   RO         2100    i.USART6_IRQHandler  usart6.o
    0x0800501c   0x0800501c   0x00000012   Code   RO         3490    i.USART_ClearFlag   stm32f4xx_usart.o
    0x0800502e   0x0800502e   0x0000001e   Code   RO         3491    i.USART_ClearITPendingBit  stm32f4xx_usart.o
    0x0800504c   0x0800504c   0x00000020   Code   RO         3492    i.USART_ClockInit   stm32f4xx_usart.o
    0x0800506c   0x0800506c   0x0000000c   Code   RO         3493    i.USART_ClockStructInit  stm32f4xx_usart.o
    0x08005078   0x08005078   0x00000018   Code   RO         3494    i.USART_Cmd         stm32f4xx_usart.o
    0x08005090   0x08005090   0x00000012   Code   RO         3495    i.USART_DMACmd      stm32f4xx_usart.o
    0x080050a2   0x080050a2   0x00000002   PAD
    0x080050a4   0x080050a4   0x000000f0   Code   RO         3496    i.USART_DeInit      stm32f4xx_usart.o
    0x08005194   0x08005194   0x0000001a   Code   RO         3497    i.USART_GetFlagStatus  stm32f4xx_usart.o
    0x080051ae   0x080051ae   0x00000054   Code   RO         3498    i.USART_GetITStatus  stm32f4xx_usart.o
    0x08005202   0x08005202   0x0000004a   Code   RO         3500    i.USART_ITConfig    stm32f4xx_usart.o
    0x0800524c   0x0800524c   0x000000d4   Code   RO         3501    i.USART_Init        stm32f4xx_usart.o
    0x08005320   0x08005320   0x0000000a   Code   RO         3508    i.USART_ReceiveData  stm32f4xx_usart.o
    0x0800532a   0x0800532a   0x00000008   Code   RO         3511    i.USART_SendData    stm32f4xx_usart.o
    0x08005332   0x08005332   0x00000018   Code   RO         3517    i.USART_StructInit  stm32f4xx_usart.o
    0x0800534a   0x0800534a   0x00000004   Code   RO          315    i.UsageFault_Handler  stm32f4xx_it.o
    0x0800534e   0x0800534e   0x00000002   PAD
    0x08005350   0x08005350   0x00000020   Code   RO        10063    i.__0printf         mc_w.l(printfa.o)
    0x08005370   0x08005370   0x00000028   Code   RO        10065    i.__0sprintf        mc_w.l(printfa.o)
    0x08005398   0x08005398   0x00000014   Code   RO         9787    i.__hardfp_fabs     m_wm.l(fabs.o)
    0x080053ac   0x080053ac   0x0000000e   Code   RO        10204    i.__scatterload_copy  mc_w.l(handlers.o)
    0x080053ba   0x080053ba   0x00000002   Code   RO        10205    i.__scatterload_null  mc_w.l(handlers.o)
    0x080053bc   0x080053bc   0x0000000e   Code   RO        10206    i.__scatterload_zeroinit  mc_w.l(handlers.o)
    0x080053ca   0x080053ca   0x00000002   PAD
    0x080053cc   0x080053cc   0x00000184   Code   RO        10070    i._fp_digits        mc_w.l(printfa.o)
    0x08005550   0x08005550   0x000006dc   Code   RO        10071    i._printf_core      mc_w.l(printfa.o)
    0x08005c2c   0x08005c2c   0x00000024   Code   RO        10072    i._printf_post_padding  mc_w.l(printfa.o)
    0x08005c50   0x08005c50   0x0000002e   Code   RO        10073    i._printf_pre_padding  mc_w.l(printfa.o)
    0x08005c7e   0x08005c7e   0x0000000a   Code   RO        10075    i._sputc            mc_w.l(printfa.o)
    0x08005c88   0x08005c88   0x00000030   Code   RO         2847    i.abs_limit         user_lib.o
    0x08005cb8   0x08005cb8   0x00000414   Code   RO         1191    i.chassis_Behaviour_update  chassis_task.o
    0x080060cc   0x080060cc   0x0000015c   Code   RO         1192    i.chassis_behaviour_mode_set  chassis_task.o
    0x08006228   0x08006228   0x000002dc   Code   RO         1193    i.chassis_feedback_update  chassis_task.o
    0x08006504   0x08006504   0x000000d4   Code   RO         1194    i.chassis_init      chassis_task.o
    0x080065d8   0x080065d8   0x000000fc   Code   RO         1195    i.chassis_task      chassis_task.o
    0x080066d4   0x080066d4   0x00000044   Code   RO         1988    i.delay_init        delay.o
    0x08006718   0x08006718   0x00000040   Code   RO         1989    i.delay_ms          delay.o
    0x08006758   0x08006758   0x00000048   Code   RO         1990    i.delay_us          delay.o
    0x080067a0   0x080067a0   0x0000026c   Code   RO         1448    i.detect_task       detect_task.o
    0x08006a0c   0x08006a0c   0x0000002a   Code   RO         2850    i.fp32_constrain    user_lib.o
    0x08006a36   0x08006a36   0x00000002   PAD
    0x08006a38   0x08006a38   0x0000001c   Code   RO         2054    i.fputc             usart1.o
    0x08006a54   0x08006a54   0x0000007c   Code   RO         1290    i.friction_shoot_control  shoot_task.o
    0x08006ad0   0x08006ad0   0x00000008   Code   RO         1449    i.getErrorListPoint  detect_task.o
    0x08006ad8   0x08006ad8   0x00000018   Code   RO          793    i.get_Chassis_Encoder_Measure_Point  can_receive.o
    0x08006af0   0x08006af0   0x00000018   Code   RO          794    i.get_Chassis_Motor_Measure_Point  can_receive.o
    0x08006b08   0x08006b08   0x00000018   Code   RO          795    i.get_Friction_Encoder_Measure_Point  can_receive.o
    0x08006b20   0x08006b20   0x00000018   Code   RO          796    i.get_Friction_Motor_Measure_Point  can_receive.o
    0x08006b38   0x08006b38   0x00000008   Code   RO         2476    i.get_Gyro_Angle_Point  imutask.o
    0x08006b40   0x08006b40   0x00000008   Code   RO         1375    i.get_PC_Ctrl_Measure_Point  tx2_task.o
    0x08006b48   0x08006b48   0x00000008   Code   RO          797    i.get_Pitch_Gimbal_Encoder_Measure_Point  can_receive.o
    0x08006b50   0x08006b50   0x00000008   Code   RO          798    i.get_Pitch_Gimbal_Motor_Measure_Point  can_receive.o
    0x08006b58   0x08006b58   0x00000008   Code   RO          799    i.get_Trigger_Encoder_Measure_Point  can_receive.o
    0x08006b60   0x08006b60   0x00000008   Code   RO          800    i.get_Trigger_Motor_Measure_Point  can_receive.o
    0x08006b68   0x08006b68   0x00000008   Code   RO          801    i.get_Yaw_Gimbal_Encoder_Measure_Point  can_receive.o
    0x08006b70   0x08006b70   0x00000008   Code   RO          802    i.get_Yaw_Gimbal_Motor_Measure_Point  can_receive.o
    0x08006b78   0x08006b78   0x00000034   Code   RO         1745    i.get_crc16_check_sum  protocol.o
    0x08006bac   0x08006bac   0x00000024   Code   RO         1746    i.get_crc8_check_sum  protocol.o
    0x08006bd0   0x08006bd0   0x00000008   Code   RO         1801    i.get_game_robot_state_t  get_judge_measure.o
    0x08006bd8   0x08006bd8   0x00000008   Code   RO          932    i.get_pitch_motor_point  gimbal_task.o
    0x08006be0   0x08006be0   0x00000008   Code   RO         1804    i.get_power_heat_data_t  get_judge_measure.o
    0x08006be8   0x08006be8   0x0000003a   Code   RO         9278    i.get_relative_pos  gimbal_app.o
    0x08006c22   0x08006c22   0x00000002   PAD
    0x08006c24   0x08006c24   0x00000008   Code   RO          666    i.get_remote_control_point  remote_control.o
    0x08006c2c   0x08006c2c   0x00000008   Code   RO         1806    i.get_robot_hurt_t  get_judge_measure.o
    0x08006c34   0x08006c34   0x00000008   Code   RO         1807    i.get_shoot_data_t  get_judge_measure.o
    0x08006c3c   0x08006c3c   0x00000008   Code   RO          933    i.get_yaw_motor_point  gimbal_task.o
    0x08006c44   0x08006c44   0x00000076   Code   RO         9279    i.gimbal_absolute_angle_control  gimbal_app.o
    0x08006cba   0x08006cba   0x00000002   PAD
    0x08006cbc   0x08006cbc   0x0000004c   Code   RO          934    i.gimbal_behaviour_init  gimbal_task.o
    0x08006d08   0x08006d08   0x0000015c   Code   RO          935    i.gimbal_behavour_set  gimbal_task.o
    0x08006e64   0x08006e64   0x000002b4   Code   RO          936    i.gimbal_big_buff   gimbal_task.o
    0x08007118   0x08007118   0x00000298   Code   RO          937    i.gimbal_keymouse_scan  gimbal_task.o
    0x080073b0   0x080073b0   0x00000130   Code   RO          939    i.gimbal_manual_control  gimbal_task.o
    0x080074e0   0x080074e0   0x00000040   Code   RO         9280    i.gimbal_pid_reset  gimbal_app.o
    0x08007520   0x08007520   0x0000008a   Code   RO         9281    i.gimbal_relative_angle_control  gimbal_app.o
    0x080075aa   0x080075aa   0x00000002   PAD
    0x080075ac   0x080075ac   0x000002ac   Code   RO          940    i.gimbal_shoot_buff  gimbal_task.o
    0x08007858   0x08007858   0x00000284   Code   RO          941    i.gimbal_track_armor  gimbal_task.o
    0x08007adc   0x08007adc   0x00000110   Code   RO          942    i.gimbal_turn_180   gimbal_task.o
    0x08007bec   0x08007bec   0x0000000c   Code   RO          943    i.gimbal_zero_force  gimbal_task.o
    0x08007bf8   0x08007bf8   0x00000010   Code   RO         2854    i.int16_valimit     user_lib.o
    0x08007c08   0x08007c08   0x00000140   Code   RO         1699    i.judgement_data_handler  judgement_info.o
    0x08007d48   0x08007d48   0x000000e0   Code   RO         2727    i.kalman_filter_init  kalman_filter.o
    0x08007e28   0x08007e28   0x00000014   Code   RO            3    i.main              main.o
    0x08007e3c   0x08007e3c   0x000002c8   Code   RO         9223    i.mecanum_calc      chassis_app.o
    0x08008104   0x08008104   0x00000034   Code   RO         2673    i.pid_reset         pid.o
    0x08008138   0x08008138   0x00000098   Code   RO         8184    i.prvAddCurrentTaskToDelayedList  tasks.o
    0x080081d0   0x080081d0   0x000000b8   Code   RO         8185    i.prvAddNewTaskToReadyList  tasks.o
    0x08008288   0x08008288   0x00000064   Code   RO         8558    i.prvCheckForValidListAndQueue  timers.o
    0x080082ec   0x080082ec   0x00000064   Code   RO         8186    i.prvCheckTasksWaitingTermination  tasks.o
    0x08008350   0x08008350   0x0000002a   Code   RO         7946    i.prvCopyDataFromQueue  queue.o
    0x0800837a   0x0800837a   0x0000007c   Code   RO         7947    i.prvCopyDataToQueue  queue.o
    0x080083f6   0x080083f6   0x00000012   Code   RO         8187    i.prvDeleteTCB      tasks.o
    0x08008408   0x08008408   0x00000028   Code   RO         8559    i.prvGetNextExpireTime  timers.o
    0x08008430   0x08008430   0x0000007c   Code   RO         9164    i.prvHeapInit       heap_4.o
    0x080084ac   0x080084ac   0x00000028   Code   RO         8188    i.prvIdleTask       tasks.o
    0x080084d4   0x080084d4   0x0000002e   Code   RO         7949    i.prvInitialiseNewQueue  queue.o
    0x08008502   0x08008502   0x00000002   PAD
    0x08008504   0x08008504   0x000000d0   Code   RO         8189    i.prvInitialiseNewTask  tasks.o
    0x080085d4   0x080085d4   0x00000068   Code   RO         8190    i.prvInitialiseTaskLists  tasks.o
    0x0800863c   0x0800863c   0x00000068   Code   RO         9165    i.prvInsertBlockIntoFreeList  heap_4.o
    0x080086a4   0x080086a4   0x00000058   Code   RO         8561    i.prvInsertTimerInActiveList  timers.o
    0x080086fc   0x080086fc   0x0000001a   Code   RO         7950    i.prvIsQueueEmpty   queue.o
    0x08008716   0x08008716   0x0000001e   Code   RO         7951    i.prvIsQueueFull    queue.o
    0x08008734   0x08008734   0x000000a0   Code   RO         7952    i.prvNotifyQueueSetContainer  queue.o
    0x080087d4   0x080087d4   0x00000080   Code   RO         8562    i.prvProcessExpiredTimer  timers.o
    0x08008854   0x08008854   0x0000012c   Code   RO         8563    i.prvProcessReceivedCommands  timers.o
    0x08008980   0x08008980   0x00000074   Code   RO         8564    i.prvProcessTimerOrBlockTask  timers.o
    0x080089f4   0x080089f4   0x00000034   Code   RO         8192    i.prvResetNextTaskUnblockTime  tasks.o
    0x08008a28   0x08008a28   0x0000002c   Code   RO         8565    i.prvSampleTimeNow  timers.o
    0x08008a54   0x08008a54   0x000000bc   Code   RO         8566    i.prvSwitchTimerLists  timers.o
    0x08008b10   0x08008b10   0x00000016   Code   RO         8193    i.prvTaskCheckFreeStackSpace  tasks.o
    0x08008b26   0x08008b26   0x00000002   PAD
    0x08008b28   0x08008b28   0x00000074   Code   RO         9080    i.prvTaskExitError  port.o
    0x08008b9c   0x08008b9c   0x0000001a   Code   RO         8567    i.prvTimerTask      timers.o
    0x08008bb6   0x08008bb6   0x00000092   Code   RO         7953    i.prvUnlockQueue    queue.o
    0x08008c48   0x08008c48   0x00000154   Code   RO         9166    i.pvPortMalloc      heap_4.o
    0x08008d9c   0x08008d9c   0x00000020   Code   RO         8196    i.pvTaskIncrementMutexHeldCount  tasks.o
    0x08008dbc   0x08008dbc   0x0000002c   Code   RO         9081    i.pxPortInitialiseStack  port.o
    0x08008de8   0x08008de8   0x00000014   Code   RO          667    i.remote_control_init  remote_control.o
    0x08008dfc   0x08008dfc   0x000000bc   Code   RO         1291    i.shoot_ctrl_limit  shoot_task.o
    0x08008eb8   0x08008eb8   0x00000090   Code   RO         1292    i.shoot_down_control  shoot_task.o
    0x08008f48   0x08008f48   0x0000013c   Code   RO         1293    i.shoot_init        shoot_task.o
    0x08009084   0x08009084   0x000000a8   Code   RO         1294    i.shoot_keymouse_control  shoot_task.o
    0x0800912c   0x0800912c   0x00000688   Code   RO         1295    i.shoot_mode_control  shoot_task.o
    0x080097b4   0x080097b4   0x00000012   Code   RO         1296    i.shoot_normal_control  shoot_task.o
    0x080097c6   0x080097c6   0x00000002   PAD
    0x080097c8   0x080097c8   0x00000070   Code   RO         1297    i.shoot_task        shoot_task.o
    0x08009838   0x08009838   0x0000000a   Code   RO          669    i.slove_data_error  remote_control.o
    0x08009842   0x08009842   0x00000002   PAD
    0x08009844   0x08009844   0x00000030   Code   RO          626    i.startTask         start_task.o
    0x08009874   0x08009874   0x00000170   Code   RO          627    i.start_task        start_task.o
    0x080099e4   0x080099e4   0x00000018   Code   RO         1450    i.toe_is_error      detect_task.o
    0x080099fc   0x080099fc   0x00000046   Code   RO         1298    i.trigger_angle_control  shoot_task.o
    0x08009a42   0x08009a42   0x0000002c   Code   RO         1299    i.trigger_speed_control  shoot_task.o
    0x08009a6e   0x08009a6e   0x00000002   PAD
    0x08009a70   0x08009a70   0x0000007c   Code   RO         1506    i.ui_data_update    ui_task.o
    0x08009aec   0x08009aec   0x00000d90   Code   RO         1507    i.ui_task           ui_task.o
    0x0800a87c   0x0800a87c   0x00000028   Code   RO         7892    i.uxListRemove      list.o
    0x0800a8a4   0x0800a8a4   0x00000028   Code   RO         8199    i.uxTaskGetStackHighWaterMark  tasks.o
    0x0800a8cc   0x0800a8cc   0x0000001a   Code   RO         7893    i.vListInitialise   list.o
    0x0800a8e6   0x0800a8e6   0x00000006   Code   RO         7894    i.vListInitialiseItem  list.o
    0x0800a8ec   0x0800a8ec   0x00000034   Code   RO         7895    i.vListInsert       list.o
    0x0800a920   0x0800a920   0x00000018   Code   RO         7896    i.vListInsertEnd    list.o
    0x0800a938   0x0800a938   0x00000088   Code   RO         9083    i.vPortEnterCritical  port.o
    0x0800a9c0   0x0800a9c0   0x00000070   Code   RO         9084    i.vPortExitCritical  port.o
    0x0800aa30   0x0800aa30   0x000000b8   Code   RO         9167    i.vPortFree         heap_4.o
    0x0800aae8   0x0800aae8   0x00000020   Code   RO         9085    i.vPortSetupTimerInterrupt  port.o
    0x0800ab08   0x0800ab08   0x000000a0   Code   RO         9086    i.vPortValidateInterruptPriority  port.o
    0x0800aba8   0x0800aba8   0x0000002c   Code   RO         7959    i.vQueueAddToRegistry  queue.o
    0x0800abd4   0x0800abd4   0x0000004a   Code   RO         7963    i.vQueueWaitForMessageRestricted  queue.o
    0x0800ac1e   0x0800ac1e   0x00000002   PAD
    0x0800ac20   0x0800ac20   0x00000074   Code   RO         8205    i.vTaskDelay        tasks.o
    0x0800ac94   0x0800ac94   0x0000010c   Code   RO         8207    i.vTaskDelete       tasks.o
    0x0800ada0   0x0800ada0   0x0000000c   Code   RO         8211    i.vTaskMissedYield  tasks.o
    0x0800adac   0x0800adac   0x00000054   Code   RO         8213    i.vTaskPlaceOnEventList  tasks.o
    0x0800ae00   0x0800ae00   0x0000005c   Code   RO         8214    i.vTaskPlaceOnEventListRestricted  tasks.o
    0x0800ae5c   0x0800ae5c   0x000000b0   Code   RO         8216    i.vTaskPriorityInherit  tasks.o
    0x0800af0c   0x0800af0c   0x0000004c   Code   RO         8220    i.vTaskSetTimeOutState  tasks.o
    0x0800af58   0x0800af58   0x000000ac   Code   RO         8221    i.vTaskStartScheduler  tasks.o
    0x0800b004   0x0800b004   0x00000010   Code   RO         8223    i.vTaskSuspendAll   tasks.o
    0x0800b014   0x0800b014   0x000000a8   Code   RO         8224    i.vTaskSwitchContext  tasks.o
    0x0800b0bc   0x0800b0bc   0x00000040   Code   RO         1747    i.verify_crc16_check_sum  protocol.o
    0x0800b0fc   0x0800b0fc   0x00000030   Code   RO         1748    i.verify_crc8_check_sum  protocol.o
    0x0800b12c   0x0800b12c   0x0000015c   Code   RO         9087    i.xPortStartScheduler  port.o
    0x0800b288   0x0800b288   0x00000034   Code   RO         9088    i.xPortSysTickHandler  port.o
    0x0800b2bc   0x0800b2bc   0x00000074   Code   RO         7968    i.xQueueGenericCreate  queue.o
    0x0800b330   0x0800b330   0x000001c8   Code   RO         7969    i.xQueueGenericReceive  queue.o
    0x0800b4f8   0x0800b4f8   0x000000b0   Code   RO         7970    i.xQueueGenericReset  queue.o
    0x0800b5a8   0x0800b5a8   0x000001c4   Code   RO         7971    i.xQueueGenericSend  queue.o
    0x0800b76c   0x0800b76c   0x00000110   Code   RO         7972    i.xQueueGenericSendFromISR  queue.o
    0x0800b87c   0x0800b87c   0x000000a0   Code   RO         8225    i.xTaskCheckForTimeOut  tasks.o
    0x0800b91c   0x0800b91c   0x00000060   Code   RO         8226    i.xTaskCreate       tasks.o
    0x0800b97c   0x0800b97c   0x00000020   Code   RO         8230    i.xTaskGetSchedulerState  tasks.o
    0x0800b99c   0x0800b99c   0x0000000c   Code   RO         8231    i.xTaskGetTickCount  tasks.o
    0x0800b9a8   0x0800b9a8   0x00000160   Code   RO         8233    i.xTaskIncrementTick  tasks.o
    0x0800bb08   0x0800bb08   0x000000d8   Code   RO         8236    i.xTaskPriorityDisinherit  tasks.o
    0x0800bbe0   0x0800bbe0   0x000000b4   Code   RO         8237    i.xTaskRemoveFromEventList  tasks.o
    0x0800bc94   0x0800bc94   0x00000120   Code   RO         8239    i.xTaskResumeAll    tasks.o
    0x0800bdb4   0x0800bdb4   0x00000074   Code   RO         8571    i.xTimerCreateTimerTask  timers.o
    0x0800be28   0x0800be28   0x000000a4   Code   RO         8572    i.xTimerGenericCommand  timers.o
    0x0800becc   0x0800becc   0x00000018   Data   RO          945    .constdata          gimbal_task.o
    0x0800bee4   0x0800bee4   0x00000024   Data   RO         1197    .constdata          chassis_task.o
    0x0800bf08   0x0800bf08   0x0000003c   Data   RO         1301    .constdata          shoot_task.o
    0x0800bf44   0x0800bf44   0x00000048   Data   RO         1452    .constdata          detect_task.o
    0x0800bf8c   0x0800bf8c   0x00000302   Data   RO         1749    .constdata          protocol.o
    0x0800c28e   0x0800c28e   0x00000302   Data   RO         1902    .constdata          rm_cilent_ui.o
    0x0800c590   0x0800c590   0x00000804   Data   RO         9726    .constdata          arm_cortexM4lf_math.lib(arm_common_tables.o)
    0x0800cd94   0x0800cd94   0x00000020   Data   RO        10202    Region$$Table       anon$$obj.o


    Execution Region RW_IRAM1 (Exec base: 0x20000000, Load base: 0x0800cdb4, Size: 0x0001b810, Max: 0x00020000, ABSOLUTE, COMPRESSED[0x000000d8])

    Exec Addr    Load Addr    Size         Type   Attr      Idx    E Section Name        Object

    0x20000000   COMPRESSED   0x00000014   Data   RW          395    .data               system_stm32f4xx.o
    0x20000014   COMPRESSED   0x00000008   Data   RW          525    .data               timer.o
    0x2000001c   COMPRESSED   0x00000028   Data   RW          628    .data               start_task.o
    0x20000044   COMPRESSED   0x00000012   Data   RW          671    .data               remote_control.o
    0x20000056   COMPRESSED   0x0000000e   Data   RW          804    .data               can_receive.o
    0x20000064   COMPRESSED   0x00000004   PAD
    0x20000068   COMPRESSED   0x000001e8   Data   RW          946    .data               gimbal_task.o
    0x20000250   COMPRESSED   0x00000018   Data   RW         1198    .data               chassis_task.o
    0x20000268   COMPRESSED   0x00000034   Data   RW         1302    .data               shoot_task.o
    0x2000029c   COMPRESSED   0x00000024   Data   RW         1377    .data               tx2_task.o
    0x200002c0   COMPRESSED   0x00000011   Data   RW         1453    .data               detect_task.o
    0x200002d1   COMPRESSED   0x00000003   PAD
    0x200002d4   COMPRESSED   0x0000005b   Data   RW         1509    .data               ui_task.o
    0x2000032f   COMPRESSED   0x00000001   PAD
    0x20000330   COMPRESSED   0x0000000c   Data   RW         1668    .data               judge_task.o
    0x2000033c   COMPRESSED   0x00000022   Data   RW         1701    .data               judgement_info.o
    0x2000035e   COMPRESSED   0x00000002   Data   RW         1750    .data               protocol.o
    0x20000360   COMPRESSED   0x0000000e   Data   RW         1903    .data               rm_cilent_ui.o
    0x2000036e   COMPRESSED   0x00000004   Data   RW         1992    .data               delay.o
    0x20000372   COMPRESSED   0x00000002   PAD
    0x20000374   COMPRESSED   0x0000000c   Data   RW         2055    .data               usart1.o
    0x20000380   COMPRESSED   0x0000000c   Data   RW         2102    .data               usart6.o
    0x2000038c   COMPRESSED   0x00000010   Data   RW         3153    .data               stm32f4xx_rcc.o
    0x2000039c   COMPRESSED   0x0000003c   Data   RW         8242    .data               tasks.o
    0x200003d8   COMPRESSED   0x00000014   Data   RW         8580    .data               timers.o
    0x200003ec   COMPRESSED   0x0000000c   Data   RW         9089    .data               port.o
    0x200003f8   COMPRESSED   0x00000018   Data   RW         9172    .data               heap_4.o
    0x20000410   COMPRESSED   0x0000002c   Data   RW         9225    .data               chassis_app.o
    0x2000043c        -       0x0000005e   Zero   RW          670    .bss                remote_control.o
    0x2000049a   COMPRESSED   0x00000002   PAD
    0x2000049c        -       0x00000258   Zero   RW          803    .bss                can_receive.o
    0x200006f4        -       0x00000414   Zero   RW          944    .bss                gimbal_task.o
    0x20000b08        -       0x000002f8   Zero   RW         1196    .bss                chassis_task.o
    0x20000e00        -       0x000001c8   Zero   RW         1300    .bss                shoot_task.o
    0x20000fc8        -       0x00000048   Zero   RW         1376    .bss                tx2_task.o
    0x20001010        -       0x000001d4   Zero   RW         1451    .bss                detect_task.o
    0x200011e4        -       0x0000024a   Zero   RW         1508    .bss                ui_task.o
    0x2000142e        -       0x00000064   Zero   RW         1667    .bss                judge_task.o
    0x20001492        -       0x0000022b   Zero   RW         1700    .bss                judgement_info.o
    0x200016bd        -       0x00000046   Zero   RW         2101    .bss                usart6.o
    0x20001703   COMPRESSED   0x00000001   PAD
    0x20001704        -       0x00000138   Zero   RW         2477    .bss                imutask.o
    0x2000183c        -       0x00000040   Zero   RW         7983    .bss                queue.o
    0x2000187c        -       0x000002e4   Zero   RW         8241    .bss                tasks.o
    0x20001b60        -       0x00000028   Zero   RW         8579    .bss                timers.o
    0x20001b88        -       0x00019000   Zero   RW         9171    .bss                heap_4.o
    0x2001ab88        -       0x00000288   Zero   RW         9224    .bss                chassis_app.o
    0x2001ae10        -       0x00000200   Zero   RW         9348    .bss                oled.o
    0x2001b010        -       0x00000800   Zero   RW         2949    STACK               startup_stm32f40_41xxx.o


==============================================================================

Image component sizes


      Code (inc. data)   RO Data    RW Data    ZI Data      Debug   Object Name

       132          8          0          0          0        735   adc.o
       588         24          0          0          0       2238   can.o
      2040        158          0         14        600      17628   can_receive.o
      1512        104          0         44        648       6427   chassis_app.o
      2588        208         36         24        760      16959   chassis_task.o
       220         18          0          4          0       2853   delay.o
      1584         78         72         17        468       5156   detect_task.o
         0          0          0          0          0      15180   event_groups.o
        32         16          0          0          0       3462   get_judge_measure.o
      1114         18          0          0          0       8132   gimbal_app.o
      6266        600         24        488       1044     286392   gimbal_task.o
       752        176          0         24     102400       4371   heap_4.o
         8          4          0          0        312       7365   imutask.o
       356         16          0         12        100       2379   judge_task.o
       320         64          0         34        555       3948   judgement_info.o
       198          6          0          0          0       1722   kalman.o
       224          0          0          0          0       1117   kalman_filter.o
       184         12          0          0          0       1232   led.o
       148          0          0          0          0       8850   list.o
        20          0          0          0          0     359700   main.o
       180         24          0          0          0       2337   misc.o
        24          4          0          0        512       1895   oled.o
       644         14          0          0          0       2714   pid.o
      1182        396          0         12          0      11665   port.o
       200         14        770          2          0       4065   protocol.o
      2164        238          0          0         64      14445   queue.o
       194          4          0          0          0       3633   ramp_control.o
       424         34          0          0          0       2019   rc.o
       868         52          0         18         94      46075   remote_control.o
      1080         42        770         14          0       8278   rm_cilent_ui.o
      2960        216         60         52        456      12570   shoot_task.o
       524        194          0         40          0       2470   start_task.o
        36          8        392          0       2048        888   startup_stm32f40_41xxx.o
       154         24          0          0          0       3190   stm32f4xx_adc.o
      1398         10          0          0          0       6290   stm32f4xx_can.o
       670         54          0          0          0       8709   stm32f4xx_dma.o
       222          0          0          0          0       3203   stm32f4xx_gpio.o
        72         10          0          0          0     258780   stm32f4xx_it.o
       392         48          0         16          0       6329   stm32f4xx_rcc.o
       384         38          0          0          0       6804   stm32f4xx_tim.o
       812         42          0          0          0      10724   stm32f4xx_usart.o
       340         32          0         20          0       2005   system_stm32f4xx.o
      3468        884          0         60        740      33033   tasks.o
       360         32          0          8          0       3127   timer.o
      1310        312          0         20         40      12575   timers.o
       380         54          0         36         72       6781   tx2_task.o
      3736        488          0         91        586      26351   ui_task.o
       336         30          0         12          0       4324   usart1.o
       844         50          0         12         70       3012   usart6.o
       106          0          0          0          0       3145   user_lib.o

    ----------------------------------------------------------------------
     43798       4858       2156       1084     111572    1267282   Object Totals
         0          0         32          0          0          0   (incl. Generated)
        48          0          0         10          3          0   (incl. Padding)

    ----------------------------------------------------------------------

      Code (inc. data)   RO Data    RW Data    ZI Data      Debug   Library Member Name

         0          0       2052          0          0       4636   arm_common_tables.o
       120         12          0          0          0      16970   arm_cos_f32.o
         8          0          0          0          0        843   arm_mat_init_f32.o
       276          0          0          0          0       1516   arm_mat_trans_f32.o
       116         12          0          0          0        658   arm_sin_f32.o
        20          0          0          0          0        124   fabs.o
        86          0          0          0          0          0   __dczerorl2.o
         0          0          0          0          0          0   entry.o
         0          0          0          0          0          0   entry10a.o
         0          0          0          0          0          0   entry11a.o
         8          4          0          0          0          0   entry2.o
         4          0          0          0          0          0   entry5.o
         0          0          0          0          0          0   entry7b.o
         0          0          0          0          0          0   entry8b.o
         8          4          0          0          0          0   entry9a.o
        30          0          0          0          0          0   handlers.o
        36          8          0          0          0         68   init.o
         0          0          0          0          0          0   iusefp.o
        30          0          0          0          0         68   llshl.o
        36          0          0          0          0         68   llsshr.o
        32          0          0          0          0         68   llushr.o
        36          0          0          0          0         68   memcpya.o
        36          0          0          0          0        108   memseta.o
      2308         96          0          0          0        604   printfa.o
        44          0          0          0          0         80   uidiv.o
        98          0          0          0          0         92   uldiv.o
        48          0          0          0          0         68   cdcmple.o
        48          0          0          0          0         68   cdrcmple.o
        56          0          0          0          0         88   d2f.o
       334          0          0          0          0        148   dadd.o
       222          0          0          0          0        100   ddiv.o
       186          0          0          0          0        176   depilogue.o
        48          0          0          0          0         68   dfixul.o
       228          0          0          0          0         96   dmul.o
        38          0          0          0          0         68   f2d.o
       110          0          0          0          0        168   fepilogue.o

    ----------------------------------------------------------------------
      4654        136       2052          0          0      27019   Library Totals
         4          0          0          0          0          0   (incl. Padding)

    ----------------------------------------------------------------------

      Code (inc. data)   RO Data    RW Data    ZI Data      Debug   Library Name

       520         24       2052          0          0      24623   arm_cortexM4lf_math.lib
        20          0          0          0          0        124   m_wm.l
      2792        112          0          0          0       1224   mc_w.l
      1318          0          0          0          0       1048   mf_w.l

    ----------------------------------------------------------------------
      4654        136       2052          0          0      27019   Library Totals

    ----------------------------------------------------------------------

==============================================================================


      Code (inc. data)   RO Data    RW Data    ZI Data      Debug   

     48452       4994       4208       1084     111572    1266641   Grand Totals
     48452       4994       4208        216     111572    1266641   ELF Image Totals (compressed)
     48452       4994       4208        216          0          0   ROM Totals

==============================================================================

    Total RO  Size (Code + RO Data)                52660 (  51.43kB)
    Total RW  Size (RW Data + ZI Data)            112656 ( 110.02kB)
    Total ROM Size (Code + RO Data + RW Data)      52876 (  51.64kB)

==============================================================================

